<html>
<body>
<pre>
<h1>µVision Build Log</h1>
<h2>Tool Versions:</h2>
IDE-Version: ¦ÌVision V5.21.1.0
Copyright (C) 2016 ARM Ltd and ARM Germany GmbH. All rights reserved.
License Information: a b, t, LIC=KRMUH-WL9JJ-LP7ZV-PR28F-N00QX-E0NUH
 
Tool Versions:
Toolchain:       MDK-ARM Plus  Version: 5.21a
Toolchain Path:  D:\Keil\ARM\ARMCC\Bin
C Compiler:      Armcc.exe V5.06 update 3 (build 300)
Assembler:       Armasm.exe V5.06 update 3 (build 300)
Linker/Locator:  ArmLink.exe V5.06 update 3 (build 300)
Library Manager: ArmAr.exe V5.06 update 3 (build 300)
Hex Converter:   FromElf.exe V5.06 update 3 (build 300)
CPU DLL:         SARMCM3.DLL V5.21a
Dialog DLL:      DCM.DLL V1.13.8.0
Target DLL:      STLink\ST-LINKIII-KEIL_SWO.dll V2.0.18.0
Dialog DLL:      TCM.DLL V1.14.14.0
 
<h2>Project:</h2>
E:\GreenBlessUs\test.uvprojx
Project File Date:  11/25/2017

<h2>Output:</h2>
*** Using Compiler 'V5.06 update 3 (build 300)', folder: 'D:\Keil\ARM\ARMCC\Bin'
Rebuild target 'Target 1'
compiling NVIC.c...
compiling USART.c...
compiling SysTick.c...
compiling main.c...
compiling stm32f10x_it.c...
compiling Motor.c...
compiling control.c...
compiling misc.c...
compiling stm32f10x_gpio.c...
compiling stm32f10x_i2c.c...
compiling JY61.c...
compiling stm32f10x_rcc.c...
compiling stm32f10x_usart.c...
assembling startup_stm32f10x_hd.s...
compiling stm32f10x_tim.c...
compiling system_stm32f10x.c...
linking...
Program Size: Code=14776 RO-data=784 RW-data=200 ZI-data=3368  
FromELF: creating hex file...
".\Objects\test.axf" - 0 Error(s), 0 Warning(s).

<h2>Software Packages used:</h2>

Package Vendor: ARM
                http://www.keil.com/pack/ARM.CMSIS.4.5.0.pack
                ARM::CMSIS:CORE:4.3.0
                CMSIS (Cortex Microcontroller Software Interface Standard)
   * Component: CORE Version: 4.3.0

Package Vendor: Keil
                http://www.keil.com/pack/Keil.STM32F1xx_DFP.2.2.0.pack
                Keil::Device:StdPeriph Drivers:I2C:3.5.0
                STMicroelectronics STM32F1 Series Device Support, Drivers and Examples
   * Component: I2C Version: 3.5.0
   * Component: RCC Version: 3.5.0
   * Component: USART Version: 3.5.0
   * Component: Framework Version: 3.5.1
   * Component: GPIO Version: 3.5.0
   * Component: TIM Version: 3.5.0
   * Component: Startup Version: 1.0.0

<h2>Collection of Component include folders:</h2>
  E:\GreenBlessUs\RTE
  E:\GreenBlessUs\RTE\Device\STM32F103RC
  D:\Keil\ARM\PACK\ARM\CMSIS\4.5.0\CMSIS\Include
  D:\Keil\ARM\PACK\Keil\STM32F1xx_DFP\2.2.0\Device\Include
  D:\Keil\ARM\PACK\Keil\STM32F1xx_DFP\2.2.0\Device\StdPeriph_Driver\inc

<h2>Collection of Component Files used:</h2>

   * Component: ARM::CMSIS:CORE:4.3.0

   * Component: Keil::Device:StdPeriph Drivers:I2C:3.5.0
      Source file:   Device\StdPeriph_Driver\src\stm32f10x_i2c.c
      Include file:  Device\StdPeriph_Driver\inc\stm32f10x_i2c.h

   * Component: Keil::Device:StdPeriph Drivers:RCC:3.5.0
      Source file:   Device\StdPeriph_Driver\src\stm32f10x_rcc.c
      Include file:  Device\StdPeriph_Driver\inc\stm32f10x_rcc.h

   * Component: Keil::Device:StdPeriph Drivers:USART:3.5.0
      Include file:  Device\StdPeriph_Driver\inc\stm32f10x_usart.h
      Source file:   Device\StdPeriph_Driver\src\stm32f10x_usart.c

   * Component: Keil::Device:StdPeriph Drivers:Framework:3.5.1
      Include file:  Device\StdPeriph_Driver\inc\misc.h
      Source file:   Device\StdPeriph_Driver\src\misc.c
      Include file:  Device\StdPeriph_Driver\templates\stm32f10x_it.h
      Source file:   Device\StdPeriph_Driver\templates\stm32f10x_conf.h
      Source file:   Device\StdPeriph_Driver\templates\stm32f10x_it.c

   * Component: Keil::Device:StdPeriph Drivers:GPIO:3.5.0
      Include file:  Device\StdPeriph_Driver\inc\stm32f10x_gpio.h
      Source file:   Device\StdPeriph_Driver\src\stm32f10x_gpio.c

   * Component: Keil::Device:StdPeriph Drivers:TIM:3.5.0
      Source file:   Device\StdPeriph_Driver\src\stm32f10x_tim.c
      Include file:  Device\StdPeriph_Driver\inc\stm32f10x_tim.h

   * Component: Keil::Device:Startup:1.0.0
      Source file:   Device\Source\ARM\STM32F1xx_OPT.s
      Source file:   Device\Source\ARM\startup_stm32f10x_hd.s
      Source file:   Device\Source\system_stm32f10x.c
      Include file:  RTE_Driver\Config\RTE_Device.h
Build Time Elapsed:  00:00:03
</pre>
</body>
</html>
