Component: ARM Compiler 5.06 update 3 (build 300) Tool: armlink [4d35c9]

==============================================================================

Section Cross References

    main.o(i.main) refers to stm32f10x_rcc.o(i.RCC_APB1PeriphClockCmd) for RCC_APB1PeriphClockCmd
    main.o(i.main) refers to stm32f10x_rcc.o(i.RCC_APB2PeriphClockCmd) for RCC_APB2PeriphClockCmd
    main.o(i.main) refers to motor.o(i.TIM8_PWM_Init) for TIM8_PWM_Init
    main.o(i.main) refers to systick.o(i.SysTick_Init) for SysTick_Init
    main.o(i.main) refers to usart.o(i.USART1_Config) for USART1_Config
    main.o(i.main) refers to motor.o(i.M_Init) for M_Init
    main.o(i.main) refers to control.o(i.Encoder_Init) for Encoder_Init
    main.o(i.main) refers to mpu6050.o(i.I2C_MPU6050_Init) for I2C_MPU6050_Init
    main.o(i.main) refers to mpu6050.o(i.InitMPU6050) for InitMPU6050
    main.o(i.main) refers to puts.o(i.puts) for puts
    main.o(i.main) refers to gyro.o(i.SetupAllPivot) for SetupAllPivot
    main.o(i.main) refers to control.o(i.TIM6_Init) for TIM6_Init
    main.o(i.main) refers to nvic.o(i.NVIC_Config) for NVIC_Config
    main.o(i.main) refers to systick.o(i.Delay_10us) for Delay_10us
    stm32f10x_it.o(i.SysTick_Handler) refers to systick.o(i.TimingCnt_Decrement) for TimingCnt_Decrement
    stm32f10x_it.o(i.TIM6_IRQHandler) refers to stm32f10x_tim.o(i.TIM_GetITStatus) for TIM_GetITStatus
    stm32f10x_it.o(i.TIM6_IRQHandler) refers to stm32f10x_tim.o(i.TIM_ClearITPendingBit) for TIM_ClearITPendingBit
    stm32f10x_it.o(i.TIM6_IRQHandler) refers to control.o(i.motorspeedread) for motorspeedread
    stm32f10x_it.o(i.TIM6_IRQHandler) refers to control.o(i.Encoder_Reset) for Encoder_Reset
    stm32f10x_it.o(i.TIM6_IRQHandler) refers to gyro.o(i.GetAllFromMPU) for GetAllFromMPU
    stm32f10x_it.o(i.TIM6_IRQHandler) refers to control.o(i.getSelfAngle) for getSelfAngle
    stm32f10x_it.o(i.TIM6_IRQHandler) refers to control.o(i.MotorControl) for MotorControl
    stm32f10x_it.o(i.USART1_IRQHandler) refers to stm32f10x_usart.o(i.USART_GetITStatus) for USART_GetITStatus
    stm32f10x_it.o(i.USART1_IRQHandler) refers to stm32f10x_usart.o(i.USART_ClearITPendingBit) for USART_ClearITPendingBit
    stm32f10x_it.o(i.USART1_IRQHandler) refers to stm32f10x_usart.o(i.USART_ReceiveData) for USART_ReceiveData
    stm32f10x_it.o(i.USART1_IRQHandler) refers to control.o(i.addNewPoint) for addNewPoint
    stm32f10x_it.o(i.USART1_IRQHandler) refers to putc.o(i.putc) for putc
    stm32f10x_it.o(i.USART1_IRQHandler) refers to usart.o(.data) for Rx2Counter
    stm32f10x_it.o(i.USART1_IRQHandler) refers to usart.o(.bss) for Rx2Buffer
    stm32f10x_it.o(i.USART1_IRQHandler) refers to control.o(.bss) for info
    stm32f10x_it.o(i.USART1_IRQHandler) refers to stdout.o(.data) for __stdout
    stm32f10x_it.o(i.USART4_IRQHandler) refers to stm32f10x_usart.o(i.USART_GetITStatus) for USART_GetITStatus
    stm32f10x_it.o(i.USART4_IRQHandler) refers to stm32f10x_usart.o(i.USART_ClearITPendingBit) for USART_ClearITPendingBit
    stm32f10x_it.o(i.USART4_IRQHandler) refers to stm32f10x_usart.o(i.USART_ReceiveData) for USART_ReceiveData
    stm32f10x_it.o(i.USART4_IRQHandler) refers to usart.o(.data) for Rx2Counter
    stm32f10x_it.o(i.USART4_IRQHandler) refers to usart.o(.bss) for Rx2Buffer
    systick.o(i.Delay_10us) refers to systick.o(.data) for TimingCnt
    systick.o(i.SysTick_Init) refers to system_stm32f10x.o(.data) for SystemCoreClock
    systick.o(i.TimingCnt_Decrement) refers to systick.o(.data) for TimingCnt
    usart.o(i.USART1_Config) refers to stm32f10x_gpio.o(i.GPIO_Init) for GPIO_Init
    usart.o(i.USART1_Config) refers to stm32f10x_usart.o(i.USART_Init) for USART_Init
    usart.o(i.USART1_Config) refers to stm32f10x_usart.o(i.USART_ITConfig) for USART_ITConfig
    usart.o(i.USART1_Config) refers to stm32f10x_usart.o(i.USART_Cmd) for USART_Cmd
    usart.o(i.fputc) refers to stm32f10x_usart.o(i.USART_SendData) for USART_SendData
    usart.o(i.fputc) refers to stm32f10x_usart.o(i.USART_GetFlagStatus) for USART_GetFlagStatus
    control.o(i.DecideMove) refers to dflti.o(.text) for __aeabi_i2d
    control.o(i.DecideMove) refers to sqrt.o(i.sqrt) for sqrt
    control.o(i.DecideMove) refers to dfixi.o(.text) for __aeabi_d2iz
    control.o(i.DecideMove) refers to cfcmple.o(.text) for __aeabi_cfcmple
    control.o(i.DecideMove) refers to fflti.o(.text) for __aeabi_i2f
    control.o(i.DecideMove) refers to f2d.o(.text) for __aeabi_f2d
    control.o(i.DecideMove) refers to cdrcmple.o(.text) for __aeabi_cdrcmple
    control.o(i.DecideMove) refers to control.o(.bss) for BallPointArr
    control.o(i.DecideMove) refers to control.o(.data) for currentIndex
    control.o(i.Encoder_Init) refers to stm32f10x_gpio.o(i.GPIO_Init) for GPIO_Init
    control.o(i.Encoder_Init) refers to stm32f10x_tim.o(i.TIM_TimeBaseInit) for TIM_TimeBaseInit
    control.o(i.Encoder_Init) refers to stm32f10x_tim.o(i.TIM_EncoderInterfaceConfig) for TIM_EncoderInterfaceConfig
[...]
    Removing stm32f10x_gpio.o(i.GPIO_PinLockConfig), (18 bytes).
    Removing stm32f10x_gpio.o(i.GPIO_PinRemapConfig), (144 bytes).
    Removing stm32f10x_gpio.o(i.GPIO_ReadInputData), (8 bytes).
    Removing stm32f10x_gpio.o(i.GPIO_ReadInputDataBit), (18 bytes).
    Removing stm32f10x_gpio.o(i.GPIO_ReadOutputData), (8 bytes).
    Removing stm32f10x_gpio.o(i.GPIO_ReadOutputDataBit), (18 bytes).
    Removing stm32f10x_gpio.o(i.GPIO_StructInit), (16 bytes).
    Removing stm32f10x_gpio.o(i.GPIO_Write), (4 bytes).
    Removing stm32f10x_gpio.o(i.GPIO_WriteBit), (10 bytes).
    Removing stm32f10x_i2c.o(.rev16_text), (4 bytes).
    Removing stm32f10x_i2c.o(.revsh_text), (4 bytes).
    Removing stm32f10x_i2c.o(.rrx_text), (6 bytes).
    Removing stm32f10x_i2c.o(i.I2C_ARPCmd), (24 bytes).
    Removing stm32f10x_i2c.o(i.I2C_CalculatePEC), (24 bytes).
    Removing stm32f10x_i2c.o(i.I2C_ClearFlag), (12 bytes).
    Removing stm32f10x_i2c.o(i.I2C_ClearITPendingBit), (12 bytes).
    Removing stm32f10x_i2c.o(i.I2C_DMACmd), (24 bytes).
    Removing stm32f10x_i2c.o(i.I2C_DMALastTransferCmd), (24 bytes).
    Removing stm32f10x_i2c.o(i.I2C_DeInit), (56 bytes).
    Removing stm32f10x_i2c.o(i.I2C_DualAddressCmd), (24 bytes).
    Removing stm32f10x_i2c.o(i.I2C_FastModeDutyCycleConfig), (28 bytes).
    Removing stm32f10x_i2c.o(i.I2C_GeneralCallCmd), (24 bytes).
    Removing stm32f10x_i2c.o(i.I2C_GetITStatus), (38 bytes).
    Removing stm32f10x_i2c.o(i.I2C_GetLastEvent), (26 bytes).
    Removing stm32f10x_i2c.o(i.I2C_GetPEC), (8 bytes).
    Removing stm32f10x_i2c.o(i.I2C_ITConfig), (18 bytes).
    Removing stm32f10x_i2c.o(i.I2C_NACKPositionConfig), (28 bytes).
    Removing stm32f10x_i2c.o(i.I2C_OwnAddress2Config), (22 bytes).
    Removing stm32f10x_i2c.o(i.I2C_PECPositionConfig), (28 bytes).
    Removing stm32f10x_i2c.o(i.I2C_ReadRegister), (22 bytes).
    Removing stm32f10x_i2c.o(i.I2C_SMBusAlertConfig), (28 bytes).
    Removing stm32f10x_i2c.o(i.I2C_SoftwareResetCmd), (22 bytes).
    Removing stm32f10x_i2c.o(i.I2C_StretchClockCmd), (24 bytes).
    Removing stm32f10x_i2c.o(i.I2C_StructInit), (30 bytes).
    Removing stm32f10x_i2c.o(i.I2C_TransmitPEC), (24 bytes).
    Removing stm32f10x_rcc.o(.rev16_text), (4 bytes).
    Removing stm32f10x_rcc.o(.revsh_text), (4 bytes).
    Removing stm32f10x_rcc.o(.rrx_text), (6 bytes).
    Removing stm32f10x_rcc.o(i.RCC_ADCCLKConfig), (24 bytes).
    Removing stm32f10x_rcc.o(i.RCC_AHBPeriphClockCmd), (32 bytes).
    Removing stm32f10x_rcc.o(i.RCC_APB1PeriphResetCmd), (32 bytes).
    Removing stm32f10x_rcc.o(i.RCC_APB2PeriphResetCmd), (32 bytes).
    Removing stm32f10x_rcc.o(i.RCC_AdjustHSICalibrationValue), (24 bytes).
    Removing stm32f10x_rcc.o(i.RCC_BackupResetCmd), (12 bytes).
    Removing stm32f10x_rcc.o(i.RCC_ClearFlag), (20 bytes).
    Removing stm32f10x_rcc.o(i.RCC_ClearITPendingBit), (12 bytes).
    Removing stm32f10x_rcc.o(i.RCC_ClockSecuritySystemCmd), (12 bytes).
    Removing stm32f10x_rcc.o(i.RCC_DeInit), (76 bytes).
    Removing stm32f10x_rcc.o(i.RCC_GetFlagStatus), (60 bytes).
    Removing stm32f10x_rcc.o(i.RCC_GetITStatus), (24 bytes).
    Removing stm32f10x_rcc.o(i.RCC_GetSYSCLKSource), (16 bytes).
    Removing stm32f10x_rcc.o(i.RCC_HCLKConfig), (24 bytes).
    Removing stm32f10x_rcc.o(i.RCC_HSEConfig), (76 bytes).
    Removing stm32f10x_rcc.o(i.RCC_HSICmd), (12 bytes).
    Removing stm32f10x_rcc.o(i.RCC_ITConfig), (32 bytes).
    Removing stm32f10x_rcc.o(i.RCC_LSEConfig), (52 bytes).
    Removing stm32f10x_rcc.o(i.RCC_LSICmd), (12 bytes).
    Removing stm32f10x_rcc.o(i.RCC_MCOConfig), (12 bytes).
    Removing stm32f10x_rcc.o(i.RCC_PCLK1Config), (24 bytes).
    Removing stm32f10x_rcc.o(i.RCC_PCLK2Config), (24 bytes).
    Removing stm32f10x_rcc.o(i.RCC_PLLCmd), (12 bytes).
    Removing stm32f10x_rcc.o(i.RCC_PLLConfig), (28 bytes).
    Removing stm32f10x_rcc.o(i.RCC_RTCCLKCmd), (12 bytes).
    Removing stm32f10x_rcc.o(i.RCC_RTCCLKConfig), (16 bytes).
    Removing stm32f10x_rcc.o(i.RCC_SYSCLKConfig), (24 bytes).
    Removing stm32f10x_rcc.o(i.RCC_USBCLKConfig), (12 bytes).
    Removing stm32f10x_rcc.o(i.RCC_WaitForHSEStartUp), (56 bytes).
    Removing stm32f10x_tim.o(.rev16_text), (4 bytes).
    Removing stm32f10x_tim.o(.revsh_text), (4 bytes).
    Removing stm32f10x_tim.o(.rrx_text), (6 bytes).
    Removing stm32f10x_tim.o(i.TIM_ARRPreloadConfig), (24 bytes).
    Removing stm32f10x_tim.o(i.TIM_BDTRConfig), (32 bytes).
    Removing stm32f10x_tim.o(i.TIM_BDTRStructInit), (18 bytes).
    Removing stm32f10x_tim.o(i.TIM_CCPreloadControl), (24 bytes).
    Removing stm32f10x_tim.o(i.TIM_CCxCmd), (30 bytes).
    Removing stm32f10x_tim.o(i.TIM_CCxNCmd), (30 bytes).
    Removing stm32f10x_tim.o(i.TIM_ClearFlag), (6 bytes).
    Removing stm32f10x_tim.o(i.TIM_ClearOC1Ref), (18 bytes).
    Removing stm32f10x_tim.o(i.TIM_ClearOC2Ref), (24 bytes).
    Removing stm32f10x_tim.o(i.TIM_ClearOC3Ref), (18 bytes).
    Removing stm32f10x_tim.o(i.TIM_ClearOC4Ref), (24 bytes).
    Removing stm32f10x_tim.o(i.TIM_CounterModeConfig), (18 bytes).
    Removing stm32f10x_tim.o(i.TIM_DMACmd), (18 bytes).
    Removing stm32f10x_tim.o(i.TIM_DMAConfig), (10 bytes).
    Removing stm32f10x_tim.o(i.TIM_DeInit), (488 bytes).
    Removing stm32f10x_tim.o(i.TIM_ETRClockMode1Config), (54 bytes).
    Removing stm32f10x_tim.o(i.TIM_ETRClockMode2Config), (32 bytes).
    Removing stm32f10x_tim.o(i.TIM_ETRConfig), (28 bytes).
    Removing stm32f10x_tim.o(i.TIM_ForcedOC1Config), (18 bytes).
    Removing stm32f10x_tim.o(i.TIM_ForcedOC2Config), (26 bytes).
    Removing stm32f10x_tim.o(i.TIM_ForcedOC3Config), (18 bytes).
    Removing stm32f10x_tim.o(i.TIM_ForcedOC4Config), (26 bytes).
    Removing stm32f10x_tim.o(i.TIM_GenerateEvent), (4 bytes).
    Removing stm32f10x_tim.o(i.TIM_GetCapture1), (6 bytes).
    Removing stm32f10x_tim.o(i.TIM_GetCapture2), (6 bytes).
    Removing stm32f10x_tim.o(i.TIM_GetCapture3), (6 bytes).
    Removing stm32f10x_tim.o(i.TIM_GetCapture4), (8 bytes).
    Removing stm32f10x_tim.o(i.TIM_GetCounter), (6 bytes).
    Removing stm32f10x_tim.o(i.TIM_GetFlagStatus), (18 bytes).
    Removing stm32f10x_tim.o(i.TIM_GetPrescaler), (6 bytes).
    Removing stm32f10x_tim.o(i.TIM_ITRxExternalClockConfig), (24 bytes).
    Removing stm32f10x_tim.o(i.TIM_InternalClockConfig), (12 bytes).
    Removing stm32f10x_tim.o(i.TIM_OC1FastConfig), (18 bytes).
    Removing stm32f10x_tim.o(i.TIM_OC1NPolarityConfig), (18 bytes).
    Removing stm32f10x_tim.o(i.TIM_OC1PolarityConfig), (18 bytes).
    Removing stm32f10x_tim.o(i.TIM_OC2FastConfig), (26 bytes).
    Removing stm32f10x_tim.o(i.TIM_OC2NPolarityConfig), (26 bytes).
    Removing stm32f10x_tim.o(i.TIM_OC2PolarityConfig), (26 bytes).
    Removing stm32f10x_tim.o(i.TIM_OC3FastConfig), (18 bytes).
    Removing stm32f10x_tim.o(i.TIM_OC3NPolarityConfig), (26 bytes).
    Removing stm32f10x_tim.o(i.TIM_OC3PolarityConfig), (26 bytes).
    Removing stm32f10x_tim.o(i.TIM_OC4FastConfig), (26 bytes).
    Removing stm32f10x_tim.o(i.TIM_OC4PolarityConfig), (26 bytes).
    Removing stm32f10x_tim.o(i.TIM_OCStructInit), (20 bytes).
    Removing stm32f10x_tim.o(i.TIM_PWMIConfig), (124 bytes).
    Removing stm32f10x_tim.o(i.TIM_PrescalerConfig), (6 bytes).
    Removing stm32f10x_tim.o(i.TIM_SelectCCDMA), (24 bytes).
    Removing stm32f10x_tim.o(i.TIM_SelectCOM), (24 bytes).
    Removing stm32f10x_tim.o(i.TIM_SelectHallSensor), (24 bytes).
    Removing stm32f10x_tim.o(i.TIM_SelectInputTrigger), (18 bytes).
    Removing stm32f10x_tim.o(i.TIM_SelectMasterSlaveMode), (18 bytes).
    Removing stm32f10x_tim.o(i.TIM_SelectOCxM), (82 bytes).
    Removing stm32f10x_tim.o(i.TIM_SelectOnePulseMode), (18 bytes).
    Removing stm32f10x_tim.o(i.TIM_SelectOutputTrigger), (18 bytes).
    Removing stm32f10x_tim.o(i.TIM_SelectSlaveMode), (18 bytes).
    Removing stm32f10x_tim.o(i.TIM_SetAutoreload), (4 bytes).
    Removing stm32f10x_tim.o(i.TIM_SetClockDivision), (18 bytes).
    Removing stm32f10x_tim.o(i.TIM_SetCompare1), (4 bytes).
    Removing stm32f10x_tim.o(i.TIM_SetCompare2), (4 bytes).
    Removing stm32f10x_tim.o(i.TIM_SetCompare3), (4 bytes).
    Removing stm32f10x_tim.o(i.TIM_SetCompare4), (6 bytes).
    Removing stm32f10x_tim.o(i.TIM_SetCounter), (4 bytes).
    Removing stm32f10x_tim.o(i.TIM_TIxExternalClockConfig), (62 bytes).
    Removing stm32f10x_tim.o(i.TIM_TimeBaseStructInit), (18 bytes).
    Removing stm32f10x_tim.o(i.TIM_UpdateDisableConfig), (24 bytes).
    Removing stm32f10x_tim.o(i.TIM_UpdateRequestConfig), (24 bytes).
    Removing stm32f10x_usart.o(.rev16_text), (4 bytes).
    Removing stm32f10x_usart.o(.revsh_text), (4 bytes).
    Removing stm32f10x_usart.o(.rrx_text), (6 bytes).
    Removing stm32f10x_usart.o(i.USART_ClearFlag), (18 bytes).
    Removing stm32f10x_usart.o(i.USART_ClockInit), (34 bytes).
    Removing stm32f10x_usart.o(i.USART_ClockStructInit), (12 bytes).
    Removing stm32f10x_usart.o(i.USART_DMACmd), (18 bytes).
    Removing stm32f10x_usart.o(i.USART_DeInit), (156 bytes).
    Removing stm32f10x_usart.o(i.USART_HalfDuplexCmd), (24 bytes).
    Removing stm32f10x_usart.o(i.USART_IrDACmd), (24 bytes).
    Removing stm32f10x_usart.o(i.USART_IrDAConfig), (18 bytes).
    Removing stm32f10x_usart.o(i.USART_LINBreakDetectLengthConfig), (18 bytes).
    Removing stm32f10x_usart.o(i.USART_LINCmd), (24 bytes).
    Removing stm32f10x_usart.o(i.USART_OneBitMethodCmd), (24 bytes).
    Removing stm32f10x_usart.o(i.USART_OverSampling8Cmd), (22 bytes).
    Removing stm32f10x_usart.o(i.USART_ReceiverWakeUpCmd), (24 bytes).
    Removing stm32f10x_usart.o(i.USART_SendBreak), (10 bytes).
    Removing stm32f10x_usart.o(i.USART_SetAddress), (18 bytes).
    Removing stm32f10x_usart.o(i.USART_SetGuardTime), (16 bytes).
    Removing stm32f10x_usart.o(i.USART_SetPrescaler), (16 bytes).
    Removing stm32f10x_usart.o(i.USART_SmartCardCmd), (24 bytes).
    Removing stm32f10x_usart.o(i.USART_SmartCardNACKCmd), (24 bytes).
    Removing stm32f10x_usart.o(i.USART_StructInit), (24 bytes).
    Removing stm32f10x_usart.o(i.USART_WakeUpConfig), (18 bytes).
    Removing startup_stm32f10x_hd.o(HEAP), (512 bytes).
    Removing system_stm32f10x.o(.rev16_text), (4 bytes).
    Removing system_stm32f10x.o(.revsh_text), (4 bytes).
    Removing system_stm32f10x.o(.rrx_text), (6 bytes).
    Removing system_stm32f10x.o(i.SystemCoreClockUpdate), (164 bytes).

215 unused section(s) (total 5906 bytes) removed from the image.

==============================================================================

Image Symbol Table

    Local Symbols

    Symbol Name                              Value     Ov Type        Size  Object(Section)

    ../clib/microlib/errno.c                 0x00000000   Number         0  errno.o ABSOLUTE
    ../clib/microlib/init/entry.s            0x00000000   Number         0  entry.o ABSOLUTE
    ../clib/microlib/init/entry.s            0x00000000   Number         0  entry2.o ABSOLUTE
    ../clib/microlib/init/entry.s            0x00000000   Number         0  entry11b.o ABSOLUTE
    ../clib/microlib/init/entry.s            0x00000000   Number         0  entry5.o ABSOLUTE
    ../clib/microlib/init/entry.s            0x00000000   Number         0  entry7a.o ABSOLUTE
    ../clib/microlib/init/entry.s            0x00000000   Number         0  entry11a.o ABSOLUTE
    ../clib/microlib/init/entry.s            0x00000000   Number         0  entry10b.o ABSOLUTE
    ../clib/microlib/init/entry.s            0x00000000   Number         0  entry10a.o ABSOLUTE
    ../clib/microlib/init/entry.s            0x00000000   Number         0  entry9b.o ABSOLUTE
    ../clib/microlib/init/entry.s            0x00000000   Number         0  entry7b.o ABSOLUTE
    ../clib/microlib/init/entry.s            0x00000000   Number         0  entry8a.o ABSOLUTE
    ../clib/microlib/init/entry.s            0x00000000   Number         0  entry8b.o ABSOLUTE
    ../clib/microlib/init/entry.s            0x00000000   Number         0  entry9a.o ABSOLUTE
    ../clib/microlib/longlong.c              0x00000000   Number         0  llshl.o ABSOLUTE
    ../clib/microlib/longlong.c              0x00000000   Number         0  llushr.o ABSOLUTE
    ../clib/microlib/longlong.c              0x00000000   Number         0  llsshr.o ABSOLUTE
    ../clib/microlib/stdio/putc.c            0x00000000   Number         0  putc.o ABSOLUTE
    ../clib/microlib/stdio/puts.c            0x00000000   Number         0  puts.o ABSOLUTE
    ../clib/microlib/stdio/puts.c            0x00000000   Number         0  puts_e.o ABSOLUTE
    ../clib/microlib/stdio/streams.c         0x00000000   Number         0  stdout.o ABSOLUTE
    ../clib/microlib/stubs.s                 0x00000000   Number         0  iusefp.o ABSOLUTE
    ../fplib/microlib/d2f.c                  0x00000000   Number         0  d2f.o ABSOLUTE
    ../fplib/microlib/f2d.c                  0x00000000   Number         0  f2d.o ABSOLUTE
    ../fplib/microlib/fpadd.c                0x00000000   Number         0  fadd.o ABSOLUTE
    ../fplib/microlib/fpadd.c                0x00000000   Number         0  dadd.o ABSOLUTE
    ../fplib/microlib/fpdiv.c                0x00000000   Number         0  fdiv.o ABSOLUTE
    ../fplib/microlib/fpdiv.c                0x00000000   Number         0  ddiv.o ABSOLUTE
    ../fplib/microlib/fpepilogue.c           0x00000000   Number         0  fepilogue.o ABSOLUTE
    ../fplib/microlib/fpepilogue.c           0x00000000   Number         0  depilogue.o ABSOLUTE
    ../fplib/microlib/fpfix.c                0x00000000   Number         0  ffixi.o ABSOLUTE
    ../fplib/microlib/fpfix.c                0x00000000   Number         0  dfixi.o ABSOLUTE
    ../fplib/microlib/fpflt.c                0x00000000   Number         0  fflti.o ABSOLUTE
    ../fplib/microlib/fpflt.c                0x00000000   Number         0  dfltui.o ABSOLUTE
    ../fplib/microlib/fpflt.c                0x00000000   Number         0  dflti.o ABSOLUTE
    ../fplib/microlib/fpmul.c                0x00000000   Number         0  fmul.o ABSOLUTE
    ../fplib/microlib/fpmul.c                0x00000000   Number         0  dmul.o ABSOLUTE
    ../fplib/microlib/fpscalb.c              0x00000000   Number         0  dscalb.o ABSOLUTE
    ../fplib/microlib/fpsqrt.c               0x00000000   Number         0  dsqrt.o ABSOLUTE
    ../mathlib/atan.c                        0x00000000   Number         0  atan.o ABSOLUTE
    ../mathlib/atan.c                        0x00000000   Number         0  atan_x.o ABSOLUTE
    ../mathlib/atan2.c                       0x00000000   Number         0  atan2.o ABSOLUTE
    ../mathlib/atan2.c                       0x00000000   Number         0  atan2_x.o ABSOLUTE
    ../mathlib/cos.c                         0x00000000   Number         0  cos_x.o ABSOLUTE
    ../mathlib/cos.c                         0x00000000   Number         0  cos.o ABSOLUTE
    ../mathlib/cos_i.c                       0x00000000   Number         0  cos_i.o ABSOLUTE
    ../mathlib/dunder.c                      0x00000000   Number         0  dunder.o ABSOLUTE
    ../mathlib/fpclassify.c                  0x00000000   Number         0  fpclassify.o ABSOLUTE
    ../mathlib/poly.c                        0x00000000   Number         0  poly.o ABSOLUTE
    ../mathlib/qnan.c                        0x00000000   Number         0  qnan.o ABSOLUTE
    ../mathlib/rred.c                        0x00000000   Number         0  rred.o ABSOLUTE
    ../mathlib/sin.c                         0x00000000   Number         0  sin_x.o ABSOLUTE
    ../mathlib/sin.c                         0x00000000   Number         0  sin.o ABSOLUTE
    ../mathlib/sin_i.c                       0x00000000   Number         0  sin_i.o ABSOLUTE
    ../mathlib/sin_i.c                       0x00000000   Number         0  sin_i_x.o ABSOLUTE
    ../mathlib/sqrt.c                        0x00000000   Number         0  sqrt_x.o ABSOLUTE
    ../mathlib/sqrt.c                        0x00000000   Number         0  sqrt.o ABSOLUTE
    E:\Keil\ARM\PACK\Keil\STM32F1xx_DFP\2.2.0\Device\StdPeriph_Driver\src\misc.c 0x00000000   Number         0  misc.o ABSOLUTE
    E:\Keil\ARM\PACK\Keil\STM32F1xx_DFP\2.2.0\Device\StdPeriph_Driver\src\stm32f10x_gpio.c 0x00000000   Number         0  stm32f10x_gpio.o ABSOLUTE
    E:\Keil\ARM\PACK\Keil\STM32F1xx_DFP\2.2.0\Device\StdPeriph_Driver\src\stm32f10x_i2c.c 0x00000000   Number         0  stm32f10x_i2c.o ABSOLUTE
    E:\Keil\ARM\PACK\Keil\STM32F1xx_DFP\2.2.0\Device\StdPeriph_Driver\src\stm32f10x_rcc.c 0x00000000   Number         0  stm32f10x_rcc.o ABSOLUTE
    E:\Keil\ARM\PACK\Keil\STM32F1xx_DFP\2.2.0\Device\StdPeriph_Driver\src\stm32f10x_tim.c 0x00000000   Number         0  stm32f10x_tim.o ABSOLUTE
    E:\Keil\ARM\PACK\Keil\STM32F1xx_DFP\2.2.0\Device\StdPeriph_Driver\src\stm32f10x_usart.c 0x00000000   Number         0  stm32f10x_usart.o ABSOLUTE
    E:\\Keil\\ARM\\PACK\\Keil\\STM32F1xx_DFP\\2.2.0\\Device\\StdPeriph_Driver\\src\\misc.c 0x00000000   Number         0  misc.o ABSOLUTE
    E:\\Keil\\ARM\\PACK\\Keil\\STM32F1xx_DFP\\2.2.0\\Device\\StdPeriph_Driver\\src\\stm32f10x_gpio.c 0x00000000   Number         0  stm32f10x_gpio.o ABSOLUTE
    E:\\Keil\\ARM\\PACK\\Keil\\STM32F1xx_DFP\\2.2.0\\Device\\StdPeriph_Driver\\src\\stm32f10x_i2c.c 0x00000000   Number         0  stm32f10x_i2c.o ABSOLUTE
    E:\\Keil\\ARM\\PACK\\Keil\\STM32F1xx_DFP\\2.2.0\\Device\\StdPeriph_Driver\\src\\stm32f10x_rcc.c 0x00000000   Number         0  stm32f10x_rcc.o ABSOLUTE
    E:\\Keil\\ARM\\PACK\\Keil\\STM32F1xx_DFP\\2.2.0\\Device\\StdPeriph_Driver\\src\\stm32f10x_tim.c 0x00000000   Number         0  stm32f10x_tim.o ABSOLUTE
    E:\\Keil\\ARM\\PACK\\Keil\\STM32F1xx_DFP\\2.2.0\\Device\\StdPeriph_Driver\\src\\stm32f10x_usart.c 0x00000000   Number         0  stm32f10x_usart.o ABSOLUTE
    RTE\Device\STM32F103RC\startup_stm32f10x_hd.s 0x00000000   Number         0  startup_stm32f10x_hd.o ABSOLUTE
    RTE\Device\STM32F103RC\system_stm32f10x.c 0x00000000   Number         0  system_stm32f10x.o ABSOLUTE
    RTE\\Device\\STM32F103RC\\system_stm32f10x.c 0x00000000   Number         0  system_stm32f10x.o ABSOLUTE
    User\MPU6050.c                           0x00000000   Number         0  mpu6050.o ABSOLUTE
    User\Motor.c                             0x00000000   Number         0  motor.o ABSOLUTE
    User\NVIC.c                              0x00000000   Number         0  nvic.o ABSOLUTE
    User\SysTick.c                           0x00000000   Number         0  systick.o ABSOLUTE
    User\USART.c                             0x00000000   Number         0  usart.o ABSOLUTE
    User\\MPU6050.c                          0x00000000   Number         0  mpu6050.o ABSOLUTE
    User\\Motor.c                            0x00000000   Number         0  motor.o ABSOLUTE
    User\\NVIC.c                             0x00000000   Number         0  nvic.o ABSOLUTE
    User\\SysTick.c                          0x00000000   Number         0  systick.o ABSOLUTE
    User\\USART.c                            0x00000000   Number         0  usart.o ABSOLUTE
    User\\control.c                          0x00000000   Number         0  control.o ABSOLUTE
    User\\gyro.c                             0x00000000   Number         0  gyro.o ABSOLUTE
    User\\main.c                             0x00000000   Number         0  main.o ABSOLUTE
    User\\stm32f10x_it.c                     0x00000000   Number         0  stm32f10x_it.o ABSOLUTE
    User\control.c                           0x00000000   Number         0  control.o ABSOLUTE
    User\gyro.c                              0x00000000   Number         0  gyro.o ABSOLUTE
    User\main.c                              0x00000000   Number         0  main.o ABSOLUTE
    User\stm32f10x_it.c                      0x00000000   Number         0  stm32f10x_it.o ABSOLUTE
    cdcmple.s                                0x00000000   Number         0  cdcmple.o ABSOLUTE
    cdrcmple.s                               0x00000000   Number         0  cdrcmple.o ABSOLUTE
    cfcmple.s                                0x00000000   Number         0  cfcmple.o ABSOLUTE
    cfrcmple.s                               0x00000000   Number         0  cfrcmple.o ABSOLUTE
    dc.s                                     0x00000000   Number         0  dc.o ABSOLUTE
    handlers.s                               0x00000000   Number         0  handlers.o ABSOLUTE
    init.s                                   0x00000000   Number         0  init.o ABSOLUTE
    RESET                                    0x08000000   Section      304  startup_stm32f10x_hd.o(RESET)
    .ARM.Collect$$$$00000000                 0x08000130   Section        0  entry.o(.ARM.Collect$$$$00000000)
    .ARM.Collect$$$$00000001                 0x08000130   Section        4  entry2.o(.ARM.Collect$$$$00000001)
    .ARM.Collect$$$$00000004                 0x08000134   Section        4  entry5.o(.ARM.Collect$$$$00000004)
    .ARM.Collect$$$$00000008                 0x08000138   Section        0  entry7b.o(.ARM.Collect$$$$00000008)
    .ARM.Collect$$$$0000000A                 0x08000138   Section        0  entry8b.o(.ARM.Collect$$$$0000000A)
    .ARM.Collect$$$$0000000B                 0x08000138   Section        8  entry9a.o(.ARM.Collect$$$$0000000B)
    .ARM.Collect$$$$0000000D                 0x08000140   Section        0  entry10a.o(.ARM.Collect$$$$0000000D)
    .ARM.Collect$$$$0000000F                 0x08000140   Section        0  entry11a.o(.ARM.Collect$$$$0000000F)
    .ARM.Collect$$$$00002712                 0x08000140   Section        4  entry2.o(.ARM.Collect$$$$00002712)
    __lit__00000000                          0x08000140   Data           4  entry2.o(.ARM.Collect$$$$00002712)
    .text                                    0x08000144   Section       36  startup_stm32f10x_hd.o(.text)
    .text                                    0x08000168   Section        0  fadd.o(.text)
    .text                                    0x08000218   Section        0  fmul.o(.text)
    .text                                    0x0800027c   Section        0  fdiv.o(.text)
    .text                                    0x080002f8   Section        0  dadd.o(.text)
    .text                                    0x08000446   Section        0  dmul.o(.text)
    .text                                    0x0800052a   Section        0  ddiv.o(.text)
    .text                                    0x08000608   Section        0  fflti.o(.text)
    .text                                    0x0800061a   Section        0  dflti.o(.text)
    .text                                    0x0800063c   Section        0  ffixi.o(.text)
    .text                                    0x0800066e   Section        0  dfixi.o(.text)
    .text                                    0x080006ac   Section        0  f2d.o(.text)
    .text                                    0x080006d4   Section       48  cdcmple.o(.text)
    .text                                    0x08000704   Section       48  cdrcmple.o(.text)
    .text                                    0x08000734   Section        0  d2f.o(.text)
    .text                                    0x0800076c   Section       20  cfcmple.o(.text)
    .text                                    0x08000780   Section       20  cfrcmple.o(.text)
    .text                                    0x08000794   Section        0  llshl.o(.text)
    .text                                    0x080007b2   Section        0  llushr.o(.text)
    .text                                    0x080007d2   Section        0  llsshr.o(.text)
    .text                                    0x080007f6   Section        0  fepilogue.o(.text)
    .text                                    0x080007f6   Section        0  iusefp.o(.text)
    .text                                    0x08000864   Section        0  depilogue.o(.text)
    .text                                    0x0800091e   Section        0  dsqrt.o(.text)
    .text                                    0x080009c0   Section       36  init.o(.text)
    .text                                    0x080009e4   Section        0  dscalb.o(.text)
    .text                                    0x08000a12   Section        0  dfltui.o(.text)
    i.BusFault_Handler                       0x08000a2c   Section        0  stm32f10x_it.o(i.BusFault_Handler)
    i.DebugMon_Handler                       0x08000a30   Section        0  stm32f10x_it.o(i.DebugMon_Handler)
    i.DecideMove                             0x08000a34   Section        0  control.o(i.DecideMove)
    i.Delay_10us                             0x08000b64   Section        0  systick.o(i.Delay_10us)
    i.Encoder_Init                           0x08000b88   Section        0  control.o(i.Encoder_Init)
    i.Encoder_Reset                          0x08000c80   Section        0  control.o(i.Encoder_Reset)
    i.GPIO_Init                              0x08000c9c   Section        0  stm32f10x_gpio.o(i.GPIO_Init)
    i.GPIO_ResetBits                         0x08000db2   Section        0  stm32f10x_gpio.o(i.GPIO_ResetBits)
    i.GPIO_SetBits                           0x08000db6   Section        0  stm32f10x_gpio.o(i.GPIO_SetBits)
    i.GetAllFromMPU                          0x08000dbc   Section        0  gyro.o(i.GetAllFromMPU)
    i.GetAngles                              0x08000f7c   Section        0  gyro.o(i.GetAngles)
    i.GetData                                0x080014a4   Section        0  mpu6050.o(i.GetData)
    i.HardFault_Handler                      0x080014c2   Section        0  stm32f10x_it.o(i.HardFault_Handler)
    i.I2C_AcknowledgeConfig                  0x080014c6   Section        0  stm32f10x_i2c.o(i.I2C_AcknowledgeConfig)
    i.I2C_ByteRead                           0x080014e0   Section        0  mpu6050.o(i.I2C_ByteRead)
    i.I2C_ByteWrite                          0x080015ac   Section        0  mpu6050.o(i.I2C_ByteWrite)
    i.I2C_CheckEvent                         0x08001628   Section        0  stm32f10x_i2c.o(i.I2C_CheckEvent)
    i.I2C_Cmd                                0x08001652   Section        0  stm32f10x_i2c.o(i.I2C_Cmd)
    i.I2C_GPIO_Config                        0x0800166c   Section        0  mpu6050.o(i.I2C_GPIO_Config)
    I2C_GPIO_Config                          0x0800166d   Thumb Code    48  mpu6050.o(i.I2C_GPIO_Config)
    i.I2C_GenerateSTART                      0x080016a0   Section        0  stm32f10x_i2c.o(i.I2C_GenerateSTART)
    i.I2C_GenerateSTOP                       0x080016b8   Section        0  stm32f10x_i2c.o(i.I2C_GenerateSTOP)
    i.I2C_GetFlagStatus                      0x080016d0   Section        0  stm32f10x_i2c.o(i.I2C_GetFlagStatus)
    i.I2C_Init                               0x0800170c   Section        0  stm32f10x_i2c.o(i.I2C_Init)
    i.I2C_MPU6050_Init                       0x080017f8   Section        0  mpu6050.o(i.I2C_MPU6050_Init)
    i.I2C_Mode_Config                        0x08001804   Section        0  mpu6050.o(i.I2C_Mode_Config)
    I2C_Mode_Config                          0x08001805   Thumb Code    54  mpu6050.o(i.I2C_Mode_Config)
    i.I2C_ReceiveData                        0x08001840   Section        0  stm32f10x_i2c.o(i.I2C_ReceiveData)
    i.I2C_Send7bitAddress                    0x08001848   Section        0  stm32f10x_i2c.o(i.I2C_Send7bitAddress)
    i.I2C_SendData                           0x0800185a   Section        0  stm32f10x_i2c.o(i.I2C_SendData)
    i.InitMPU6050                            0x0800185e   Section        0  mpu6050.o(i.InitMPU6050)
    i.M_Init                                 0x0800188c   Section        0  motor.o(i.M_Init)
    i.MemManage_Handler                      0x080018c4   Section        0  stm32f10x_it.o(i.MemManage_Handler)
    i.MotorControl                           0x080018c8   Section        0  control.o(i.MotorControl)
    i.Motor_Speed_Control                    0x080018e8   Section        0  motor.o(i.Motor_Speed_Control)
    i.Move                                   0x08001aa8   Section        0  control.o(i.Move)
    i.NMI_Handler                            0x08001b7c   Section        0  stm32f10x_it.o(i.NMI_Handler)
    i.NVIC_Config                            0x08001b7e   Section        0  nvic.o(i.NVIC_Config)
    i.NVIC_Init                              0x08001bc4   Section        0  misc.o(i.NVIC_Init)
    i.NVIC_PriorityGroupConfig               0x08001c34   Section        0  misc.o(i.NVIC_PriorityGroupConfig)
    i.PIDcontrol                             0x08001c48   Section        0  control.o(i.PIDcontrol)
    i.PendSV_Handler                         0x08001f70   Section        0  stm32f10x_it.o(i.PendSV_Handler)
    i.RCC_APB1PeriphClockCmd                 0x08001f74   Section        0  stm32f10x_rcc.o(i.RCC_APB1PeriphClockCmd)
    i.RCC_APB2PeriphClockCmd                 0x08001f94   Section        0  stm32f10x_rcc.o(i.RCC_APB2PeriphClockCmd)
    i.RCC_GetClocksFreq                      0x08001fb4   Section        0  stm32f10x_rcc.o(i.RCC_GetClocksFreq)
    i.SVC_Handler                            0x08002088   Section        0  stm32f10x_it.o(i.SVC_Handler)
    i.SetSysClock                            0x0800208a   Section        0  system_stm32f10x.o(i.SetSysClock)
    SetSysClock                              0x0800208b   Thumb Code     8  system_stm32f10x.o(i.SetSysClock)
    i.SetSysClockTo72                        0x08002094   Section        0  system_stm32f10x.o(i.SetSysClockTo72)
    SetSysClockTo72                          0x08002095   Thumb Code   214  system_stm32f10x.o(i.SetSysClockTo72)
    i.SetupAllPivot                          0x08002174   Section        0  gyro.o(i.SetupAllPivot)
    i.SysTick_Handler                        0x08002318   Section        0  stm32f10x_it.o(i.SysTick_Handler)
    i.SysTick_Init                           0x08002320   Section        0  systick.o(i.SysTick_Init)
    i.SystemInit                             0x08002398   Section        0  system_stm32f10x.o(i.SystemInit)
    i.TI1_Config                             0x080023f8   Section        0  stm32f10x_tim.o(i.TI1_Config)
    TI1_Config                               0x080023f9   Thumb Code   108  stm32f10x_tim.o(i.TI1_Config)
    i.TI2_Config                             0x08002478   Section        0  stm32f10x_tim.o(i.TI2_Config)
    TI2_Config                               0x08002479   Thumb Code   130  stm32f10x_tim.o(i.TI2_Config)
    i.TI3_Config                             0x08002510   Section        0  stm32f10x_tim.o(i.TI3_Config)
    TI3_Config                               0x08002511   Thumb Code   122  stm32f10x_tim.o(i.TI3_Config)
    i.TI4_Config                             0x080025a0   Section        0  stm32f10x_tim.o(i.TI4_Config)
    TI4_Config                               0x080025a1   Thumb Code   130  stm32f10x_tim.o(i.TI4_Config)
    i.TIM6_IRQHandler                        0x08002638   Section        0  stm32f10x_it.o(i.TIM6_IRQHandler)
    i.TIM6_Init                              0x08002668   Section        0  control.o(i.TIM6_Init)
    i.TIM8_PWM_Init                          0x080026a4   Section        0  motor.o(i.TIM8_PWM_Init)
    i.TIM_ClearITPendingBit                  0x08002750   Section        0  stm32f10x_tim.o(i.TIM_ClearITPendingBit)
    i.TIM_Cmd                                0x08002756   Section        0  stm32f10x_tim.o(i.TIM_Cmd)
    i.TIM_CtrlPWMOutputs                     0x0800276e   Section        0  stm32f10x_tim.o(i.TIM_CtrlPWMOutputs)
    i.TIM_EncoderInterfaceConfig             0x0800278c   Section        0  stm32f10x_tim.o(i.TIM_EncoderInterfaceConfig)
    i.TIM_GetITStatus                        0x080027ce   Section        0  stm32f10x_tim.o(i.TIM_GetITStatus)
    i.TIM_ICInit                             0x080027f0   Section        0  stm32f10x_tim.o(i.TIM_ICInit)
    i.TIM_ICStructInit                       0x0800289c   Section        0  stm32f10x_tim.o(i.TIM_ICStructInit)
    i.TIM_ITConfig                           0x080028ae   Section        0  stm32f10x_tim.o(i.TIM_ITConfig)
    i.TIM_OC1Init                            0x080028c0   Section        0  stm32f10x_tim.o(i.TIM_OC1Init)
    i.TIM_OC1PreloadConfig                   0x08002958   Section        0  stm32f10x_tim.o(i.TIM_OC1PreloadConfig)
    i.TIM_OC2Init                            0x0800296c   Section        0  stm32f10x_tim.o(i.TIM_OC2Init)
    i.TIM_OC2PreloadConfig                   0x08002a10   Section        0  stm32f10x_tim.o(i.TIM_OC2PreloadConfig)
    i.TIM_OC3Init                            0x08002a2c   Section        0  stm32f10x_tim.o(i.TIM_OC3Init)
    i.TIM_OC3PreloadConfig                   0x08002acc   Section        0  stm32f10x_tim.o(i.TIM_OC3PreloadConfig)
    i.TIM_OC4Init                            0x08002ae0   Section        0  stm32f10x_tim.o(i.TIM_OC4Init)
    i.TIM_OC4PreloadConfig                   0x08002b5c   Section        0  stm32f10x_tim.o(i.TIM_OC4PreloadConfig)
    i.TIM_SetIC1Prescaler                    0x08002b76   Section        0  stm32f10x_tim.o(i.TIM_SetIC1Prescaler)
    i.TIM_SetIC2Prescaler                    0x08002b88   Section        0  stm32f10x_tim.o(i.TIM_SetIC2Prescaler)
    i.TIM_SetIC3Prescaler                    0x08002ba2   Section        0  stm32f10x_tim.o(i.TIM_SetIC3Prescaler)
    i.TIM_SetIC4Prescaler                    0x08002bb4   Section        0  stm32f10x_tim.o(i.TIM_SetIC4Prescaler)
    i.TIM_TimeBaseInit                       0x08002bd0   Section        0  stm32f10x_tim.o(i.TIM_TimeBaseInit)
    i.TimingCnt_Decrement                    0x08002c74   Section        0  systick.o(i.TimingCnt_Decrement)
    i.USART1_Config                          0x08002c8c   Section        0  usart.o(i.USART1_Config)
    i.USART1_IRQHandler                      0x08002d60   Section        0  stm32f10x_it.o(i.USART1_IRQHandler)
    i.USART_ClearITPendingBit                0x08002eb4   Section        0  stm32f10x_usart.o(i.USART_ClearITPendingBit)
    i.USART_Cmd                              0x08002ed2   Section        0  stm32f10x_usart.o(i.USART_Cmd)
    i.USART_GetFlagStatus                    0x08002eea   Section        0  stm32f10x_usart.o(i.USART_GetFlagStatus)
    i.USART_GetITStatus                      0x08002f04   Section        0  stm32f10x_usart.o(i.USART_GetITStatus)
    i.USART_ITConfig                         0x08002f58   Section        0  stm32f10x_usart.o(i.USART_ITConfig)
    i.USART_Init                             0x08002fa4   Section        0  stm32f10x_usart.o(i.USART_Init)
    i.USART_ReceiveData                      0x0800307c   Section        0  stm32f10x_usart.o(i.USART_ReceiveData)
    i.USART_SendData                         0x08003086   Section        0  stm32f10x_usart.o(i.USART_SendData)
    i.UsageFault_Handler                     0x0800308e   Section        0  stm32f10x_it.o(i.UsageFault_Handler)
    i.__ARM_fpclassify                       0x08003092   Section        0  fpclassify.o(i.__ARM_fpclassify)
    i.__ieee754_rem_pio2                     0x080030bc   Section        0  rred.o(i.__ieee754_rem_pio2)
    i.__kernel_cos                           0x08003444   Section        0  cos_i.o(i.__kernel_cos)
    i.__kernel_poly                          0x08003540   Section        0  poly.o(i.__kernel_poly)
    i.__kernel_sin                           0x080035ec   Section        0  sin_i.o(i.__kernel_sin)
    i.__mathlib_dbl_infnan                   0x080036d8   Section        0  dunder.o(i.__mathlib_dbl_infnan)
    i.__mathlib_dbl_infnan2                  0x080036de   Section        0  dunder.o(i.__mathlib_dbl_infnan2)
    i.__mathlib_dbl_invalid                  0x080036e2   Section        0  dunder.o(i.__mathlib_dbl_invalid)
    i.__mathlib_dbl_underflow                0x080036f0   Section        0  dunder.o(i.__mathlib_dbl_underflow)
    i.__scatterload_copy                     0x08003700   Section       14  handlers.o(i.__scatterload_copy)
    i.__scatterload_null                     0x0800370e   Section        2  handlers.o(i.__scatterload_null)
    i.__scatterload_zeroinit                 0x08003710   Section       14  handlers.o(i.__scatterload_zeroinit)
    i.__set_errno                            0x08003720   Section        0  errno.o(i.__set_errno)
    i.addNewPoint                            0x0800372c   Section        0  control.o(i.addNewPoint)
    i.atan                                   0x08003784   Section        0  atan.o(i.atan)
    i.atan2                                  0x080039a4   Section        0  atan2.o(i.atan2)
    i.cos                                    0x08003b24   Section        0  cos.o(i.cos)
    i.fputc                                  0x08003bc0   Section        0  usart.o(i.fputc)
    i.getDistance                            0x08003be4   Section        0  control.o(i.getDistance)
    i.getSelfAngle                           0x08003c28   Section        0  control.o(i.getSelfAngle)
    i.main                                   0x08003c3c   Section        0  main.o(i.main)
    i.motorspeedread                         0x08003cc0   Section        0  control.o(i.motorspeedread)
    i.putc                                   0x08003d3c   Section        0  putc.o(i.putc)
    i.puts                                   0x08003d40   Section        0  puts.o(i.puts)
    i.relaAngle                              0x08003d64   Section        0  control.o(i.relaAngle)
    i.setStrategy                            0x08003da4   Section        0  control.o(i.setStrategy)
    i.sin                                    0x08004040   Section        0  sin.o(i.sin)
    i.sqrt                                   0x080040e0   Section        0  sqrt.o(i.sqrt)
    i.velocityConvert                        0x0800412c   Section        0  control.o(i.velocityConvert)
    .constdata                               0x080042e8   Section      152  atan.o(.constdata)
    atanhi                                   0x080042e8   Data          32  atan.o(.constdata)
    atanlo                                   0x08004308   Data          32  atan.o(.constdata)
    aTodd                                    0x08004328   Data          40  atan.o(.constdata)
    aTeven                                   0x08004350   Data          48  atan.o(.constdata)
    .constdata                               0x08004380   Section       48  cos_i.o(.constdata)
    C                                        0x08004380   Data          48  cos_i.o(.constdata)
    .constdata                               0x080043b0   Section        8  qnan.o(.constdata)
    .constdata                               0x080043b8   Section      200  rred.o(.constdata)
    pio2s                                    0x080043b8   Data          48  rred.o(.constdata)
    twooverpi                                0x080043e8   Data         152  rred.o(.constdata)
    .constdata                               0x08004480   Section       40  sin_i.o(.constdata)
    S                                        0x08004480   Data          40  sin_i.o(.constdata)
    .data                                    0x20000000   Section        4  systick.o(.data)
    .data                                    0x20000004   Section       12  usart.o(.data)
    .data                                    0x20000010   Section       55  control.o(.data)
    .data                                    0x20000048   Section      116  gyro.o(.data)
    .data                                    0x200000bc   Section       20  stm32f10x_rcc.o(.data)
    APBAHBPrescTable                         0x200000bc   Data          16  stm32f10x_rcc.o(.data)
    ADCPrescTable                            0x200000cc   Data           4  stm32f10x_rcc.o(.data)
    .data                                    0x200000d0   Section       20  system_stm32f10x.o(.data)
    .data                                    0x200000e4   Section        4  stdout.o(.data)
    .data                                    0x200000e8   Section        4  errno.o(.data)
    _errno                                   0x200000e8   Data           4  errno.o(.data)
    .bss                                     0x200000ec   Section    32768  usart.o(.bss)
    .bss                                     0x200080ec   Section     1322  control.o(.bss)
    STACK                                    0x20008618   Section     1024  startup_stm32f10x_hd.o(STACK)

    Global Symbols

    Symbol Name                              Value     Ov Type        Size  Object(Section)

    BuildAttributes$$THM_ISAv4$P$D$K$B$S$PE$A:L22UL41UL21$X:L11$S22US41US21$IEEE1$IW$USESV6$~STKCKD$USESV7$~SHL$OTIME$ROPI$IEEEX$EBA8$MICROLIB$REQ8$PRES8$EABIv2 0x00000000   Number         0  anon$$obj.o ABSOLUTE
    __ARM_use_no_argv                        0x00000000   Number         0  main.o ABSOLUTE
    __cpp_initialize__aeabi_                  - Undefined Weak Reference
    __cxa_finalize                            - Undefined Weak Reference
    __decompress                              - Undefined Weak Reference
    _clock_init                               - Undefined Weak Reference
    _microlib_exit                            - Undefined Weak Reference
    __Vectors_Size                           0x00000130   Number         0  startup_stm32f10x_hd.o ABSOLUTE
    __Vectors                                0x08000000   Data           4  startup_stm32f10x_hd.o(RESET)
    __Vectors_End                            0x08000130   Data           0  startup_stm32f10x_hd.o(RESET)
    __main                                   0x08000131   Thumb Code     0  entry.o(.ARM.Collect$$$$00000000)
    _main_stk                                0x08000131   Thumb Code     0  entry2.o(.ARM.Collect$$$$00000001)
    _main_scatterload                        0x08000135   Thumb Code     0  entry5.o(.ARM.Collect$$$$00000004)
    __main_after_scatterload                 0x08000139   Thumb Code     0  entry5.o(.ARM.Collect$$$$00000004)
    _main_clock                              0x08000139   Thumb Code     0  entry7b.o(.ARM.Collect$$$$00000008)
    _main_cpp_init                           0x08000139   Thumb Code     0  entry8b.o(.ARM.Collect$$$$0000000A)
    _main_init                               0x08000139   Thumb Code     0  entry9a.o(.ARM.Collect$$$$0000000B)
    __rt_final_cpp                           0x08000141   Thumb Code     0  entry10a.o(.ARM.Collect$$$$0000000D)
    __rt_final_exit                          0x08000141   Thumb Code     0  entry11a.o(.ARM.Collect$$$$0000000F)
    Reset_Handler                            0x08000145   Thumb Code     8  startup_stm32f10x_hd.o(.text)
    ADC1_2_IRQHandler                        0x0800015f   Thumb Code     0  startup_stm32f10x_hd.o(.text)
    ADC3_IRQHandler                          0x0800015f   Thumb Code     0  startup_stm32f10x_hd.o(.text)
    CAN1_RX1_IRQHandler                      0x0800015f   Thumb Code     0  startup_stm32f10x_hd.o(.text)
    CAN1_SCE_IRQHandler                      0x0800015f   Thumb Code     0  startup_stm32f10x_hd.o(.text)
    DMA1_Channel1_IRQHandler                 0x0800015f   Thumb Code     0  startup_stm32f10x_hd.o(.text)
    DMA1_Channel2_IRQHandler                 0x0800015f   Thumb Code     0  startup_stm32f10x_hd.o(.text)
    DMA1_Channel3_IRQHandler                 0x0800015f   Thumb Code     0  startup_stm32f10x_hd.o(.text)
    DMA1_Channel4_IRQHandler                 0x0800015f   Thumb Code     0  startup_stm32f10x_hd.o(.text)
    DMA1_Channel5_IRQHandler                 0x0800015f   Thumb Code     0  startup_stm32f10x_hd.o(.text)
    DMA1_Channel6_IRQHandler                 0x0800015f   Thumb Code     0  startup_stm32f10x_hd.o(.text)
    DMA1_Channel7_IRQHandler                 0x0800015f   Thumb Code     0  startup_stm32f10x_hd.o(.text)
    DMA2_Channel1_IRQHandler                 0x0800015f   Thumb Code     0  startup_stm32f10x_hd.o(.text)
    DMA2_Channel2_IRQHandler                 0x0800015f   Thumb Code     0  startup_stm32f10x_hd.o(.text)
    DMA2_Channel3_IRQHandler                 0x0800015f   Thumb Code     0  startup_stm32f10x_hd.o(.text)
    DMA2_Channel4_5_IRQHandler               0x0800015f   Thumb Code     0  startup_stm32f10x_hd.o(.text)
    EXTI0_IRQHandler                         0x0800015f   Thumb Code     0  startup_stm32f10x_hd.o(.text)
    EXTI15_10_IRQHandler                     0x0800015f   Thumb Code     0  startup_stm32f10x_hd.o(.text)
    EXTI1_IRQHandler                         0x0800015f   Thumb Code     0  startup_stm32f10x_hd.o(.text)
    EXTI2_IRQHandler                         0x0800015f   Thumb Code     0  startup_stm32f10x_hd.o(.text)
    EXTI3_IRQHandler                         0x0800015f   Thumb Code     0  startup_stm32f10x_hd.o(.text)
    EXTI4_IRQHandler                         0x0800015f   Thumb Code     0  startup_stm32f10x_hd.o(.text)
    EXTI9_5_IRQHandler                       0x0800015f   Thumb Code     0  startup_stm32f10x_hd.o(.text)
    FLASH_IRQHandler                         0x0800015f   Thumb Code     0  startup_stm32f10x_hd.o(.text)
    FSMC_IRQHandler                          0x0800015f   Thumb Code     0  startup_stm32f10x_hd.o(.text)
    I2C1_ER_IRQHandler                       0x0800015f   Thumb Code     0  startup_stm32f10x_hd.o(.text)
    I2C1_EV_IRQHandler                       0x0800015f   Thumb Code     0  startup_stm32f10x_hd.o(.text)
    I2C2_ER_IRQHandler                       0x0800015f   Thumb Code     0  startup_stm32f10x_hd.o(.text)
    I2C2_EV_IRQHandler                       0x0800015f   Thumb Code     0  startup_stm32f10x_hd.o(.text)
    PVD_IRQHandler                           0x0800015f   Thumb Code     0  startup_stm32f10x_hd.o(.text)
    RCC_IRQHandler                           0x0800015f   Thumb Code     0  startup_stm32f10x_hd.o(.text)
    RTCAlarm_IRQHandler                      0x0800015f   Thumb Code     0  startup_stm32f10x_hd.o(.text)
    RTC_IRQHandler                           0x0800015f   Thumb Code     0  startup_stm32f10x_hd.o(.text)
    SDIO_IRQHandler                          0x0800015f   Thumb Code     0  startup_stm32f10x_hd.o(.text)
    SPI1_IRQHandler                          0x0800015f   Thumb Code     0  startup_stm32f10x_hd.o(.text)
    SPI2_IRQHandler                          0x0800015f   Thumb Code     0  startup_stm32f10x_hd.o(.text)
    SPI3_IRQHandler                          0x0800015f   Thumb Code     0  startup_stm32f10x_hd.o(.text)
    TAMPER_IRQHandler                        0x0800015f   Thumb Code     0  startup_stm32f10x_hd.o(.text)
    TIM1_BRK_IRQHandler                      0x0800015f   Thumb Code     0  startup_stm32f10x_hd.o(.text)
    TIM1_CC_IRQHandler                       0x0800015f   Thumb Code     0  startup_stm32f10x_hd.o(.text)
    TIM1_TRG_COM_IRQHandler                  0x0800015f   Thumb Code     0  startup_stm32f10x_hd.o(.text)
    TIM1_UP_IRQHandler                       0x0800015f   Thumb Code     0  startup_stm32f10x_hd.o(.text)
    TIM2_IRQHandler                          0x0800015f   Thumb Code     0  startup_stm32f10x_hd.o(.text)
    TIM3_IRQHandler                          0x0800015f   Thumb Code     0  startup_stm32f10x_hd.o(.text)
    TIM4_IRQHandler                          0x0800015f   Thumb Code     0  startup_stm32f10x_hd.o(.text)
    TIM5_IRQHandler                          0x0800015f   Thumb Code     0  startup_stm32f10x_hd.o(.text)
    TIM7_IRQHandler                          0x0800015f   Thumb Code     0  startup_stm32f10x_hd.o(.text)
    TIM8_BRK_IRQHandler                      0x0800015f   Thumb Code     0  startup_stm32f10x_hd.o(.text)
    TIM8_CC_IRQHandler                       0x0800015f   Thumb Code     0  startup_stm32f10x_hd.o(.text)
    TIM8_TRG_COM_IRQHandler                  0x0800015f   Thumb Code     0  startup_stm32f10x_hd.o(.text)
    TIM8_UP_IRQHandler                       0x0800015f   Thumb Code     0  startup_stm32f10x_hd.o(.text)
    UART4_IRQHandler                         0x0800015f   Thumb Code     0  startup_stm32f10x_hd.o(.text)
    UART5_IRQHandler                         0x0800015f   Thumb Code     0  startup_stm32f10x_hd.o(.text)
    USART2_IRQHandler                        0x0800015f   Thumb Code     0  startup_stm32f10x_hd.o(.text)
    USART3_IRQHandler                        0x0800015f   Thumb Code     0  startup_stm32f10x_hd.o(.text)
    USBWakeUp_IRQHandler                     0x0800015f   Thumb Code     0  startup_stm32f10x_hd.o(.text)
    USB_HP_CAN1_TX_IRQHandler                0x0800015f   Thumb Code     0  startup_stm32f10x_hd.o(.text)
    USB_LP_CAN1_RX0_IRQHandler               0x0800015f   Thumb Code     0  startup_stm32f10x_hd.o(.text)
    WWDG_IRQHandler                          0x0800015f   Thumb Code     0  startup_stm32f10x_hd.o(.text)
    __aeabi_fadd                             0x08000169   Thumb Code   164  fadd.o(.text)
    __aeabi_fsub                             0x0800020d   Thumb Code     6  fadd.o(.text)
    __aeabi_frsub                            0x08000213   Thumb Code     6  fadd.o(.text)
    __aeabi_fmul                             0x08000219   Thumb Code   100  fmul.o(.text)
    __aeabi_fdiv                             0x0800027d   Thumb Code   124  fdiv.o(.text)
    __aeabi_dadd                             0x080002f9   Thumb Code   322  dadd.o(.text)
    __aeabi_dsub                             0x0800043b   Thumb Code     6  dadd.o(.text)
    __aeabi_drsub                            0x08000441   Thumb Code     6  dadd.o(.text)
    __aeabi_dmul                             0x08000447   Thumb Code   228  dmul.o(.text)
    __aeabi_ddiv                             0x0800052b   Thumb Code   222  ddiv.o(.text)
    __aeabi_i2f                              0x08000609   Thumb Code    18  fflti.o(.text)
    __aeabi_i2d                              0x0800061b   Thumb Code    34  dflti.o(.text)
    __aeabi_f2iz                             0x0800063d   Thumb Code    50  ffixi.o(.text)
    __aeabi_d2iz                             0x0800066f   Thumb Code    62  dfixi.o(.text)
    __aeabi_f2d                              0x080006ad   Thumb Code    38  f2d.o(.text)
    __aeabi_cdcmpeq                          0x080006d5   Thumb Code     0  cdcmple.o(.text)
    __aeabi_cdcmple                          0x080006d5   Thumb Code    48  cdcmple.o(.text)
    __aeabi_cdrcmple                         0x08000705   Thumb Code    48  cdrcmple.o(.text)
    __aeabi_d2f                              0x08000735   Thumb Code    56  d2f.o(.text)
    __aeabi_cfcmpeq                          0x0800076d   Thumb Code     0  cfcmple.o(.text)
    __aeabi_cfcmple                          0x0800076d   Thumb Code    20  cfcmple.o(.text)
    __aeabi_cfrcmple                         0x08000781   Thumb Code    20  cfrcmple.o(.text)
    __aeabi_llsl                             0x08000795   Thumb Code    30  llshl.o(.text)
    _ll_shift_l                              0x08000795   Thumb Code     0  llshl.o(.text)
    __aeabi_llsr                             0x080007b3   Thumb Code    32  llushr.o(.text)
    _ll_ushift_r                             0x080007b3   Thumb Code     0  llushr.o(.text)
    __aeabi_lasr                             0x080007d3   Thumb Code    36  llsshr.o(.text)
    _ll_sshift_r                             0x080007d3   Thumb Code     0  llsshr.o(.text)
    __I$use$fp                               0x080007f7   Thumb Code     0  iusefp.o(.text)
    _float_round                             0x080007f7   Thumb Code    18  fepilogue.o(.text)
    _float_epilogue                          0x08000809   Thumb Code    92  fepilogue.o(.text)
    _double_round                            0x08000865   Thumb Code    30  depilogue.o(.text)
    _double_epilogue                         0x08000883   Thumb Code   156  depilogue.o(.text)
    _dsqrt                                   0x0800091f   Thumb Code   162  dsqrt.o(.text)
    __scatterload                            0x080009c1   Thumb Code    28  init.o(.text)
    __scatterload_rt2                        0x080009c1   Thumb Code     0  init.o(.text)
    __ARM_scalbn                             0x080009e5   Thumb Code    46  dscalb.o(.text)
    scalbn                                   0x080009e5   Thumb Code     0  dscalb.o(.text)
    __aeabi_ui2d                             0x08000a13   Thumb Code    26  dfltui.o(.text)
    BusFault_Handler                         0x08000a2d   Thumb Code     4  stm32f10x_it.o(i.BusFault_Handler)
    DebugMon_Handler                         0x08000a31   Thumb Code     2  stm32f10x_it.o(i.DebugMon_Handler)
    DecideMove                               0x08000a35   Thumb Code   264  control.o(i.DecideMove)
    Delay_10us                               0x08000b65   Thumb Code    32  systick.o(i.Delay_10us)
    Encoder_Init                             0x08000b89   Thumb Code   230  control.o(i.Encoder_Init)
    Encoder_Reset                            0x08000c81   Thumb Code    18  control.o(i.Encoder_Reset)
    GPIO_Init                                0x08000c9d   Thumb Code   278  stm32f10x_gpio.o(i.GPIO_Init)
    GPIO_ResetBits                           0x08000db3   Thumb Code     4  stm32f10x_gpio.o(i.GPIO_ResetBits)
    GPIO_SetBits                             0x08000db7   Thumb Code     4  stm32f10x_gpio.o(i.GPIO_SetBits)
    GetAllFromMPU                            0x08000dbd   Thumb Code   382  gyro.o(i.GetAllFromMPU)
    GetAngles                                0x08000f7d   Thumb Code  1292  gyro.o(i.GetAngles)
    GetData                                  0x080014a5   Thumb Code    30  mpu6050.o(i.GetData)
    HardFault_Handler                        0x080014c3   Thumb Code     4  stm32f10x_it.o(i.HardFault_Handler)
    I2C_AcknowledgeConfig                    0x080014c7   Thumb Code    24  stm32f10x_i2c.o(i.I2C_AcknowledgeConfig)
    I2C_ByteRead                             0x080014e1   Thumb Code   190  mpu6050.o(i.I2C_ByteRead)
    I2C_ByteWrite                            0x080015ad   Thumb Code   110  mpu6050.o(i.I2C_ByteWrite)
    I2C_CheckEvent                           0x08001629   Thumb Code    42  stm32f10x_i2c.o(i.I2C_CheckEvent)
    I2C_Cmd                                  0x08001653   Thumb Code    24  stm32f10x_i2c.o(i.I2C_Cmd)
    I2C_GenerateSTART                        0x080016a1   Thumb Code    24  stm32f10x_i2c.o(i.I2C_GenerateSTART)
    I2C_GenerateSTOP                         0x080016b9   Thumb Code    24  stm32f10x_i2c.o(i.I2C_GenerateSTOP)
    I2C_GetFlagStatus                        0x080016d1   Thumb Code    58  stm32f10x_i2c.o(i.I2C_GetFlagStatus)
    I2C_Init                                 0x0800170d   Thumb Code   222  stm32f10x_i2c.o(i.I2C_Init)
    I2C_MPU6050_Init                         0x080017f9   Thumb Code    12  mpu6050.o(i.I2C_MPU6050_Init)
    I2C_ReceiveData                          0x08001841   Thumb Code     8  stm32f10x_i2c.o(i.I2C_ReceiveData)
    I2C_Send7bitAddress                      0x08001849   Thumb Code    18  stm32f10x_i2c.o(i.I2C_Send7bitAddress)
    I2C_SendData                             0x0800185b   Thumb Code     4  stm32f10x_i2c.o(i.I2C_SendData)
    InitMPU6050                              0x0800185f   Thumb Code    44  mpu6050.o(i.InitMPU6050)
    M_Init                                   0x0800188d   Thumb Code    46  motor.o(i.M_Init)
    MemManage_Handler                        0x080018c5   Thumb Code     4  stm32f10x_it.o(i.MemManage_Handler)
    MotorControl                             0x080018c9   Thumb Code    32  control.o(i.MotorControl)
    Motor_Speed_Control                      0x080018e9   Thumb Code   424  motor.o(i.Motor_Speed_Control)
    Move                                     0x08001aa9   Thumb Code   190  control.o(i.Move)
    NMI_Handler                              0x08001b7d   Thumb Code     2  stm32f10x_it.o(i.NMI_Handler)
    NVIC_Config                              0x08001b7f   Thumb Code    70  nvic.o(i.NVIC_Config)
    NVIC_Init                                0x08001bc5   Thumb Code   100  misc.o(i.NVIC_Init)
    NVIC_PriorityGroupConfig                 0x08001c35   Thumb Code    10  misc.o(i.NVIC_PriorityGroupConfig)
    PIDcontrol                               0x08001c49   Thumb Code   764  control.o(i.PIDcontrol)
    PendSV_Handler                           0x08001f71   Thumb Code     2  stm32f10x_it.o(i.PendSV_Handler)
    RCC_APB1PeriphClockCmd                   0x08001f75   Thumb Code    26  stm32f10x_rcc.o(i.RCC_APB1PeriphClockCmd)
    RCC_APB2PeriphClockCmd                   0x08001f95   Thumb Code    26  stm32f10x_rcc.o(i.RCC_APB2PeriphClockCmd)
    RCC_GetClocksFreq                        0x08001fb5   Thumb Code   192  stm32f10x_rcc.o(i.RCC_GetClocksFreq)
    SVC_Handler                              0x08002089   Thumb Code     2  stm32f10x_it.o(i.SVC_Handler)
    SetupAllPivot                            0x08002175   Thumb Code   382  gyro.o(i.SetupAllPivot)
    SysTick_Handler                          0x08002319   Thumb Code     8  stm32f10x_it.o(i.SysTick_Handler)
    SysTick_Init                             0x08002321   Thumb Code   104  systick.o(i.SysTick_Init)
    SystemInit                               0x08002399   Thumb Code    78  system_stm32f10x.o(i.SystemInit)
    TIM6_IRQHandler                          0x08002639   Thumb Code    42  stm32f10x_it.o(i.TIM6_IRQHandler)
    TIM6_Init                                0x08002669   Thumb Code    54  control.o(i.TIM6_Init)
    TIM8_PWM_Init                            0x080026a5   Thumb Code   164  motor.o(i.TIM8_PWM_Init)
    TIM_ClearITPendingBit                    0x08002751   Thumb Code     6  stm32f10x_tim.o(i.TIM_ClearITPendingBit)
    TIM_Cmd                                  0x08002757   Thumb Code    24  stm32f10x_tim.o(i.TIM_Cmd)
    TIM_CtrlPWMOutputs                       0x0800276f   Thumb Code    30  stm32f10x_tim.o(i.TIM_CtrlPWMOutputs)
    TIM_EncoderInterfaceConfig               0x0800278d   Thumb Code    66  stm32f10x_tim.o(i.TIM_EncoderInterfaceConfig)
    TIM_GetITStatus                          0x080027cf   Thumb Code    34  stm32f10x_tim.o(i.TIM_GetITStatus)
    TIM_ICInit                               0x080027f1   Thumb Code   150  stm32f10x_tim.o(i.TIM_ICInit)
    TIM_ICStructInit                         0x0800289d   Thumb Code    18  stm32f10x_tim.o(i.TIM_ICStructInit)
    TIM_ITConfig                             0x080028af   Thumb Code    18  stm32f10x_tim.o(i.TIM_ITConfig)
    TIM_OC1Init                              0x080028c1   Thumb Code   132  stm32f10x_tim.o(i.TIM_OC1Init)
    TIM_OC1PreloadConfig                     0x08002959   Thumb Code    18  stm32f10x_tim.o(i.TIM_OC1PreloadConfig)
    TIM_OC2Init                              0x0800296d   Thumb Code   154  stm32f10x_tim.o(i.TIM_OC2Init)
    TIM_OC2PreloadConfig                     0x08002a11   Thumb Code    26  stm32f10x_tim.o(i.TIM_OC2PreloadConfig)
    TIM_OC3Init                              0x08002a2d   Thumb Code   150  stm32f10x_tim.o(i.TIM_OC3Init)
    TIM_OC3PreloadConfig                     0x08002acd   Thumb Code    18  stm32f10x_tim.o(i.TIM_OC3PreloadConfig)
    TIM_OC4Init                              0x08002ae1   Thumb Code   114  stm32f10x_tim.o(i.TIM_OC4Init)
    TIM_OC4PreloadConfig                     0x08002b5d   Thumb Code    26  stm32f10x_tim.o(i.TIM_OC4PreloadConfig)
    TIM_SetIC1Prescaler                      0x08002b77   Thumb Code    18  stm32f10x_tim.o(i.TIM_SetIC1Prescaler)
    TIM_SetIC2Prescaler                      0x08002b89   Thumb Code    26  stm32f10x_tim.o(i.TIM_SetIC2Prescaler)
    TIM_SetIC3Prescaler                      0x08002ba3   Thumb Code    18  stm32f10x_tim.o(i.TIM_SetIC3Prescaler)
    TIM_SetIC4Prescaler                      0x08002bb5   Thumb Code    26  stm32f10x_tim.o(i.TIM_SetIC4Prescaler)
    TIM_TimeBaseInit                         0x08002bd1   Thumb Code   122  stm32f10x_tim.o(i.TIM_TimeBaseInit)
    TimingCnt_Decrement                      0x08002c75   Thumb Code    18  systick.o(i.TimingCnt_Decrement)
    USART1_Config                            0x08002c8d   Thumb Code   196  usart.o(i.USART1_Config)
    USART1_IRQHandler                        0x08002d61   Thumb Code   320  stm32f10x_it.o(i.USART1_IRQHandler)
    USART_ClearITPendingBit                  0x08002eb5   Thumb Code    30  stm32f10x_usart.o(i.USART_ClearITPendingBit)
    USART_Cmd                                0x08002ed3   Thumb Code    24  stm32f10x_usart.o(i.USART_Cmd)
    USART_GetFlagStatus                      0x08002eeb   Thumb Code    26  stm32f10x_usart.o(i.USART_GetFlagStatus)
    USART_GetITStatus                        0x08002f05   Thumb Code    84  stm32f10x_usart.o(i.USART_GetITStatus)
    USART_ITConfig                           0x08002f59   Thumb Code    74  stm32f10x_usart.o(i.USART_ITConfig)
    USART_Init                               0x08002fa5   Thumb Code   210  stm32f10x_usart.o(i.USART_Init)
    USART_ReceiveData                        0x0800307d   Thumb Code    10  stm32f10x_usart.o(i.USART_ReceiveData)
    USART_SendData                           0x08003087   Thumb Code     8  stm32f10x_usart.o(i.USART_SendData)
    UsageFault_Handler                       0x0800308f   Thumb Code     4  stm32f10x_it.o(i.UsageFault_Handler)
    __ARM_fpclassify                         0x08003093   Thumb Code    40  fpclassify.o(i.__ARM_fpclassify)
    __ieee754_rem_pio2                       0x080030bd   Thumb Code   828  rred.o(i.__ieee754_rem_pio2)
    __kernel_cos                             0x08003445   Thumb Code   230  cos_i.o(i.__kernel_cos)
    __kernel_poly                            0x08003541   Thumb Code   170  poly.o(i.__kernel_poly)
    __kernel_sin                             0x080035ed   Thumb Code   224  sin_i.o(i.__kernel_sin)
    __mathlib_dbl_infnan                     0x080036d9   Thumb Code     6  dunder.o(i.__mathlib_dbl_infnan)
    __mathlib_dbl_infnan2                    0x080036df   Thumb Code     4  dunder.o(i.__mathlib_dbl_infnan2)
    __mathlib_dbl_invalid                    0x080036e3   Thumb Code    12  dunder.o(i.__mathlib_dbl_invalid)
    __mathlib_dbl_underflow                  0x080036f1   Thumb Code    10  dunder.o(i.__mathlib_dbl_underflow)
    __scatterload_copy                       0x08003701   Thumb Code    14  handlers.o(i.__scatterload_copy)
    __scatterload_null                       0x0800370f   Thumb Code     2  handlers.o(i.__scatterload_null)
    __scatterload_zeroinit                   0x08003711   Thumb Code    14  handlers.o(i.__scatterload_zeroinit)
    __set_errno                              0x08003721   Thumb Code     6  errno.o(i.__set_errno)
    addNewPoint                              0x0800372d   Thumb Code    76  control.o(i.addNewPoint)
    atan                                     0x08003785   Thumb Code   474  atan.o(i.atan)
    atan2                                    0x080039a5   Thumb Code   346  atan2.o(i.atan2)
    cos                                      0x08003b25   Thumb Code   148  cos.o(i.cos)
    fputc                                    0x08003bc1   Thumb Code    32  usart.o(i.fputc)
    getDistance                              0x08003be5   Thumb Code    66  control.o(i.getDistance)
    getSelfAngle                             0x08003c29   Thumb Code    10  control.o(i.getSelfAngle)
    main                                     0x08003c3d   Thumb Code   106  main.o(i.main)
    motorspeedread                           0x08003cc1   Thumb Code   100  control.o(i.motorspeedread)
    putc                                     0x08003d3d   Thumb Code     4  putc.o(i.putc)
    puts                                     0x08003d41   Thumb Code    30  puts.o(i.puts)
    relaAngle                                0x08003d65   Thumb Code    62  control.o(i.relaAngle)
    setStrategy                              0x08003da5   Thumb Code   630  control.o(i.setStrategy)
    sin                                      0x08004041   Thumb Code   150  sin.o(i.sin)
    sqrt                                     0x080040e1   Thumb Code    76  sqrt.o(i.sqrt)
    velocityConvert                          0x0800412d   Thumb Code   416  control.o(i.velocityConvert)
    __mathlib_zero                           0x080043b0   Data           8  qnan.o(.constdata)
    Region$$Table$$Base                      0x080044a8   Number         0  anon$$obj.o(Region$$Table)
    Region$$Table$$Limit                     0x080044c8   Number         0  anon$$obj.o(Region$$Table)
    TimingCnt                                0x20000000   Data           4  systick.o(.data)
    Rx1Counter                               0x20000004   Data           4  usart.o(.data)
    Rx2Counter                               0x20000008   Data           4  usart.o(.data)
    CCR_Data                                 0x2000000c   Data           4  usart.o(.data)
    courseAngle                              0x20000010   Data           4  control.o(.data)
    currentIndex                             0x20000014   Data           2  control.o(.data)
    TargetPoint                              0x20000016   Data           4  control.o(.data)
    TargetAngle                              0x2000001c   Data           4  control.o(.data)
    VxbyDecision                             0x20000020   Data           4  control.o(.data)
    VybyDecision                             0x20000024   Data           4  control.o(.data)
    OmegabyDecision                          0x20000028   Data           4  control.o(.data)
    Kp                                       0x2000002c   Data           4  control.o(.data)
    Ki                                       0x20000030   Data           4  control.o(.data)
    Kd                                       0x20000034   Data           4  control.o(.data)
    Umax                                     0x20000038   Data           4  control.o(.data)
    Umin                                     0x2000003c   Data           4  control.o(.data)
    Error_Max                                0x20000040   Data           4  control.o(.data)
    moveState                                0x20000044   Data           1  control.o(.data)
    rotateStartIndex                         0x20000045   Data           1  control.o(.data)
    countNewPoint                            0x20000046   Data           1  control.o(.data)
    q0                                       0x20000048   Data           4  gyro.o(.data)
    q1                                       0x2000004c   Data           4  gyro.o(.data)
    q2                                       0x20000050   Data           4  gyro.o(.data)
    q3                                       0x20000054   Data           4  gyro.o(.data)
    exInt                                    0x20000058   Data           4  gyro.o(.data)
    eyInt                                    0x2000005c   Data           4  gyro.o(.data)
    ezInt                                    0x20000060   Data           4  gyro.o(.data)
    aX                                       0x20000064   Data           4  gyro.o(.data)
    aY                                       0x20000068   Data           4  gyro.o(.data)
    aZ                                       0x2000006c   Data           4  gyro.o(.data)
    wX                                       0x20000070   Data           4  gyro.o(.data)
    wY                                       0x20000074   Data           4  gyro.o(.data)
    wZ                                       0x20000078   Data           4  gyro.o(.data)
    ax0                                      0x2000007c   Data           4  gyro.o(.data)
    ay0                                      0x20000080   Data           4  gyro.o(.data)
    az0                                      0x20000084   Data           4  gyro.o(.data)
    wx0                                      0x20000088   Data           4  gyro.o(.data)
    wy0                                      0x2000008c   Data           4  gyro.o(.data)
    wz0                                      0x20000090   Data           4  gyro.o(.data)
    AngRoll                                  0x20000094   Data           4  gyro.o(.data)
    AngPitch                                 0x20000098   Data           4  gyro.o(.data)
    AngYaw                                   0x2000009c   Data           4  gyro.o(.data)
    norm                                     0x200000a0   Data           4  gyro.o(.data)
    vx                                       0x200000a4   Data           4  gyro.o(.data)
    vy                                       0x200000a8   Data           4  gyro.o(.data)
    vz                                       0x200000ac   Data           4  gyro.o(.data)
    ex                                       0x200000b0   Data           4  gyro.o(.data)
    ey                                       0x200000b4   Data           4  gyro.o(.data)
    ez                                       0x200000b8   Data           4  gyro.o(.data)
    SystemCoreClock                          0x200000d0   Data           4  system_stm32f10x.o(.data)
    AHBPrescTable                            0x200000d4   Data          16  system_stm32f10x.o(.data)
    __stdout                                 0x200000e4   Data           4  stdout.o(.data)
    Rx1Buffer                                0x200000ec   Data       16384  usart.o(.bss)
    Rx2Buffer                                0x200040ec   Data       16384  usart.o(.bss)
    ActualSpeed                              0x200080ec   Data          12  control.o(.bss)
    ExpectSpeed                              0x200080f8   Data          12  control.o(.bss)
    SelfPointArr                             0x20008104   Data         400  control.o(.bss)
    BallPointArr                             0x20008294   Data         400  control.o(.bss)
    RivalPointArr                            0x20008424   Data         400  control.o(.bss)
    V0pid                                    0x200085b4   Data          24  control.o(.bss)
    V1pid                                    0x200085cc   Data          24  control.o(.bss)
    V2pid                                    0x200085e4   Data          24  control.o(.bss)
    info                                     0x200085fc   Data          26  control.o(.bss)
    __initial_sp                             0x20008a18   Data           0  startup_stm32f10x_hd.o(STACK)



==============================================================================

Memory Map of the image

  Image Entry point : 0x08000131

  Load Region LR_IROM1 (Base: 0x08000000, Size: 0x000045b4, Max: 0x00040000, ABSOLUTE)

    Execution Region ER_IROM1 (Base: 0x08000000, Size: 0x000044c8, Max: 0x00040000, ABSOLUTE)

    Base Addr    Size         Type   Attr      Idx    E Section Name        Object

    0x08000000   0x00000130   Data   RO         1954    RESET               startup_stm32f10x_hd.o
    0x08000130   0x00000000   Code   RO         2037  * .ARM.Collect$$$$00000000  mc_w.l(entry.o)
    0x08000130   0x00000004   Code   RO         2118    .ARM.Collect$$$$00000001  mc_w.l(entry2.o)
    0x08000134   0x00000004   Code   RO         2121    .ARM.Collect$$$$00000004  mc_w.l(entry5.o)
    0x08000138   0x00000000   Code   RO         2123    .ARM.Collect$$$$00000008  mc_w.l(entry7b.o)
    0x08000138   0x00000000   Code   RO         2125    .ARM.Collect$$$$0000000A  mc_w.l(entry8b.o)
    0x08000138   0x00000008   Code   RO         2126    .ARM.Collect$$$$0000000B  mc_w.l(entry9a.o)
    0x08000140   0x00000000   Code   RO         2128    .ARM.Collect$$$$0000000D  mc_w.l(entry10a.o)
    0x08000140   0x00000000   Code   RO         2130    .ARM.Collect$$$$0000000F  mc_w.l(entry11a.o)
    0x08000140   0x00000004   Code   RO         2119    .ARM.Collect$$$$00002712  mc_w.l(entry2.o)
    0x08000144   0x00000024   Code   RO         1955    .text               startup_stm32f10x_hd.o
    0x08000168   0x000000b0   Code   RO         2047    .text               mf_w.l(fadd.o)
    0x08000218   0x00000064   Code   RO         2049    .text               mf_w.l(fmul.o)
    0x0800027c   0x0000007c   Code   RO         2051    .text               mf_w.l(fdiv.o)
    0x080002f8   0x0000014e   Code   RO         2053    .text               mf_w.l(dadd.o)
    0x08000446   0x000000e4   Code   RO         2055    .text               mf_w.l(dmul.o)
    0x0800052a   0x000000de   Code   RO         2057    .text               mf_w.l(ddiv.o)
    0x08000608   0x00000012   Code   RO         2059    .text               mf_w.l(fflti.o)
    0x0800061a   0x00000022   Code   RO         2061    .text               mf_w.l(dflti.o)
    0x0800063c   0x00000032   Code   RO         2063    .text               mf_w.l(ffixi.o)
    0x0800066e   0x0000003e   Code   RO         2065    .text               mf_w.l(dfixi.o)
    0x080006ac   0x00000026   Code   RO         2067    .text               mf_w.l(f2d.o)
    0x080006d2   0x00000002   PAD
    0x080006d4   0x00000030   Code   RO         2069    .text               mf_w.l(cdcmple.o)
    0x08000704   0x00000030   Code   RO         2071    .text               mf_w.l(cdrcmple.o)
    0x08000734   0x00000038   Code   RO         2073    .text               mf_w.l(d2f.o)
    0x0800076c   0x00000014   Code   RO         2075    .text               mf_w.l(cfcmple.o)
    0x08000780   0x00000014   Code   RO         2077    .text               mf_w.l(cfrcmple.o)
    0x08000794   0x0000001e   Code   RO         2132    .text               mc_w.l(llshl.o)
    0x080007b2   0x00000020   Code   RO         2134    .text               mc_w.l(llushr.o)
    0x080007d2   0x00000024   Code   RO         2136    .text               mc_w.l(llsshr.o)
    0x080007f6   0x00000000   Code   RO         2145    .text               mc_w.l(iusefp.o)
    0x080007f6   0x0000006e   Code   RO         2146    .text               mf_w.l(fepilogue.o)
    0x08000864   0x000000ba   Code   RO         2148    .text               mf_w.l(depilogue.o)
    0x0800091e   0x000000a2   Code   RO         2150    .text               mf_w.l(dsqrt.o)
    0x080009c0   0x00000024   Code   RO         2156    .text               mc_w.l(init.o)
    0x080009e4   0x0000002e   Code   RO         2158    .text               mf_w.l(dscalb.o)
    0x08000a12   0x0000001a   Code   RO         2160    .text               mf_w.l(dfltui.o)
    0x08000a2c   0x00000004   Code   RO          119    i.BusFault_Handler  stm32f10x_it.o
    0x08000a30   0x00000002   Code   RO          120    i.DebugMon_Handler  stm32f10x_it.o
    0x08000a32   0x00000002   PAD
    0x08000a34   0x00000130   Code   RO          292    i.DecideMove        control.o
    0x08000b64   0x00000024   Code   RO          212    i.Delay_10us        systick.o
    0x08000b88   0x000000f8   Code   RO          293    i.Encoder_Init      control.o
    0x08000c80   0x0000001c   Code   RO          295    i.Encoder_Reset     control.o
    0x08000c9c   0x00000116   Code   RO          655    i.GPIO_Init         stm32f10x_gpio.o
    0x08000db2   0x00000004   Code   RO          662    i.GPIO_ResetBits    stm32f10x_gpio.o
    0x08000db6   0x00000004   Code   RO          663    i.GPIO_SetBits      stm32f10x_gpio.o
    0x08000dba   0x00000002   PAD
    0x08000dbc   0x000001c0   Code   RO          532    i.GetAllFromMPU     gyro.o
    0x08000f7c   0x00000528   Code   RO          533    i.GetAngles         gyro.o
    0x080014a4   0x0000001e   Code   RO          474    i.GetData           mpu6050.o
    0x080014c2   0x00000004   Code   RO          121    i.HardFault_Handler  stm32f10x_it.o
    0x080014c6   0x00000018   Code   RO          776    i.I2C_AcknowledgeConfig  stm32f10x_i2c.o
    0x080014de   0x00000002   PAD
    0x080014e0   0x000000cc   Code   RO          475    i.I2C_ByteRead      mpu6050.o
    0x080015ac   0x0000007c   Code   RO          476    i.I2C_ByteWrite     mpu6050.o
    0x08001628   0x0000002a   Code   RO          778    i.I2C_CheckEvent    stm32f10x_i2c.o
    0x08001652   0x00000018   Code   RO          781    i.I2C_Cmd           stm32f10x_i2c.o
    0x0800166a   0x00000002   PAD
    0x0800166c   0x00000034   Code   RO          477    i.I2C_GPIO_Config   mpu6050.o
    0x080016a0   0x00000018   Code   RO          788    i.I2C_GenerateSTART  stm32f10x_i2c.o
    0x080016b8   0x00000018   Code   RO          789    i.I2C_GenerateSTOP  stm32f10x_i2c.o
    0x080016d0   0x0000003a   Code   RO          790    i.I2C_GetFlagStatus  stm32f10x_i2c.o
    0x0800170a   0x00000002   PAD
    0x0800170c   0x000000ec   Code   RO          795    i.I2C_Init          stm32f10x_i2c.o
    0x080017f8   0x0000000c   Code   RO          478    i.I2C_MPU6050_Init  mpu6050.o
    0x08001804   0x0000003c   Code   RO          479    i.I2C_Mode_Config   mpu6050.o
    0x08001840   0x00000008   Code   RO          800    i.I2C_ReceiveData   stm32f10x_i2c.o
    0x08001848   0x00000012   Code   RO          802    i.I2C_Send7bitAddress  stm32f10x_i2c.o
    0x0800185a   0x00000004   Code   RO          803    i.I2C_SendData      stm32f10x_i2c.o
    0x0800185e   0x0000002c   Code   RO          480    i.InitMPU6050       mpu6050.o
    0x0800188a   0x00000002   PAD
    0x0800188c   0x00000038   Code   RO          438    i.M_Init            motor.o
    0x080018c4   0x00000004   Code   RO          122    i.MemManage_Handler  stm32f10x_it.o
    0x080018c8   0x00000020   Code   RO          296    i.MotorControl      control.o
    0x080018e8   0x000001c0   Code   RO          439    i.Motor_Speed_Control  motor.o
    0x08001aa8   0x000000d4   Code   RO          297    i.Move              control.o
    0x08001b7c   0x00000002   Code   RO          123    i.NMI_Handler       stm32f10x_it.o
    0x08001b7e   0x00000046   Code   RO          574    i.NVIC_Config       nvic.o
    0x08001bc4   0x00000070   Code   RO          601    i.NVIC_Init         misc.o
    0x08001c34   0x00000014   Code   RO          602    i.NVIC_PriorityGroupConfig  misc.o
    0x08001c48   0x00000328   Code   RO          298    i.PIDcontrol        control.o
    0x08001f70   0x00000002   Code   RO          124    i.PendSV_Handler    stm32f10x_it.o
    0x08001f72   0x00000002   PAD
    0x08001f74   0x00000020   Code   RO          993    i.RCC_APB1PeriphClockCmd  stm32f10x_rcc.o
    0x08001f94   0x00000020   Code   RO          995    i.RCC_APB2PeriphClockCmd  stm32f10x_rcc.o
    0x08001fb4   0x000000d4   Code   RO         1003    i.RCC_GetClocksFreq  stm32f10x_rcc.o
    0x08002088   0x00000002   Code   RO          125    i.SVC_Handler       stm32f10x_it.o
    0x0800208a   0x00000008   Code   RO         1962    i.SetSysClock       system_stm32f10x.o
    0x08002092   0x00000002   PAD
    0x08002094   0x000000e0   Code   RO         1963    i.SetSysClockTo72   system_stm32f10x.o
    0x08002174   0x000001a4   Code   RO          534    i.SetupAllPivot     gyro.o
    0x08002318   0x00000008   Code   RO          126    i.SysTick_Handler   stm32f10x_it.o
    0x08002320   0x00000078   Code   RO          213    i.SysTick_Init      systick.o
    0x08002398   0x00000060   Code   RO         1965    i.SystemInit        system_stm32f10x.o
    0x080023f8   0x00000080   Code   RO         1203    i.TI1_Config        stm32f10x_tim.o
    0x08002478   0x00000098   Code   RO         1204    i.TI2_Config        stm32f10x_tim.o
    0x08002510   0x00000090   Code   RO         1205    i.TI3_Config        stm32f10x_tim.o
    0x080025a0   0x00000098   Code   RO         1206    i.TI4_Config        stm32f10x_tim.o
    0x08002638   0x00000030   Code   RO          127    i.TIM6_IRQHandler   stm32f10x_it.o
    0x08002668   0x0000003c   Code   RO          302    i.TIM6_Init         control.o
    0x080026a4   0x000000ac   Code   RO          440    i.TIM8_PWM_Init     motor.o
    0x08002750   0x00000006   Code   RO         1214    i.TIM_ClearITPendingBit  stm32f10x_tim.o
    0x08002756   0x00000018   Code   RO         1219    i.TIM_Cmd           stm32f10x_tim.o
    0x0800276e   0x0000001e   Code   RO         1221    i.TIM_CtrlPWMOutputs  stm32f10x_tim.o
    0x0800278c   0x00000042   Code   RO         1228    i.TIM_EncoderInterfaceConfig  stm32f10x_tim.o
    0x080027ce   0x00000022   Code   RO         1240    i.TIM_GetITStatus   stm32f10x_tim.o
    0x080027f0   0x000000ac   Code   RO         1242    i.TIM_ICInit        stm32f10x_tim.o
    0x0800289c   0x00000012   Code   RO         1243    i.TIM_ICStructInit  stm32f10x_tim.o
    0x080028ae   0x00000012   Code   RO         1244    i.TIM_ITConfig      stm32f10x_tim.o
    0x080028c0   0x00000098   Code   RO         1248    i.TIM_OC1Init       stm32f10x_tim.o
    0x08002958   0x00000012   Code   RO         1251    i.TIM_OC1PreloadConfig  stm32f10x_tim.o
    0x0800296a   0x00000002   PAD
    0x0800296c   0x000000a4   Code   RO         1253    i.TIM_OC2Init       stm32f10x_tim.o
    0x08002a10   0x0000001a   Code   RO         1256    i.TIM_OC2PreloadConfig  stm32f10x_tim.o
    0x08002a2a   0x00000002   PAD
    0x08002a2c   0x000000a0   Code   RO         1258    i.TIM_OC3Init       stm32f10x_tim.o
    0x08002acc   0x00000012   Code   RO         1261    i.TIM_OC3PreloadConfig  stm32f10x_tim.o
    0x08002ade   0x00000002   PAD
    0x08002ae0   0x0000007c   Code   RO         1263    i.TIM_OC4Init       stm32f10x_tim.o
    0x08002b5c   0x0000001a   Code   RO         1265    i.TIM_OC4PreloadConfig  stm32f10x_tim.o
    0x08002b76   0x00000012   Code   RO         1285    i.TIM_SetIC1Prescaler  stm32f10x_tim.o
    0x08002b88   0x0000001a   Code   RO         1286    i.TIM_SetIC2Prescaler  stm32f10x_tim.o
    0x08002ba2   0x00000012   Code   RO         1287    i.TIM_SetIC3Prescaler  stm32f10x_tim.o
    0x08002bb4   0x0000001a   Code   RO         1288    i.TIM_SetIC4Prescaler  stm32f10x_tim.o
    0x08002bce   0x00000002   PAD
    0x08002bd0   0x000000a4   Code   RO         1290    i.TIM_TimeBaseInit  stm32f10x_tim.o
    0x08002c74   0x00000018   Code   RO          214    i.TimingCnt_Decrement  systick.o
    0x08002c8c   0x000000d4   Code   RO          255    i.USART1_Config     usart.o
    0x08002d60   0x00000154   Code   RO          128    i.USART1_IRQHandler  stm32f10x_it.o
    0x08002eb4   0x0000001e   Code   RO         1764    i.USART_ClearITPendingBit  stm32f10x_usart.o
    0x08002ed2   0x00000018   Code   RO         1767    i.USART_Cmd         stm32f10x_usart.o
    0x08002eea   0x0000001a   Code   RO         1770    i.USART_GetFlagStatus  stm32f10x_usart.o
    0x08002f04   0x00000054   Code   RO         1771    i.USART_GetITStatus  stm32f10x_usart.o
    0x08002f58   0x0000004a   Code   RO         1773    i.USART_ITConfig    stm32f10x_usart.o
    0x08002fa2   0x00000002   PAD
    0x08002fa4   0x000000d8   Code   RO         1774    i.USART_Init        stm32f10x_usart.o
    0x0800307c   0x0000000a   Code   RO         1781    i.USART_ReceiveData  stm32f10x_usart.o
    0x08003086   0x00000008   Code   RO         1784    i.USART_SendData    stm32f10x_usart.o
    0x0800308e   0x00000004   Code   RO          130    i.UsageFault_Handler  stm32f10x_it.o
    0x08003092   0x00000028   Code   RO         2152    i.__ARM_fpclassify  m_ws.l(fpclassify.o)
    0x080030ba   0x00000002   PAD
    0x080030bc   0x00000388   Code   RO         2107    i.__ieee754_rem_pio2  m_ws.l(rred.o)
    0x08003444   0x000000fc   Code   RO         2089    i.__kernel_cos      m_ws.l(cos_i.o)
    0x08003540   0x000000aa   Code   RO         2154    i.__kernel_poly     m_ws.l(poly.o)
    0x080035ea   0x00000002   PAD
    0x080035ec   0x000000ec   Code   RO         2112    i.__kernel_sin      m_ws.l(sin_i.o)
    0x080036d8   0x00000006   Code   RO         2093    i.__mathlib_dbl_infnan  m_ws.l(dunder.o)
    0x080036de   0x00000004   Code   RO         2094    i.__mathlib_dbl_infnan2  m_ws.l(dunder.o)
    0x080036e2   0x0000000c   Code   RO         2095    i.__mathlib_dbl_invalid  m_ws.l(dunder.o)
    0x080036ee   0x00000002   PAD
    0x080036f0   0x00000010   Code   RO         2098    i.__mathlib_dbl_underflow  m_ws.l(dunder.o)
    0x08003700   0x0000000e   Code   RO         2164    i.__scatterload_copy  mc_w.l(handlers.o)
    0x0800370e   0x00000002   Code   RO         2165    i.__scatterload_null  mc_w.l(handlers.o)
    0x08003710   0x0000000e   Code   RO         2166    i.__scatterload_zeroinit  mc_w.l(handlers.o)
    0x0800371e   0x00000002   PAD
    0x08003720   0x0000000c   Code   RO         2140    i.__set_errno       mc_w.l(errno.o)
    0x0800372c   0x00000058   Code   RO          303    i.addNewPoint       control.o
    0x08003784   0x00000220   Code   RO         2080    i.atan              m_ws.l(atan.o)
    0x080039a4   0x00000180   Code   RO         2006    i.atan2             m_ws.l(atan2.o)
    0x08003b24   0x0000009c   Code   RO         2014    i.cos               m_ws.l(cos.o)
    0x08003bc0   0x00000024   Code   RO          256    i.fputc             usart.o
    0x08003be4   0x00000042   Code   RO          305    i.getDistance       control.o
    0x08003c26   0x00000002   PAD
    0x08003c28   0x00000014   Code   RO          306    i.getSelfAngle      control.o
    0x08003c3c   0x00000084   Code   RO            4    i.main              main.o
    0x08003cc0   0x0000007c   Code   RO          307    i.motorspeedread    control.o
    0x08003d3c   0x00000004   Code   RO         2042    i.putc              mc_w.l(putc.o)
    0x08003d40   0x00000024   Code   RO         2040    i.puts              mc_w.l(puts.o)
    0x08003d64   0x0000003e   Code   RO          308    i.relaAngle         control.o
    0x08003da2   0x00000002   PAD
    0x08003da4   0x0000029c   Code   RO          309    i.setStrategy       control.o
    0x08004040   0x000000a0   Code   RO         2022    i.sin               m_ws.l(sin.o)
    0x080040e0   0x0000004c   Code   RO         2030    i.sqrt              m_ws.l(sqrt.o)
    0x0800412c   0x000001bc   Code   RO          311    i.velocityConvert   control.o
    0x080042e8   0x00000098   Data   RO         2081    .constdata          m_ws.l(atan.o)
    0x08004380   0x00000030   Data   RO         2090    .constdata          m_ws.l(cos_i.o)
    0x080043b0   0x00000008   Data   RO         2106    .constdata          m_ws.l(qnan.o)
    0x080043b8   0x000000c8   Data   RO         2109    .constdata          m_ws.l(rred.o)
    0x08004480   0x00000028   Data   RO         2113    .constdata          m_ws.l(sin_i.o)
    0x080044a8   0x00000020   Data   RO         2162    Region$$Table       anon$$obj.o


    Execution Region RW_IRAM1 (Base: 0x20000000, Size: 0x00008a18, Max: 0x0000c000, ABSOLUTE)

    Base Addr    Size         Type   Attr      Idx    E Section Name        Object

    0x20000000   0x00000004   Data   RW          215    .data               systick.o
    0x20000004   0x0000000c   Data   RW          258    .data               usart.o
    0x20000010   0x00000037   Data   RW          313    .data               control.o
    0x20000047   0x00000001   PAD
    0x20000048   0x00000074   Data   RW          535    .data               gyro.o
    0x200000bc   0x00000014   Data   RW         1023    .data               stm32f10x_rcc.o
    0x200000d0   0x00000014   Data   RW         1966    .data               system_stm32f10x.o
    0x200000e4   0x00000004   Data   RW         2046    .data               mc_w.l(stdout.o)
    0x200000e8   0x00000004   Data   RW         2141    .data               mc_w.l(errno.o)
    0x200000ec   0x00008000   Zero   RW          257    .bss                usart.o
    0x200080ec   0x0000052a   Zero   RW          312    .bss                control.o
    0x20008616   0x00000002   PAD
    0x20008618   0x00000400   Zero   RW         1952    STACK               startup_stm32f10x_hd.o


==============================================================================

Image component sizes


      Code (inc. data)   RO Data    RW Data    ZI Data      Debug   Object Name

      3164        252          0         55       1322       9607   control.o
      2188        200          0        116          0       2505   gyro.o
       132         26          0          0          0     263115   main.o
       132         22          0          0          0       1667   misc.o
       676         42          0          0          0       1739   motor.o
       526         38          0          0          0       3250   mpu6050.o
        70          0          0          0          0        446   nvic.o
        36          8        304          0       1024        780   startup_stm32f10x_hd.o
       286          0          0          0          0       3192   stm32f10x_gpio.o
       462         14          0          0          0       8072   stm32f10x_i2c.o
       420         26          0          0          0       4424   stm32f10x_it.o
       276         32          0         20          0       4582   stm32f10x_rcc.o
      1884        200          0          0          0      17408   stm32f10x_tim.o
       472          6          0          0          0       7103   stm32f10x_usart.o
       328         28          0         20          0       2101   system_stm32f10x.o
       180         26          0          4          0      26561   systick.o
       248         20          0         12      32768       1637   usart.o

    ----------------------------------------------------------------------
     11510        940        336        228      35116     358189   Object Totals
         0          0         32          0          0          0   (incl. Generated)
        30          0          0          1          2          0   (incl. Padding)

    ----------------------------------------------------------------------

      Code (inc. data)   RO Data    RW Data    ZI Data      Debug   Library Member Name

       544         70        152          0          0        124   atan.o
       384         38          0          0          0        144   atan2.o
       156          8          0          0          0        104   cos.o
       252         22         48          0          0        124   cos_i.o
        38          6          0          0          0        272   dunder.o
        40          0          0          0          0         68   fpclassify.o
       170          0          0          0          0         96   poly.o
         0          0          8          0          0          0   qnan.o
       904         76        200          0          0        140   rred.o
       160         10          0          0          0        108   sin.o
       236         12         40          0          0        128   sin_i.o
        76          0          0          0          0         84   sqrt.o
         0          0          0          0          0          0   entry.o
         0          0          0          0          0          0   entry10a.o
         0          0          0          0          0          0   entry11a.o
         8          4          0          0          0          0   entry2.o
         4          0          0          0          0          0   entry5.o
         0          0          0          0          0          0   entry7b.o
         0          0          0          0          0          0   entry8b.o
         8          4          0          0          0          0   entry9a.o
        12          6          0          4          0         68   errno.o
        30          0          0          0          0          0   handlers.o
        36          8          0          0          0         68   init.o
         0          0          0          0          0          0   iusefp.o
        30          0          0          0          0         68   llshl.o
        36          0          0          0          0         68   llsshr.o
        32          0          0          0          0         68   llushr.o
         4          0          0          0          0         68   putc.o
        36          6          0          0          0         80   puts.o
         0          0          0          4          0          0   stdout.o
        48          0          0          0          0         68   cdcmple.o
        48          0          0          0          0         68   cdrcmple.o
        20          0          0          0          0         68   cfcmple.o
        20          0          0          0          0         68   cfrcmple.o
        56          0          0          0          0         88   d2f.o
       334          0          0          0          0        148   dadd.o
       222          0          0          0          0        100   ddiv.o
       186          0          0          0          0        176   depilogue.o
        62          0          0          0          0         80   dfixi.o
        34          0          0          0          0         76   dflti.o
        26          0          0          0          0         76   dfltui.o
       228          0          0          0          0         96   dmul.o
        46          0          0          0          0         80   dscalb.o
       162          0          0          0          0        100   dsqrt.o
        38          0          0          0          0         68   f2d.o
       176          0          0          0          0        140   fadd.o
       124          0          0          0          0         88   fdiv.o
       110          0          0          0          0        168   fepilogue.o
        50          0          0          0          0         68   ffixi.o
        18          0          0          0          0         68   fflti.o
       100          0          0          0          0         76   fmul.o

    ----------------------------------------------------------------------
      5314        270        448          8          0       3848   Library Totals
        10          0          0          0          0          0   (incl. Padding)

    ----------------------------------------------------------------------

      Code (inc. data)   RO Data    RW Data    ZI Data      Debug   Library Name

      2960        242        448          0          0       1392   m_ws.l
       236         28          0          8          0        488   mc_w.l
      2108          0          0          0          0       1968   mf_w.l

    ----------------------------------------------------------------------
      5314        270        448          8          0       3848   Library Totals

    ----------------------------------------------------------------------

==============================================================================


      Code (inc. data)   RO Data    RW Data    ZI Data      Debug   

     16824       1210        784        236      35116     355169   Grand Totals
     16824       1210        784        236      35116     355169   ELF Image Totals
     16824       1210        784        236          0          0   ROM Totals

==============================================================================

    Total RO  Size (Code + RO Data)                17608 (  17.20kB)
    Total RW  Size (RW Data + ZI Data)             35352 (  34.52kB)
    Total ROM Size (Code + RO Data + RW Data)      17844 (  17.43kB)

==============================================================================

