Component: ARM Compiler 5.06 update 3 (build 300) Tool: armlink [4d35c9]

==============================================================================

Section Cross References

    main.o(i.main) refers to stm32f10x_rcc.o(i.RCC_APB1PeriphClockCmd) for RCC_APB1PeriphClockCmd
    main.o(i.main) refers to stm32f10x_rcc.o(i.RCC_APB2PeriphClockCmd) for RCC_APB2PeriphClockCmd
    main.o(i.main) refers to motor.o(i.TIM8_PWM_Init) for TIM8_PWM_Init
    main.o(i.main) refers to systick.o(i.SysTick_Init) for SysTick_Init
    main.o(i.main) refers to usart.o(i.USART1_Config) for USART1_Config
    main.o(i.main) refers to puts.o(i.puts) for puts
    main.o(i.main) refers to usart.o(i.USART3_Config) for USART3_Config
    main.o(i.main) refers to systick.o(i.Delay_10us) for Delay_10us
    main.o(i.main) refers to motor.o(i.M_Init) for M_Init
    main.o(i.main) refers to control.o(i.Encoder_Init) for Encoder_Init
    main.o(i.main) refers to control.o(i.TIM6_Init) for TIM6_Init
    main.o(i.main) refers to usart.o(i.UART4_Config) for UART4_Config
    main.o(i.main) refers to nvic.o(i.NVIC_Config) for NVIC_Config
    main.o(i.main) refers to control.o(.data) for GatePoint
    main.o(i.main) refers to control.o(.bss) for info
    stm32f10x_it.o(i.SysTick_Handler) refers to systick.o(i.TimingCnt_Decrement) for TimingCnt_Decrement
    stm32f10x_it.o(i.TIM6_IRQHandler) refers to stm32f10x_tim.o(i.TIM_GetITStatus) for TIM_GetITStatus
    stm32f10x_it.o(i.TIM6_IRQHandler) refers to stm32f10x_tim.o(i.TIM_ClearITPendingBit) for TIM_ClearITPendingBit
    stm32f10x_it.o(i.TIM6_IRQHandler) refers to fflti.o(.text) for __aeabi_i2f
    stm32f10x_it.o(i.TIM6_IRQHandler) refers to fdiv.o(.text) for __aeabi_fdiv
    stm32f10x_it.o(i.TIM6_IRQHandler) refers to fmul.o(.text) for __aeabi_fmul
    stm32f10x_it.o(i.TIM6_IRQHandler) refers to control.o(i.MotorControl) for MotorControl
    stm32f10x_it.o(i.TIM6_IRQHandler) refers to jy61.o(.data) for stcAngle
    stm32f10x_it.o(i.TIM6_IRQHandler) refers to control.o(.data) for courseAngle
    stm32f10x_it.o(i.UART4_IRQHandler) refers to stm32f10x_usart.o(i.USART_GetITStatus) for USART_GetITStatus
    stm32f10x_it.o(i.UART4_IRQHandler) refers to stm32f10x_usart.o(i.USART_ClearITPendingBit) for USART_ClearITPendingBit
    stm32f10x_it.o(i.UART4_IRQHandler) refers to stm32f10x_usart.o(i.USART_ReceiveData) for USART_ReceiveData
    stm32f10x_it.o(i.UART4_IRQHandler) refers to control.o(i.addNewPoint) for addNewPoint
    stm32f10x_it.o(i.UART4_IRQHandler) refers to usart.o(.data) for Rx2Counter
    stm32f10x_it.o(i.UART4_IRQHandler) refers to usart.o(.bss) for Rx2Buffer
    stm32f10x_it.o(i.UART4_IRQHandler) refers to control.o(.bss) for info
    stm32f10x_it.o(i.USART1_IRQHandler) refers to stm32f10x_usart.o(i.USART_GetITStatus) for USART_GetITStatus
    stm32f10x_it.o(i.USART1_IRQHandler) refers to stm32f10x_usart.o(i.USART_ClearITPendingBit) for USART_ClearITPendingBit
    stm32f10x_it.o(i.USART1_IRQHandler) refers to stm32f10x_usart.o(i.USART_ReceiveData) for USART_ReceiveData
    stm32f10x_it.o(i.USART1_IRQHandler) refers to usart.o(.data) for Rx2Counter
    stm32f10x_it.o(i.USART1_IRQHandler) refers to usart.o(.bss) for Rx2Buffer
    stm32f10x_it.o(i.USART3_IRQHandler) refers to stm32f10x_usart.o(i.USART_GetITStatus) for USART_GetITStatus
    stm32f10x_it.o(i.USART3_IRQHandler) refers to stm32f10x_usart.o(i.USART_ClearITPendingBit) for USART_ClearITPendingBit
    stm32f10x_it.o(i.USART3_IRQHandler) refers to stm32f10x_usart.o(i.USART_ReceiveData) for USART_ReceiveData
    stm32f10x_it.o(i.USART3_IRQHandler) refers to jy61.o(i.ProcessData) for ProcessData
    systick.o(i.Delay_10us) refers to systick.o(.data) for TimingCnt
    systick.o(i.SysTick_Init) refers to system_stm32f10x.o(.data) for SystemCoreClock
    systick.o(i.TimingCnt_Decrement) refers to systick.o(.data) for TimingCnt
    usart.o(i.UART4_Config) refers to stm32f10x_gpio.o(i.GPIO_Init) for GPIO_Init
    usart.o(i.UART4_Config) refers to stm32f10x_usart.o(i.USART_Init) for USART_Init
    usart.o(i.UART4_Config) refers to stm32f10x_usart.o(i.USART_ITConfig) for USART_ITConfig
    usart.o(i.UART4_Config) refers to stm32f10x_usart.o(i.USART_Cmd) for USART_Cmd
    usart.o(i.USART1_Config) refers to stm32f10x_gpio.o(i.GPIO_Init) for GPIO_Init
    usart.o(i.USART1_Config) refers to stm32f10x_usart.o(i.USART_Init) for USART_Init
    usart.o(i.USART1_Config) refers to stm32f10x_usart.o(i.USART_ITConfig) for USART_ITConfig
    usart.o(i.USART1_Config) refers to stm32f10x_usart.o(i.USART_Cmd) for USART_Cmd
    usart.o(i.USART3_Config) refers to stm32f10x_gpio.o(i.GPIO_Init) for GPIO_Init
    usart.o(i.USART3_Config) refers to stm32f10x_usart.o(i.USART_Init) for USART_Init
    usart.o(i.USART3_Config) refers to stm32f10x_usart.o(i.USART_ITConfig) for USART_ITConfig
    usart.o(i.USART3_Config) refers to stm32f10x_usart.o(i.USART_Cmd) for USART_Cmd
    usart.o(i.fputc) refers to stm32f10x_usart.o(i.USART_SendData) for USART_SendData
[...]
    rred.o(i.__ieee754_rem_pio2) refers (Special) to iusefp.o(.text) for __I$use$fp
    rred.o(i.__ieee754_rem_pio2) refers to dadd.o(.text) for __aeabi_dsub
    rred.o(i.__ieee754_rem_pio2) refers to dmul.o(.text) for __aeabi_dmul
    rred.o(i.__ieee754_rem_pio2) refers to dfixi.o(.text) for __aeabi_d2iz
    rred.o(i.__ieee754_rem_pio2) refers to dflti.o(.text) for __aeabi_i2d
    rred.o(i.__ieee754_rem_pio2) refers to dfltui.o(.text) for __aeabi_ui2d
    rred.o(i.__ieee754_rem_pio2) refers to dscalb.o(.text) for __ARM_scalbn
    rred.o(i.__ieee754_rem_pio2) refers to rred.o(.constdata) for .constdata
    rred.o(i.__use_accurate_range_reduction) refers (Special) to iusefp.o(.text) for __I$use$fp
    rred.o(.constdata) refers (Special) to iusefp.o(.text) for __I$use$fp
    sin_i.o(i.__kernel_sin) refers (Special) to iusefp.o(.text) for __I$use$fp
    sin_i.o(i.__kernel_sin) refers to fpclassify.o(i.__ARM_fpclassify) for __ARM_fpclassify
    sin_i.o(i.__kernel_sin) refers to dunder.o(i.__mathlib_dbl_underflow) for __mathlib_dbl_underflow
    sin_i.o(i.__kernel_sin) refers to dmul.o(.text) for __aeabi_dmul
    sin_i.o(i.__kernel_sin) refers to poly.o(i.__kernel_poly) for __kernel_poly
    sin_i.o(i.__kernel_sin) refers to dscalb.o(.text) for __ARM_scalbn
    sin_i.o(i.__kernel_sin) refers to dadd.o(.text) for __aeabi_dsub
    sin_i.o(i.__kernel_sin) refers to sin_i.o(.constdata) for .constdata
    sin_i.o(.constdata) refers (Special) to iusefp.o(.text) for __I$use$fp
    sin_i_x.o(i.____kernel_sin$lsc) refers (Special) to iusefp.o(.text) for __I$use$fp
    sin_i_x.o(i.____kernel_sin$lsc) refers to dmul.o(.text) for __aeabi_dmul
    sin_i_x.o(i.____kernel_sin$lsc) refers to poly.o(i.__kernel_poly) for __kernel_poly
    sin_i_x.o(i.____kernel_sin$lsc) refers to dscalb.o(.text) for __ARM_scalbn
    sin_i_x.o(i.____kernel_sin$lsc) refers to dadd.o(.text) for __aeabi_dsub
    sin_i_x.o(i.____kernel_sin$lsc) refers to sin_i_x.o(.constdata) for .constdata
    sin_i_x.o(.constdata) refers (Special) to iusefp.o(.text) for __I$use$fp
    entry2.o(.ARM.Collect$$$$00000001) refers to entry2.o(.ARM.Collect$$$$00002712) for __lit__00000000
    entry2.o(.ARM.Collect$$$$00002712) refers to startup_stm32f10x_hd.o(STACK) for __initial_sp
    entry2.o(__vectab_stack_and_reset_area) refers to startup_stm32f10x_hd.o(STACK) for __initial_sp
    entry2.o(__vectab_stack_and_reset_area) refers to entry.o(.ARM.Collect$$$$00000000) for __main
    entry5.o(.ARM.Collect$$$$00000004) refers to init.o(.text) for __scatterload
    entry9a.o(.ARM.Collect$$$$0000000B) refers to main.o(i.main) for main
    entry9b.o(.ARM.Collect$$$$0000000C) refers to main.o(i.main) for main
    errno.o(i.__aeabi_errno_addr) refers to errno.o(.data) for .data
    errno.o(i.__read_errno) refers to errno.o(.data) for .data
    errno.o(i.__set_errno) refers to errno.o(.data) for .data
    depilogue.o(.text) refers to llshl.o(.text) for __aeabi_llsl
    depilogue.o(.text) refers to llushr.o(.text) for __aeabi_llsr
    dsqrt.o(.text) refers to llushr.o(.text) for __aeabi_llsr
    dsqrt.o(.text) refers to depilogue.o(.text) for _double_round
    fpclassify.o(i.__ARM_fpclassify) refers (Special) to iusefp.o(.text) for __I$use$fp
    poly.o(i.__kernel_poly) refers (Special) to iusefp.o(.text) for __I$use$fp
    poly.o(i.__kernel_poly) refers to dmul.o(.text) for __aeabi_dmul
    poly.o(i.__kernel_poly) refers to dadd.o(.text) for __aeabi_dadd
    init.o(.text) refers to entry5.o(.ARM.Collect$$$$00000004) for __main_after_scatterload
    dfltui.o(.text) refers to depilogue.o(.text) for _double_epilogue


==============================================================================

Removing Unused input sections from the image.

    Removing main.o(.rev16_text), (4 bytes).
    Removing main.o(.revsh_text), (4 bytes).
    Removing main.o(.rrx_text), (6 bytes).
    Removing stm32f10x_it.o(.rev16_text), (4 bytes).
    Removing stm32f10x_it.o(.revsh_text), (4 bytes).
    Removing stm32f10x_it.o(.rrx_text), (6 bytes).
    Removing stm32f10x_it.o(.data), (6 bytes).
    Removing systick.o(.rev16_text), (4 bytes).
    Removing systick.o(.revsh_text), (4 bytes).
    Removing systick.o(.rrx_text), (6 bytes).
    Removing usart.o(.rev16_text), (4 bytes).
    Removing usart.o(.revsh_text), (4 bytes).
    Removing usart.o(.rrx_text), (6 bytes).
    Removing control.o(.rev16_text), (4 bytes).
    Removing control.o(.revsh_text), (4 bytes).
    Removing control.o(.rrx_text), (6 bytes).
    Removing control.o(i.Encoder_Read), (56 bytes).
    Removing control.o(i.Stop), (40 bytes).
    Removing motor.o(.rev16_text), (4 bytes).
    Removing motor.o(.revsh_text), (4 bytes).
    Removing motor.o(.rrx_text), (6 bytes).
    Removing nvic.o(.rev16_text), (4 bytes).
    Removing nvic.o(.revsh_text), (4 bytes).
    Removing nvic.o(.rrx_text), (6 bytes).
    Removing jy61.o(.rev16_text), (4 bytes).
    Removing jy61.o(.revsh_text), (4 bytes).
    Removing jy61.o(.rrx_text), (6 bytes).
    Removing misc.o(.rev16_text), (4 bytes).
    Removing misc.o(.revsh_text), (4 bytes).
    Removing misc.o(.rrx_text), (6 bytes).
    Removing misc.o(i.NVIC_SetVectorTable), (20 bytes).
    Removing misc.o(i.NVIC_SystemLPConfig), (32 bytes).
    Removing misc.o(i.SysTick_CLKSourceConfig), (40 bytes).
    Removing stm32f10x_gpio.o(.rev16_text), (4 bytes).
    Removing stm32f10x_gpio.o(.revsh_text), (4 bytes).
    Removing stm32f10x_gpio.o(.rrx_text), (6 bytes).
    Removing stm32f10x_gpio.o(i.GPIO_AFIODeInit), (20 bytes).
    Removing stm32f10x_gpio.o(i.GPIO_DeInit), (200 bytes).
    Removing stm32f10x_gpio.o(i.GPIO_ETH_MediaInterfaceConfig), (12 bytes).
    Removing stm32f10x_gpio.o(i.GPIO_EXTILineConfig), (64 bytes).
    Removing stm32f10x_gpio.o(i.GPIO_EventOutputCmd), (12 bytes).
    Removing stm32f10x_gpio.o(i.GPIO_EventOutputConfig), (32 bytes).
    Removing stm32f10x_gpio.o(i.GPIO_PinLockConfig), (18 bytes).
    Removing stm32f10x_gpio.o(i.GPIO_PinRemapConfig), (144 bytes).
    Removing stm32f10x_gpio.o(i.GPIO_ReadInputData), (8 bytes).
    Removing stm32f10x_gpio.o(i.GPIO_ReadInputDataBit), (18 bytes).
    Removing stm32f10x_gpio.o(i.GPIO_ReadOutputData), (8 bytes).
    Removing stm32f10x_gpio.o(i.GPIO_ReadOutputDataBit), (18 bytes).
    Removing stm32f10x_gpio.o(i.GPIO_StructInit), (16 bytes).
    Removing stm32f10x_gpio.o(i.GPIO_Write), (4 bytes).
    Removing stm32f10x_gpio.o(i.GPIO_WriteBit), (10 bytes).
    Removing stm32f10x_i2c.o(.rev16_text), (4 bytes).
    Removing stm32f10x_i2c.o(.revsh_text), (4 bytes).
    Removing stm32f10x_i2c.o(.rrx_text), (6 bytes).
    Removing stm32f10x_i2c.o(i.I2C_ARPCmd), (24 bytes).
    Removing stm32f10x_i2c.o(i.I2C_AcknowledgeConfig), (24 bytes).
    Removing stm32f10x_i2c.o(i.I2C_CalculatePEC), (24 bytes).
    Removing stm32f10x_i2c.o(i.I2C_CheckEvent), (42 bytes).
    Removing stm32f10x_i2c.o(i.I2C_ClearFlag), (12 bytes).
    Removing stm32f10x_i2c.o(i.I2C_ClearITPendingBit), (12 bytes).
    Removing stm32f10x_i2c.o(i.I2C_Cmd), (24 bytes).
    Removing stm32f10x_i2c.o(i.I2C_DMACmd), (24 bytes).
    Removing stm32f10x_i2c.o(i.I2C_DMALastTransferCmd), (24 bytes).
    Removing stm32f10x_i2c.o(i.I2C_DeInit), (56 bytes).
    Removing stm32f10x_i2c.o(i.I2C_DualAddressCmd), (24 bytes).
    Removing stm32f10x_i2c.o(i.I2C_FastModeDutyCycleConfig), (28 bytes).
    Removing stm32f10x_i2c.o(i.I2C_GeneralCallCmd), (24 bytes).
    Removing stm32f10x_i2c.o(i.I2C_GenerateSTART), (24 bytes).
    Removing stm32f10x_i2c.o(i.I2C_GenerateSTOP), (24 bytes).
    Removing stm32f10x_i2c.o(i.I2C_GetFlagStatus), (58 bytes).
    Removing stm32f10x_i2c.o(i.I2C_GetITStatus), (38 bytes).
    Removing stm32f10x_i2c.o(i.I2C_GetLastEvent), (26 bytes).
    Removing stm32f10x_i2c.o(i.I2C_GetPEC), (8 bytes).
    Removing stm32f10x_i2c.o(i.I2C_ITConfig), (18 bytes).
    Removing stm32f10x_i2c.o(i.I2C_Init), (236 bytes).
    Removing stm32f10x_i2c.o(i.I2C_NACKPositionConfig), (28 bytes).
    Removing stm32f10x_i2c.o(i.I2C_OwnAddress2Config), (22 bytes).
    Removing stm32f10x_i2c.o(i.I2C_PECPositionConfig), (28 bytes).
    Removing stm32f10x_i2c.o(i.I2C_ReadRegister), (22 bytes).
    Removing stm32f10x_i2c.o(i.I2C_ReceiveData), (8 bytes).
    Removing stm32f10x_i2c.o(i.I2C_SMBusAlertConfig), (28 bytes).
    Removing stm32f10x_i2c.o(i.I2C_Send7bitAddress), (18 bytes).
    Removing stm32f10x_i2c.o(i.I2C_SendData), (4 bytes).
    Removing stm32f10x_i2c.o(i.I2C_SoftwareResetCmd), (22 bytes).
    Removing stm32f10x_i2c.o(i.I2C_StretchClockCmd), (24 bytes).
    Removing stm32f10x_i2c.o(i.I2C_StructInit), (30 bytes).
    Removing stm32f10x_i2c.o(i.I2C_TransmitPEC), (24 bytes).
    Removing stm32f10x_rcc.o(.rev16_text), (4 bytes).
    Removing stm32f10x_rcc.o(.revsh_text), (4 bytes).
    Removing stm32f10x_rcc.o(.rrx_text), (6 bytes).
    Removing stm32f10x_rcc.o(i.RCC_ADCCLKConfig), (24 bytes).
    Removing stm32f10x_rcc.o(i.RCC_AHBPeriphClockCmd), (32 bytes).
    Removing stm32f10x_rcc.o(i.RCC_APB1PeriphResetCmd), (32 bytes).
    Removing stm32f10x_rcc.o(i.RCC_APB2PeriphResetCmd), (32 bytes).
    Removing stm32f10x_rcc.o(i.RCC_AdjustHSICalibrationValue), (24 bytes).
    Removing stm32f10x_rcc.o(i.RCC_BackupResetCmd), (12 bytes).
    Removing stm32f10x_rcc.o(i.RCC_ClearFlag), (20 bytes).
    Removing stm32f10x_rcc.o(i.RCC_ClearITPendingBit), (12 bytes).
    Removing stm32f10x_rcc.o(i.RCC_ClockSecuritySystemCmd), (12 bytes).
    Removing stm32f10x_rcc.o(i.RCC_DeInit), (76 bytes).
    Removing stm32f10x_rcc.o(i.RCC_GetFlagStatus), (60 bytes).
    Removing stm32f10x_rcc.o(i.RCC_GetITStatus), (24 bytes).
    Removing stm32f10x_rcc.o(i.RCC_GetSYSCLKSource), (16 bytes).
    Removing stm32f10x_rcc.o(i.RCC_HCLKConfig), (24 bytes).
    Removing stm32f10x_rcc.o(i.RCC_HSEConfig), (76 bytes).
    Removing stm32f10x_rcc.o(i.RCC_HSICmd), (12 bytes).
    Removing stm32f10x_rcc.o(i.RCC_ITConfig), (32 bytes).
    Removing stm32f10x_rcc.o(i.RCC_LSEConfig), (52 bytes).
    Removing stm32f10x_rcc.o(i.RCC_LSICmd), (12 bytes).
    Removing stm32f10x_rcc.o(i.RCC_MCOConfig), (12 bytes).
    Removing stm32f10x_rcc.o(i.RCC_PCLK1Config), (24 bytes).
    Removing stm32f10x_rcc.o(i.RCC_PCLK2Config), (24 bytes).
    Removing stm32f10x_rcc.o(i.RCC_PLLCmd), (12 bytes).
    Removing stm32f10x_rcc.o(i.RCC_PLLConfig), (28 bytes).
    Removing stm32f10x_rcc.o(i.RCC_RTCCLKCmd), (12 bytes).
    Removing stm32f10x_rcc.o(i.RCC_RTCCLKConfig), (16 bytes).
    Removing stm32f10x_rcc.o(i.RCC_SYSCLKConfig), (24 bytes).
    Removing stm32f10x_rcc.o(i.RCC_USBCLKConfig), (12 bytes).
    Removing stm32f10x_rcc.o(i.RCC_WaitForHSEStartUp), (56 bytes).
    Removing stm32f10x_tim.o(.rev16_text), (4 bytes).
    Removing stm32f10x_tim.o(.revsh_text), (4 bytes).
    Removing stm32f10x_tim.o(.rrx_text), (6 bytes).
    Removing stm32f10x_tim.o(i.TIM_ARRPreloadConfig), (24 bytes).
    Removing stm32f10x_tim.o(i.TIM_BDTRConfig), (32 bytes).
    Removing stm32f10x_tim.o(i.TIM_BDTRStructInit), (18 bytes).
    Removing stm32f10x_tim.o(i.TIM_CCPreloadControl), (24 bytes).
    Removing stm32f10x_tim.o(i.TIM_CCxCmd), (30 bytes).
    Removing stm32f10x_tim.o(i.TIM_CCxNCmd), (30 bytes).
    Removing stm32f10x_tim.o(i.TIM_ClearFlag), (6 bytes).
    Removing stm32f10x_tim.o(i.TIM_ClearOC1Ref), (18 bytes).
    Removing stm32f10x_tim.o(i.TIM_ClearOC2Ref), (24 bytes).
    Removing stm32f10x_tim.o(i.TIM_ClearOC3Ref), (18 bytes).
    Removing stm32f10x_tim.o(i.TIM_ClearOC4Ref), (24 bytes).
    Removing stm32f10x_tim.o(i.TIM_CounterModeConfig), (18 bytes).
    Removing stm32f10x_tim.o(i.TIM_DMACmd), (18 bytes).
    Removing stm32f10x_tim.o(i.TIM_DMAConfig), (10 bytes).
    Removing stm32f10x_tim.o(i.TIM_DeInit), (488 bytes).
    Removing stm32f10x_tim.o(i.TIM_ETRClockMode1Config), (54 bytes).
    Removing stm32f10x_tim.o(i.TIM_ETRClockMode2Config), (32 bytes).
    Removing stm32f10x_tim.o(i.TIM_ETRConfig), (28 bytes).
    Removing stm32f10x_tim.o(i.TIM_ForcedOC1Config), (18 bytes).
    Removing stm32f10x_tim.o(i.TIM_ForcedOC2Config), (26 bytes).
    Removing stm32f10x_tim.o(i.TIM_ForcedOC3Config), (18 bytes).
    Removing stm32f10x_tim.o(i.TIM_ForcedOC4Config), (26 bytes).
    Removing stm32f10x_tim.o(i.TIM_GenerateEvent), (4 bytes).
    Removing stm32f10x_tim.o(i.TIM_GetCapture1), (6 bytes).
    Removing stm32f10x_tim.o(i.TIM_GetCapture2), (6 bytes).
    Removing stm32f10x_tim.o(i.TIM_GetCapture3), (6 bytes).
    Removing stm32f10x_tim.o(i.TIM_GetCapture4), (8 bytes).
    Removing stm32f10x_tim.o(i.TIM_GetCounter), (6 bytes).
    Removing stm32f10x_tim.o(i.TIM_GetFlagStatus), (18 bytes).
    Removing stm32f10x_tim.o(i.TIM_GetPrescaler), (6 bytes).
    Removing stm32f10x_tim.o(i.TIM_ITRxExternalClockConfig), (24 bytes).
    Removing stm32f10x_tim.o(i.TIM_InternalClockConfig), (12 bytes).
    Removing stm32f10x_tim.o(i.TIM_OC1FastConfig), (18 bytes).
    Removing stm32f10x_tim.o(i.TIM_OC1NPolarityConfig), (18 bytes).
    Removing stm32f10x_tim.o(i.TIM_OC1PolarityConfig), (18 bytes).
    Removing stm32f10x_tim.o(i.TIM_OC2FastConfig), (26 bytes).
    Removing stm32f10x_tim.o(i.TIM_OC2NPolarityConfig), (26 bytes).
    Removing stm32f10x_tim.o(i.TIM_OC2PolarityConfig), (26 bytes).
    Removing stm32f10x_tim.o(i.TIM_OC3FastConfig), (18 bytes).
    Removing stm32f10x_tim.o(i.TIM_OC3NPolarityConfig), (26 bytes).
    Removing stm32f10x_tim.o(i.TIM_OC3PolarityConfig), (26 bytes).
    Removing stm32f10x_tim.o(i.TIM_OC4FastConfig), (26 bytes).
    Removing stm32f10x_tim.o(i.TIM_OC4PolarityConfig), (26 bytes).
    Removing stm32f10x_tim.o(i.TIM_OCStructInit), (20 bytes).
    Removing stm32f10x_tim.o(i.TIM_PWMIConfig), (124 bytes).
    Removing stm32f10x_tim.o(i.TIM_PrescalerConfig), (6 bytes).
    Removing stm32f10x_tim.o(i.TIM_SelectCCDMA), (24 bytes).
    Removing stm32f10x_tim.o(i.TIM_SelectCOM), (24 bytes).
    Removing stm32f10x_tim.o(i.TIM_SelectHallSensor), (24 bytes).
    Removing stm32f10x_tim.o(i.TIM_SelectInputTrigger), (18 bytes).
    Removing stm32f10x_tim.o(i.TIM_SelectMasterSlaveMode), (18 bytes).
    Removing stm32f10x_tim.o(i.TIM_SelectOCxM), (82 bytes).
    Removing stm32f10x_tim.o(i.TIM_SelectOnePulseMode), (18 bytes).
    Removing stm32f10x_tim.o(i.TIM_SelectOutputTrigger), (18 bytes).
    Removing stm32f10x_tim.o(i.TIM_SelectSlaveMode), (18 bytes).
    Removing stm32f10x_tim.o(i.TIM_SetAutoreload), (4 bytes).
    Removing stm32f10x_tim.o(i.TIM_SetClockDivision), (18 bytes).
    Removing stm32f10x_tim.o(i.TIM_SetCompare1), (4 bytes).
    Removing stm32f10x_tim.o(i.TIM_SetCompare2), (4 bytes).
    Removing stm32f10x_tim.o(i.TIM_SetCompare3), (4 bytes).
    Removing stm32f10x_tim.o(i.TIM_SetCompare4), (6 bytes).
    Removing stm32f10x_tim.o(i.TIM_SetCounter), (4 bytes).
    Removing stm32f10x_tim.o(i.TIM_TIxExternalClockConfig), (62 bytes).
    Removing stm32f10x_tim.o(i.TIM_TimeBaseStructInit), (18 bytes).
    Removing stm32f10x_tim.o(i.TIM_UpdateDisableConfig), (24 bytes).
    Removing stm32f10x_tim.o(i.TIM_UpdateRequestConfig), (24 bytes).
    Removing stm32f10x_usart.o(.rev16_text), (4 bytes).
    Removing stm32f10x_usart.o(.revsh_text), (4 bytes).
    Removing stm32f10x_usart.o(.rrx_text), (6 bytes).
    Removing stm32f10x_usart.o(i.USART_ClearFlag), (18 bytes).
    Removing stm32f10x_usart.o(i.USART_ClockInit), (34 bytes).
    Removing stm32f10x_usart.o(i.USART_ClockStructInit), (12 bytes).
    Removing stm32f10x_usart.o(i.USART_DMACmd), (18 bytes).
    Removing stm32f10x_usart.o(i.USART_DeInit), (156 bytes).
    Removing stm32f10x_usart.o(i.USART_HalfDuplexCmd), (24 bytes).
    Removing stm32f10x_usart.o(i.USART_IrDACmd), (24 bytes).
    Removing stm32f10x_usart.o(i.USART_IrDAConfig), (18 bytes).
    Removing stm32f10x_usart.o(i.USART_LINBreakDetectLengthConfig), (18 bytes).
    Removing stm32f10x_usart.o(i.USART_LINCmd), (24 bytes).
    Removing stm32f10x_usart.o(i.USART_OneBitMethodCmd), (24 bytes).
    Removing stm32f10x_usart.o(i.USART_OverSampling8Cmd), (22 bytes).
    Removing stm32f10x_usart.o(i.USART_ReceiverWakeUpCmd), (24 bytes).
    Removing stm32f10x_usart.o(i.USART_SendBreak), (10 bytes).
    Removing stm32f10x_usart.o(i.USART_SetAddress), (18 bytes).
    Removing stm32f10x_usart.o(i.USART_SetGuardTime), (16 bytes).
    Removing stm32f10x_usart.o(i.USART_SetPrescaler), (16 bytes).
    Removing stm32f10x_usart.o(i.USART_SmartCardCmd), (24 bytes).
    Removing stm32f10x_usart.o(i.USART_SmartCardNACKCmd), (24 bytes).
    Removing stm32f10x_usart.o(i.USART_StructInit), (24 bytes).
    Removing stm32f10x_usart.o(i.USART_WakeUpConfig), (18 bytes).
    Removing startup_stm32f10x_hd.o(HEAP), (512 bytes).
    Removing system_stm32f10x.o(.rev16_text), (4 bytes).
    Removing system_stm32f10x.o(.revsh_text), (4 bytes).
    Removing system_stm32f10x.o(.rrx_text), (6 bytes).
    Removing system_stm32f10x.o(i.SystemCoreClockUpdate), (164 bytes).

217 unused section(s) (total 5966 bytes) removed from the image.

==============================================================================

Image Symbol Table

    Local Symbols

    Symbol Name                              Value     Ov Type        Size  Object(Section)

    ../clib/microlib/errno.c                 0x00000000   Number         0  errno.o ABSOLUTE
    ../clib/microlib/init/entry.s            0x00000000   Number         0  entry9a.o ABSOLUTE
    ../clib/microlib/init/entry.s            0x00000000   Number         0  entry7b.o ABSOLUTE
    ../clib/microlib/init/entry.s            0x00000000   Number         0  entry8a.o ABSOLUTE
    ../clib/microlib/init/entry.s            0x00000000   Number         0  entry8b.o ABSOLUTE
    ../clib/microlib/init/entry.s            0x00000000   Number         0  entry11a.o ABSOLUTE
    ../clib/microlib/init/entry.s            0x00000000   Number         0  entry10a.o ABSOLUTE
    ../clib/microlib/init/entry.s            0x00000000   Number         0  entry11b.o ABSOLUTE
    ../clib/microlib/init/entry.s            0x00000000   Number         0  entry9b.o ABSOLUTE
    ../clib/microlib/init/entry.s            0x00000000   Number         0  entry10b.o ABSOLUTE
    ../clib/microlib/init/entry.s            0x00000000   Number         0  entry7a.o ABSOLUTE
    ../clib/microlib/init/entry.s            0x00000000   Number         0  entry5.o ABSOLUTE
    ../clib/microlib/init/entry.s            0x00000000   Number         0  entry2.o ABSOLUTE
    ../clib/microlib/init/entry.s            0x00000000   Number         0  entry.o ABSOLUTE
    ../clib/microlib/longlong.c              0x00000000   Number         0  llsshr.o ABSOLUTE
    ../clib/microlib/longlong.c              0x00000000   Number         0  llushr.o ABSOLUTE
    ../clib/microlib/longlong.c              0x00000000   Number         0  llshl.o ABSOLUTE
    ../clib/microlib/stdio/putc.c            0x00000000   Number         0  putc.o ABSOLUTE
    ../clib/microlib/stdio/puts.c            0x00000000   Number         0  puts.o ABSOLUTE
    ../clib/microlib/stdio/puts.c            0x00000000   Number         0  puts_e.o ABSOLUTE
    ../clib/microlib/stdio/streams.c         0x00000000   Number         0  stdout.o ABSOLUTE
    ../clib/microlib/stubs.s                 0x00000000   Number         0  iusefp.o ABSOLUTE
    ../fplib/microlib/d2f.c                  0x00000000   Number         0  d2f.o ABSOLUTE
    ../fplib/microlib/f2d.c                  0x00000000   Number         0  f2d.o ABSOLUTE
    ../fplib/microlib/fpadd.c                0x00000000   Number         0  fadd.o ABSOLUTE
    ../fplib/microlib/fpadd.c                0x00000000   Number         0  dadd.o ABSOLUTE
    ../fplib/microlib/fpdiv.c                0x00000000   Number         0  fdiv.o ABSOLUTE
    ../fplib/microlib/fpdiv.c                0x00000000   Number         0  ddiv.o ABSOLUTE
    ../fplib/microlib/fpepilogue.c           0x00000000   Number         0  depilogue.o ABSOLUTE
    ../fplib/microlib/fpepilogue.c           0x00000000   Number         0  fepilogue.o ABSOLUTE
    ../fplib/microlib/fpfix.c                0x00000000   Number         0  ffixi.o ABSOLUTE
    ../fplib/microlib/fpfix.c                0x00000000   Number         0  dfixi.o ABSOLUTE
    ../fplib/microlib/fpflt.c                0x00000000   Number         0  dflti.o ABSOLUTE
    ../fplib/microlib/fpflt.c                0x00000000   Number         0  dfltui.o ABSOLUTE
    ../fplib/microlib/fpflt.c                0x00000000   Number         0  fflti.o ABSOLUTE
    ../fplib/microlib/fpmul.c                0x00000000   Number         0  dmul.o ABSOLUTE
    ../fplib/microlib/fpmul.c                0x00000000   Number         0  fmul.o ABSOLUTE
    ../fplib/microlib/fpscalb.c              0x00000000   Number         0  dscalb.o ABSOLUTE
    ../fplib/microlib/fpsqrt.c               0x00000000   Number         0  dsqrt.o ABSOLUTE
    ../mathlib/atan.c                        0x00000000   Number         0  atan.o ABSOLUTE
    ../mathlib/atan.c                        0x00000000   Number         0  atan_x.o ABSOLUTE
    ../mathlib/atan2.c                       0x00000000   Number         0  atan2.o ABSOLUTE
    ../mathlib/atan2.c                       0x00000000   Number         0  atan2_x.o ABSOLUTE
    ../mathlib/cos.c                         0x00000000   Number         0  cos.o ABSOLUTE
    ../mathlib/cos.c                         0x00000000   Number         0  cos_x.o ABSOLUTE
    ../mathlib/cos_i.c                       0x00000000   Number         0  cos_i.o ABSOLUTE
    ../mathlib/dunder.c                      0x00000000   Number         0  dunder.o ABSOLUTE
    ../mathlib/fpclassify.c                  0x00000000   Number         0  fpclassify.o ABSOLUTE
    ../mathlib/poly.c                        0x00000000   Number         0  poly.o ABSOLUTE
    ../mathlib/qnan.c                        0x00000000   Number         0  qnan.o ABSOLUTE
    ../mathlib/rred.c                        0x00000000   Number         0  rred.o ABSOLUTE
    ../mathlib/sin.c                         0x00000000   Number         0  sin_x.o ABSOLUTE
    ../mathlib/sin.c                         0x00000000   Number         0  sin.o ABSOLUTE
    ../mathlib/sin_i.c                       0x00000000   Number         0  sin_i_x.o ABSOLUTE
    ../mathlib/sin_i.c                       0x00000000   Number         0  sin_i.o ABSOLUTE
    ../mathlib/sqrt.c                        0x00000000   Number         0  sqrt.o ABSOLUTE
    ../mathlib/sqrt.c                        0x00000000   Number         0  sqrt_x.o ABSOLUTE
    D:\Keil\ARM\PACK\Keil\STM32F1xx_DFP\2.2.0\Device\StdPeriph_Driver\src\misc.c 0x00000000   Number         0  misc.o ABSOLUTE
    D:\Keil\ARM\PACK\Keil\STM32F1xx_DFP\2.2.0\Device\StdPeriph_Driver\src\stm32f10x_gpio.c 0x00000000   Number         0  stm32f10x_gpio.o ABSOLUTE
    D:\Keil\ARM\PACK\Keil\STM32F1xx_DFP\2.2.0\Device\StdPeriph_Driver\src\stm32f10x_i2c.c 0x00000000   Number         0  stm32f10x_i2c.o ABSOLUTE
    D:\Keil\ARM\PACK\Keil\STM32F1xx_DFP\2.2.0\Device\StdPeriph_Driver\src\stm32f10x_rcc.c 0x00000000   Number         0  stm32f10x_rcc.o ABSOLUTE
    D:\Keil\ARM\PACK\Keil\STM32F1xx_DFP\2.2.0\Device\StdPeriph_Driver\src\stm32f10x_tim.c 0x00000000   Number         0  stm32f10x_tim.o ABSOLUTE
    D:\Keil\ARM\PACK\Keil\STM32F1xx_DFP\2.2.0\Device\StdPeriph_Driver\src\stm32f10x_usart.c 0x00000000   Number         0  stm32f10x_usart.o ABSOLUTE
    D:\\Keil\\ARM\\PACK\\Keil\\STM32F1xx_DFP\\2.2.0\\Device\\StdPeriph_Driver\\src\\misc.c 0x00000000   Number         0  misc.o ABSOLUTE
    D:\\Keil\\ARM\\PACK\\Keil\\STM32F1xx_DFP\\2.2.0\\Device\\StdPeriph_Driver\\src\\stm32f10x_gpio.c 0x00000000   Number         0  stm32f10x_gpio.o ABSOLUTE
    D:\\Keil\\ARM\\PACK\\Keil\\STM32F1xx_DFP\\2.2.0\\Device\\StdPeriph_Driver\\src\\stm32f10x_i2c.c 0x00000000   Number         0  stm32f10x_i2c.o ABSOLUTE
    D:\\Keil\\ARM\\PACK\\Keil\\STM32F1xx_DFP\\2.2.0\\Device\\StdPeriph_Driver\\src\\stm32f10x_rcc.c 0x00000000   Number         0  stm32f10x_rcc.o ABSOLUTE
    D:\\Keil\\ARM\\PACK\\Keil\\STM32F1xx_DFP\\2.2.0\\Device\\StdPeriph_Driver\\src\\stm32f10x_tim.c 0x00000000   Number         0  stm32f10x_tim.o ABSOLUTE
    D:\\Keil\\ARM\\PACK\\Keil\\STM32F1xx_DFP\\2.2.0\\Device\\StdPeriph_Driver\\src\\stm32f10x_usart.c 0x00000000   Number         0  stm32f10x_usart.o ABSOLUTE
    RTE\Device\STM32F103RC\startup_stm32f10x_hd.s 0x00000000   Number         0  startup_stm32f10x_hd.o ABSOLUTE
    RTE\Device\STM32F103RC\system_stm32f10x.c 0x00000000   Number         0  system_stm32f10x.o ABSOLUTE
    RTE\\Device\\STM32F103RC\\system_stm32f10x.c 0x00000000   Number         0  system_stm32f10x.o ABSOLUTE
    User\JY61.c                              0x00000000   Number         0  jy61.o ABSOLUTE
    User\Motor.c                             0x00000000   Number         0  motor.o ABSOLUTE
    User\NVIC.c                              0x00000000   Number         0  nvic.o ABSOLUTE
    User\SysTick.c                           0x00000000   Number         0  systick.o ABSOLUTE
    User\USART.c                             0x00000000   Number         0  usart.o ABSOLUTE
    User\\JY61.c                             0x00000000   Number         0  jy61.o ABSOLUTE
    User\\Motor.c                            0x00000000   Number         0  motor.o ABSOLUTE
    User\\NVIC.c                             0x00000000   Number         0  nvic.o ABSOLUTE
    User\\SysTick.c                          0x00000000   Number         0  systick.o ABSOLUTE
    User\\USART.c                            0x00000000   Number         0  usart.o ABSOLUTE
    User\\control.c                          0x00000000   Number         0  control.o ABSOLUTE
    User\\main.c                             0x00000000   Number         0  main.o ABSOLUTE
    User\\stm32f10x_it.c                     0x00000000   Number         0  stm32f10x_it.o ABSOLUTE
    User\control.c                           0x00000000   Number         0  control.o ABSOLUTE
    User\main.c                              0x00000000   Number         0  main.o ABSOLUTE
    User\stm32f10x_it.c                      0x00000000   Number         0  stm32f10x_it.o ABSOLUTE
    cdcmple.s                                0x00000000   Number         0  cdcmple.o ABSOLUTE
    cdrcmple.s                               0x00000000   Number         0  cdrcmple.o ABSOLUTE
    cfcmple.s                                0x00000000   Number         0  cfcmple.o ABSOLUTE
    cfrcmple.s                               0x00000000   Number         0  cfrcmple.o ABSOLUTE
    dc.s                                     0x00000000   Number         0  dc.o ABSOLUTE
    handlers.s                               0x00000000   Number         0  handlers.o ABSOLUTE
    init.s                                   0x00000000   Number         0  init.o ABSOLUTE
    RESET                                    0x08000000   Section      304  startup_stm32f10x_hd.o(RESET)
    .ARM.Collect$$$$00000000                 0x08000130   Section        0  entry.o(.ARM.Collect$$$$00000000)
    .ARM.Collect$$$$00000001                 0x08000130   Section        4  entry2.o(.ARM.Collect$$$$00000001)
    .ARM.Collect$$$$00000004                 0x08000134   Section        4  entry5.o(.ARM.Collect$$$$00000004)
    .ARM.Collect$$$$00000008                 0x08000138   Section        0  entry7b.o(.ARM.Collect$$$$00000008)
    .ARM.Collect$$$$0000000A                 0x08000138   Section        0  entry8b.o(.ARM.Collect$$$$0000000A)
    .ARM.Collect$$$$0000000B                 0x08000138   Section        8  entry9a.o(.ARM.Collect$$$$0000000B)
    .ARM.Collect$$$$0000000D                 0x08000140   Section        0  entry10a.o(.ARM.Collect$$$$0000000D)
    .ARM.Collect$$$$0000000F                 0x08000140   Section        0  entry11a.o(.ARM.Collect$$$$0000000F)
    .ARM.Collect$$$$00002712                 0x08000140   Section        4  entry2.o(.ARM.Collect$$$$00002712)
    __lit__00000000                          0x08000140   Data           4  entry2.o(.ARM.Collect$$$$00002712)
    .text                                    0x08000144   Section       36  startup_stm32f10x_hd.o(.text)
    .text                                    0x08000168   Section        0  fadd.o(.text)
    .text                                    0x08000218   Section        0  fmul.o(.text)
    .text                                    0x0800027c   Section        0  fdiv.o(.text)
    .text                                    0x080002f8   Section        0  dadd.o(.text)
    .text                                    0x08000446   Section        0  dmul.o(.text)
    .text                                    0x0800052a   Section        0  ddiv.o(.text)
    .text                                    0x08000608   Section        0  fflti.o(.text)
    .text                                    0x0800061a   Section        0  dflti.o(.text)
    .text                                    0x0800063c   Section        0  ffixi.o(.text)
    .text                                    0x0800066e   Section        0  dfixi.o(.text)
    .text                                    0x080006ac   Section        0  f2d.o(.text)
    .text                                    0x080006d4   Section       48  cdcmple.o(.text)
    .text                                    0x08000704   Section       48  cdrcmple.o(.text)
    .text                                    0x08000734   Section        0  d2f.o(.text)
    .text                                    0x0800076c   Section       20  cfcmple.o(.text)
    .text                                    0x08000780   Section       20  cfrcmple.o(.text)
    .text                                    0x08000794   Section        0  llshl.o(.text)
    .text                                    0x080007b2   Section        0  llushr.o(.text)
    .text                                    0x080007d2   Section        0  llsshr.o(.text)
    .text                                    0x080007f6   Section        0  iusefp.o(.text)
    .text                                    0x080007f6   Section        0  fepilogue.o(.text)
    .text                                    0x08000864   Section        0  depilogue.o(.text)
    .text                                    0x0800091e   Section        0  dsqrt.o(.text)
    .text                                    0x080009c0   Section       36  init.o(.text)
    .text                                    0x080009e4   Section        0  dscalb.o(.text)
    .text                                    0x08000a12   Section        0  dfltui.o(.text)
    i.BusFault_Handler                       0x08000a2c   Section        0  stm32f10x_it.o(i.BusFault_Handler)
    i.DebugMon_Handler                       0x08000a30   Section        0  stm32f10x_it.o(i.DebugMon_Handler)
    i.DecideMove                             0x08000a34   Section        0  control.o(i.DecideMove)
    i.Delay_10us                             0x08000bcc   Section        0  systick.o(i.Delay_10us)
    i.Encoder_Init                           0x08000bf0   Section        0  control.o(i.Encoder_Init)
    i.Encoder_Reset                          0x08000ce8   Section        0  control.o(i.Encoder_Reset)
    i.GPIO_Init                              0x08000d04   Section        0  stm32f10x_gpio.o(i.GPIO_Init)
    i.GPIO_ResetBits                         0x08000e1a   Section        0  stm32f10x_gpio.o(i.GPIO_ResetBits)
    i.GPIO_SetBits                           0x08000e1e   Section        0  stm32f10x_gpio.o(i.GPIO_SetBits)
    i.HardFault_Handler                      0x08000e22   Section        0  stm32f10x_it.o(i.HardFault_Handler)
    i.M_Init                                 0x08000e28   Section        0  motor.o(i.M_Init)
    i.MemManage_Handler                      0x08000e60   Section        0  stm32f10x_it.o(i.MemManage_Handler)
    i.MotorControl                           0x08000e64   Section        0  control.o(i.MotorControl)
    i.Motor_Speed_Control                    0x08000e84   Section        0  motor.o(i.Motor_Speed_Control)
    i.Move                                   0x08001044   Section        0  control.o(i.Move)
    i.NMI_Handler                            0x0800108c   Section        0  stm32f10x_it.o(i.NMI_Handler)
    i.NVIC_Config                            0x0800108e   Section        0  nvic.o(i.NVIC_Config)
    i.NVIC_Init                              0x0800110c   Section        0  misc.o(i.NVIC_Init)
    i.NVIC_PriorityGroupConfig               0x0800117c   Section        0  misc.o(i.NVIC_PriorityGroupConfig)
    i.PIDcontrol                             0x08001190   Section        0  control.o(i.PIDcontrol)
    i.PendSV_Handler                         0x080014dc   Section        0  stm32f10x_it.o(i.PendSV_Handler)
    i.ProcessData                            0x080014e0   Section        0  jy61.o(i.ProcessData)
    i.RCC_APB1PeriphClockCmd                 0x080015e8   Section        0  stm32f10x_rcc.o(i.RCC_APB1PeriphClockCmd)
    i.RCC_APB2PeriphClockCmd                 0x08001608   Section        0  stm32f10x_rcc.o(i.RCC_APB2PeriphClockCmd)
    i.RCC_GetClocksFreq                      0x08001628   Section        0  stm32f10x_rcc.o(i.RCC_GetClocksFreq)
    i.SVC_Handler                            0x080016fc   Section        0  stm32f10x_it.o(i.SVC_Handler)
    i.SetSysClock                            0x080016fe   Section        0  system_stm32f10x.o(i.SetSysClock)
    SetSysClock                              0x080016ff   Thumb Code     8  system_stm32f10x.o(i.SetSysClock)
    i.SetSysClockTo72                        0x08001708   Section        0  system_stm32f10x.o(i.SetSysClockTo72)
    SetSysClockTo72                          0x08001709   Thumb Code   214  system_stm32f10x.o(i.SetSysClockTo72)
    i.SysTick_Handler                        0x080017e8   Section        0  stm32f10x_it.o(i.SysTick_Handler)
    i.SysTick_Init                           0x080017f0   Section        0  systick.o(i.SysTick_Init)
    i.SystemInit                             0x08001868   Section        0  system_stm32f10x.o(i.SystemInit)
    i.TI1_Config                             0x080018c8   Section        0  stm32f10x_tim.o(i.TI1_Config)
    TI1_Config                               0x080018c9   Thumb Code   108  stm32f10x_tim.o(i.TI1_Config)
    i.TI2_Config                             0x08001948   Section        0  stm32f10x_tim.o(i.TI2_Config)
    TI2_Config                               0x08001949   Thumb Code   130  stm32f10x_tim.o(i.TI2_Config)
    i.TI3_Config                             0x080019e0   Section        0  stm32f10x_tim.o(i.TI3_Config)
    TI3_Config                               0x080019e1   Thumb Code   122  stm32f10x_tim.o(i.TI3_Config)
    i.TI4_Config                             0x08001a70   Section        0  stm32f10x_tim.o(i.TI4_Config)
    TI4_Config                               0x08001a71   Thumb Code   130  stm32f10x_tim.o(i.TI4_Config)
    i.TIM6_IRQHandler                        0x08001b08   Section        0  stm32f10x_it.o(i.TIM6_IRQHandler)
    i.TIM6_Init                              0x08001b58   Section        0  control.o(i.TIM6_Init)
    i.TIM8_PWM_Init                          0x08001b94   Section        0  motor.o(i.TIM8_PWM_Init)
    i.TIM_ClearITPendingBit                  0x08001c40   Section        0  stm32f10x_tim.o(i.TIM_ClearITPendingBit)
    i.TIM_Cmd                                0x08001c46   Section        0  stm32f10x_tim.o(i.TIM_Cmd)
    i.TIM_CtrlPWMOutputs                     0x08001c5e   Section        0  stm32f10x_tim.o(i.TIM_CtrlPWMOutputs)
    i.TIM_EncoderInterfaceConfig             0x08001c7c   Section        0  stm32f10x_tim.o(i.TIM_EncoderInterfaceConfig)
    i.TIM_GetITStatus                        0x08001cbe   Section        0  stm32f10x_tim.o(i.TIM_GetITStatus)
    i.TIM_ICInit                             0x08001ce0   Section        0  stm32f10x_tim.o(i.TIM_ICInit)
    i.TIM_ICStructInit                       0x08001d8c   Section        0  stm32f10x_tim.o(i.TIM_ICStructInit)
    i.TIM_ITConfig                           0x08001d9e   Section        0  stm32f10x_tim.o(i.TIM_ITConfig)
    i.TIM_OC1Init                            0x08001db0   Section        0  stm32f10x_tim.o(i.TIM_OC1Init)
    i.TIM_OC1PreloadConfig                   0x08001e48   Section        0  stm32f10x_tim.o(i.TIM_OC1PreloadConfig)
    i.TIM_OC2Init                            0x08001e5c   Section        0  stm32f10x_tim.o(i.TIM_OC2Init)
    i.TIM_OC2PreloadConfig                   0x08001f00   Section        0  stm32f10x_tim.o(i.TIM_OC2PreloadConfig)
    i.TIM_OC3Init                            0x08001f1c   Section        0  stm32f10x_tim.o(i.TIM_OC3Init)
    i.TIM_OC3PreloadConfig                   0x08001fbc   Section        0  stm32f10x_tim.o(i.TIM_OC3PreloadConfig)
    i.TIM_OC4Init                            0x08001fd0   Section        0  stm32f10x_tim.o(i.TIM_OC4Init)
    i.TIM_OC4PreloadConfig                   0x0800204c   Section        0  stm32f10x_tim.o(i.TIM_OC4PreloadConfig)
    i.TIM_SetIC1Prescaler                    0x08002066   Section        0  stm32f10x_tim.o(i.TIM_SetIC1Prescaler)
    i.TIM_SetIC2Prescaler                    0x08002078   Section        0  stm32f10x_tim.o(i.TIM_SetIC2Prescaler)
    i.TIM_SetIC3Prescaler                    0x08002092   Section        0  stm32f10x_tim.o(i.TIM_SetIC3Prescaler)
    i.TIM_SetIC4Prescaler                    0x080020a4   Section        0  stm32f10x_tim.o(i.TIM_SetIC4Prescaler)
    i.TIM_TimeBaseInit                       0x080020c0   Section        0  stm32f10x_tim.o(i.TIM_TimeBaseInit)
    i.TimingCnt_Decrement                    0x08002164   Section        0  systick.o(i.TimingCnt_Decrement)
    i.UART4_Config                           0x0800217c   Section        0  usart.o(i.UART4_Config)
    i.UART4_IRQHandler                       0x080021f8   Section        0  stm32f10x_it.o(i.UART4_IRQHandler)
    i.USART1_Config                          0x08002360   Section        0  usart.o(i.USART1_Config)
    i.USART1_IRQHandler                      0x080023dc   Section        0  stm32f10x_it.o(i.USART1_IRQHandler)
    i.USART3_Config                          0x08002424   Section        0  usart.o(i.USART3_Config)
    i.USART3_IRQHandler                      0x080024a0   Section        0  stm32f10x_it.o(i.USART3_IRQHandler)
    i.USART_ClearITPendingBit                0x080024d0   Section        0  stm32f10x_usart.o(i.USART_ClearITPendingBit)
    i.USART_Cmd                              0x080024ee   Section        0  stm32f10x_usart.o(i.USART_Cmd)
    i.USART_GetFlagStatus                    0x08002506   Section        0  stm32f10x_usart.o(i.USART_GetFlagStatus)
    i.USART_GetITStatus                      0x08002520   Section        0  stm32f10x_usart.o(i.USART_GetITStatus)
    i.USART_ITConfig                         0x08002574   Section        0  stm32f10x_usart.o(i.USART_ITConfig)
    i.USART_Init                             0x080025c0   Section        0  stm32f10x_usart.o(i.USART_Init)
    i.USART_ReceiveData                      0x08002698   Section        0  stm32f10x_usart.o(i.USART_ReceiveData)
    i.USART_SendData                         0x080026a2   Section        0  stm32f10x_usart.o(i.USART_SendData)
    i.UsageFault_Handler                     0x080026aa   Section        0  stm32f10x_it.o(i.UsageFault_Handler)
    i.__ARM_fpclassify                       0x080026ae   Section        0  fpclassify.o(i.__ARM_fpclassify)
    i.__ieee754_rem_pio2                     0x080026d8   Section        0  rred.o(i.__ieee754_rem_pio2)
    i.__kernel_cos                           0x08002a60   Section        0  cos_i.o(i.__kernel_cos)
    i.__kernel_poly                          0x08002b5c   Section        0  poly.o(i.__kernel_poly)
    i.__kernel_sin                           0x08002c08   Section        0  sin_i.o(i.__kernel_sin)
    i.__mathlib_dbl_infnan                   0x08002cf4   Section        0  dunder.o(i.__mathlib_dbl_infnan)
    i.__mathlib_dbl_infnan2                  0x08002cfa   Section        0  dunder.o(i.__mathlib_dbl_infnan2)
    i.__mathlib_dbl_invalid                  0x08002cfe   Section        0  dunder.o(i.__mathlib_dbl_invalid)
    i.__mathlib_dbl_underflow                0x08002d0c   Section        0  dunder.o(i.__mathlib_dbl_underflow)
    i.__scatterload_copy                     0x08002d1c   Section       14  handlers.o(i.__scatterload_copy)
    i.__scatterload_null                     0x08002d2a   Section        2  handlers.o(i.__scatterload_null)
    i.__scatterload_zeroinit                 0x08002d2c   Section       14  handlers.o(i.__scatterload_zeroinit)
    i.__set_errno                            0x08002d3c   Section        0  errno.o(i.__set_errno)
    i.addNewPoint                            0x08002d48   Section        0  control.o(i.addNewPoint)
    i.atan                                   0x08002da0   Section        0  atan.o(i.atan)
    i.atan2                                  0x08002fc0   Section        0  atan2.o(i.atan2)
    i.correctAngle                           0x08003140   Section        0  control.o(i.correctAngle)
    i.cos                                    0x08003180   Section        0  cos.o(i.cos)
    i.fputc                                  0x0800321c   Section        0  usart.o(i.fputc)
    i.getDistance                            0x08003240   Section        0  control.o(i.getDistance)
    i.main                                   0x08003284   Section        0  main.o(i.main)
    i.motorspeedread                         0x08003328   Section        0  control.o(i.motorspeedread)
    i.putc                                   0x080033ac   Section        0  putc.o(i.putc)
    i.puts                                   0x080033b0   Section        0  puts.o(i.puts)
    i.relaAngle                              0x080033d4   Section        0  control.o(i.relaAngle)
    i.setStrategy                            0x0800342c   Section        0  control.o(i.setStrategy)
    i.sin                                    0x080037ac   Section        0  sin.o(i.sin)
    i.sqrt                                   0x0800384c   Section        0  sqrt.o(i.sqrt)
    i.velocityConvert                        0x08003898   Section        0  control.o(i.velocityConvert)
    .constdata                               0x08003ae8   Section      152  atan.o(.constdata)
    atanhi                                   0x08003ae8   Data          32  atan.o(.constdata)
    atanlo                                   0x08003b08   Data          32  atan.o(.constdata)
    aTodd                                    0x08003b28   Data          40  atan.o(.constdata)
    aTeven                                   0x08003b50   Data          48  atan.o(.constdata)
    .constdata                               0x08003b80   Section       48  cos_i.o(.constdata)
    C                                        0x08003b80   Data          48  cos_i.o(.constdata)
    .constdata                               0x08003bb0   Section        8  qnan.o(.constdata)
    .constdata                               0x08003bb8   Section      200  rred.o(.constdata)
    pio2s                                    0x08003bb8   Data          48  rred.o(.constdata)
    twooverpi                                0x08003be8   Data         152  rred.o(.constdata)
    .constdata                               0x08003c80   Section       40  sin_i.o(.constdata)
    S                                        0x08003c80   Data          40  sin_i.o(.constdata)
    .data                                    0x20000000   Section        4  systick.o(.data)
    .data                                    0x20000004   Section       12  usart.o(.data)
    .data                                    0x20000010   Section       59  control.o(.data)
    .data                                    0x2000004c   Section       73  jy61.o(.data)
    ucRxCnt                                  0x20000094   Data           1  jy61.o(.data)
    .data                                    0x20000095   Section       20  stm32f10x_rcc.o(.data)
    APBAHBPrescTable                         0x20000095   Data          16  stm32f10x_rcc.o(.data)
    ADCPrescTable                            0x200000a5   Data           4  stm32f10x_rcc.o(.data)
    .data                                    0x200000ac   Section       20  system_stm32f10x.o(.data)
    .data                                    0x200000c0   Section        4  stdout.o(.data)
    .data                                    0x200000c4   Section        4  errno.o(.data)
    _errno                                   0x200000c4   Data           4  errno.o(.data)
    .bss                                     0x200000c8   Section      765  usart.o(.bss)
    .bss                                     0x200003c8   Section     1322  control.o(.bss)
    .bss                                     0x200008f2   Section      250  jy61.o(.bss)
    ucRxBuffer                               0x200008f2   Data         250  jy61.o(.bss)
    STACK                                    0x200009f0   Section     1024  startup_stm32f10x_hd.o(STACK)

    Global Symbols

    Symbol Name                              Value     Ov Type        Size  Object(Section)

    BuildAttributes$$THM_ISAv4$P$D$K$B$S$PE$A:L22UL41UL21$X:L11$S22US41US21$IEEE1$IW$USESV6$~STKCKD$USESV7$~SHL$OTIME$ROPI$IEEEX$EBA8$MICROLIB$REQ8$PRES8$EABIv2 0x00000000   Number         0  anon$$obj.o ABSOLUTE
    __ARM_use_no_argv                        0x00000000   Number         0  main.o ABSOLUTE
    __cpp_initialize__aeabi_                  - Undefined Weak Reference
    __cxa_finalize                            - Undefined Weak Reference
    __decompress                              - Undefined Weak Reference
    _clock_init                               - Undefined Weak Reference
    _microlib_exit                            - Undefined Weak Reference
    __Vectors_Size                           0x00000130   Number         0  startup_stm32f10x_hd.o ABSOLUTE
    __Vectors                                0x08000000   Data           4  startup_stm32f10x_hd.o(RESET)
    __Vectors_End                            0x08000130   Data           0  startup_stm32f10x_hd.o(RESET)
    __main                                   0x08000131   Thumb Code     0  entry.o(.ARM.Collect$$$$00000000)
    _main_stk                                0x08000131   Thumb Code     0  entry2.o(.ARM.Collect$$$$00000001)
    _main_scatterload                        0x08000135   Thumb Code     0  entry5.o(.ARM.Collect$$$$00000004)
    __main_after_scatterload                 0x08000139   Thumb Code     0  entry5.o(.ARM.Collect$$$$00000004)
    _main_clock                              0x08000139   Thumb Code     0  entry7b.o(.ARM.Collect$$$$00000008)
    _main_cpp_init                           0x08000139   Thumb Code     0  entry8b.o(.ARM.Collect$$$$0000000A)
    _main_init                               0x08000139   Thumb Code     0  entry9a.o(.ARM.Collect$$$$0000000B)
    __rt_final_cpp                           0x08000141   Thumb Code     0  entry10a.o(.ARM.Collect$$$$0000000D)
    __rt_final_exit                          0x08000141   Thumb Code     0  entry11a.o(.ARM.Collect$$$$0000000F)
    Reset_Handler                            0x08000145   Thumb Code     8  startup_stm32f10x_hd.o(.text)
    ADC1_2_IRQHandler                        0x0800015f   Thumb Code     0  startup_stm32f10x_hd.o(.text)
    ADC3_IRQHandler                          0x0800015f   Thumb Code     0  startup_stm32f10x_hd.o(.text)
    CAN1_RX1_IRQHandler                      0x0800015f   Thumb Code     0  startup_stm32f10x_hd.o(.text)
    CAN1_SCE_IRQHandler                      0x0800015f   Thumb Code     0  startup_stm32f10x_hd.o(.text)
    DMA1_Channel1_IRQHandler                 0x0800015f   Thumb Code     0  startup_stm32f10x_hd.o(.text)
    DMA1_Channel2_IRQHandler                 0x0800015f   Thumb Code     0  startup_stm32f10x_hd.o(.text)
    DMA1_Channel3_IRQHandler                 0x0800015f   Thumb Code     0  startup_stm32f10x_hd.o(.text)
    DMA1_Channel4_IRQHandler                 0x0800015f   Thumb Code     0  startup_stm32f10x_hd.o(.text)
    DMA1_Channel5_IRQHandler                 0x0800015f   Thumb Code     0  startup_stm32f10x_hd.o(.text)
    DMA1_Channel6_IRQHandler                 0x0800015f   Thumb Code     0  startup_stm32f10x_hd.o(.text)
    DMA1_Channel7_IRQHandler                 0x0800015f   Thumb Code     0  startup_stm32f10x_hd.o(.text)
    DMA2_Channel1_IRQHandler                 0x0800015f   Thumb Code     0  startup_stm32f10x_hd.o(.text)
    DMA2_Channel2_IRQHandler                 0x0800015f   Thumb Code     0  startup_stm32f10x_hd.o(.text)
    DMA2_Channel3_IRQHandler                 0x0800015f   Thumb Code     0  startup_stm32f10x_hd.o(.text)
    DMA2_Channel4_5_IRQHandler               0x0800015f   Thumb Code     0  startup_stm32f10x_hd.o(.text)
    EXTI0_IRQHandler                         0x0800015f   Thumb Code     0  startup_stm32f10x_hd.o(.text)
    EXTI15_10_IRQHandler                     0x0800015f   Thumb Code     0  startup_stm32f10x_hd.o(.text)
    EXTI1_IRQHandler                         0x0800015f   Thumb Code     0  startup_stm32f10x_hd.o(.text)
    EXTI2_IRQHandler                         0x0800015f   Thumb Code     0  startup_stm32f10x_hd.o(.text)
    EXTI3_IRQHandler                         0x0800015f   Thumb Code     0  startup_stm32f10x_hd.o(.text)
    EXTI4_IRQHandler                         0x0800015f   Thumb Code     0  startup_stm32f10x_hd.o(.text)
    EXTI9_5_IRQHandler                       0x0800015f   Thumb Code     0  startup_stm32f10x_hd.o(.text)
    FLASH_IRQHandler                         0x0800015f   Thumb Code     0  startup_stm32f10x_hd.o(.text)
    FSMC_IRQHandler                          0x0800015f   Thumb Code     0  startup_stm32f10x_hd.o(.text)
    I2C1_ER_IRQHandler                       0x0800015f   Thumb Code     0  startup_stm32f10x_hd.o(.text)
    I2C1_EV_IRQHandler                       0x0800015f   Thumb Code     0  startup_stm32f10x_hd.o(.text)
    I2C2_ER_IRQHandler                       0x0800015f   Thumb Code     0  startup_stm32f10x_hd.o(.text)
    I2C2_EV_IRQHandler                       0x0800015f   Thumb Code     0  startup_stm32f10x_hd.o(.text)
    PVD_IRQHandler                           0x0800015f   Thumb Code     0  startup_stm32f10x_hd.o(.text)
    RCC_IRQHandler                           0x0800015f   Thumb Code     0  startup_stm32f10x_hd.o(.text)
    RTCAlarm_IRQHandler                      0x0800015f   Thumb Code     0  startup_stm32f10x_hd.o(.text)
    RTC_IRQHandler                           0x0800015f   Thumb Code     0  startup_stm32f10x_hd.o(.text)
    SDIO_IRQHandler                          0x0800015f   Thumb Code     0  startup_stm32f10x_hd.o(.text)
    SPI1_IRQHandler                          0x0800015f   Thumb Code     0  startup_stm32f10x_hd.o(.text)
    SPI2_IRQHandler                          0x0800015f   Thumb Code     0  startup_stm32f10x_hd.o(.text)
    SPI3_IRQHandler                          0x0800015f   Thumb Code     0  startup_stm32f10x_hd.o(.text)
    TAMPER_IRQHandler                        0x0800015f   Thumb Code     0  startup_stm32f10x_hd.o(.text)
    TIM1_BRK_IRQHandler                      0x0800015f   Thumb Code     0  startup_stm32f10x_hd.o(.text)
    TIM1_CC_IRQHandler                       0x0800015f   Thumb Code     0  startup_stm32f10x_hd.o(.text)
    TIM1_TRG_COM_IRQHandler                  0x0800015f   Thumb Code     0  startup_stm32f10x_hd.o(.text)
    TIM1_UP_IRQHandler                       0x0800015f   Thumb Code     0  startup_stm32f10x_hd.o(.text)
    TIM2_IRQHandler                          0x0800015f   Thumb Code     0  startup_stm32f10x_hd.o(.text)
    TIM3_IRQHandler                          0x0800015f   Thumb Code     0  startup_stm32f10x_hd.o(.text)
    TIM4_IRQHandler                          0x0800015f   Thumb Code     0  startup_stm32f10x_hd.o(.text)
    TIM5_IRQHandler                          0x0800015f   Thumb Code     0  startup_stm32f10x_hd.o(.text)
    TIM7_IRQHandler                          0x0800015f   Thumb Code     0  startup_stm32f10x_hd.o(.text)
    TIM8_BRK_IRQHandler                      0x0800015f   Thumb Code     0  startup_stm32f10x_hd.o(.text)
    TIM8_CC_IRQHandler                       0x0800015f   Thumb Code     0  startup_stm32f10x_hd.o(.text)
    TIM8_TRG_COM_IRQHandler                  0x0800015f   Thumb Code     0  startup_stm32f10x_hd.o(.text)
    TIM8_UP_IRQHandler                       0x0800015f   Thumb Code     0  startup_stm32f10x_hd.o(.text)
    UART5_IRQHandler                         0x0800015f   Thumb Code     0  startup_stm32f10x_hd.o(.text)
    USART2_IRQHandler                        0x0800015f   Thumb Code     0  startup_stm32f10x_hd.o(.text)
    USBWakeUp_IRQHandler                     0x0800015f   Thumb Code     0  startup_stm32f10x_hd.o(.text)
    USB_HP_CAN1_TX_IRQHandler                0x0800015f   Thumb Code     0  startup_stm32f10x_hd.o(.text)
    USB_LP_CAN1_RX0_IRQHandler               0x0800015f   Thumb Code     0  startup_stm32f10x_hd.o(.text)
    WWDG_IRQHandler                          0x0800015f   Thumb Code     0  startup_stm32f10x_hd.o(.text)
    __aeabi_fadd                             0x08000169   Thumb Code   164  fadd.o(.text)
    __aeabi_fsub                             0x0800020d   Thumb Code     6  fadd.o(.text)
    __aeabi_frsub                            0x08000213   Thumb Code     6  fadd.o(.text)
    __aeabi_fmul                             0x08000219   Thumb Code   100  fmul.o(.text)
    __aeabi_fdiv                             0x0800027d   Thumb Code   124  fdiv.o(.text)
    __aeabi_dadd                             0x080002f9   Thumb Code   322  dadd.o(.text)
    __aeabi_dsub                             0x0800043b   Thumb Code     6  dadd.o(.text)
    __aeabi_drsub                            0x08000441   Thumb Code     6  dadd.o(.text)
    __aeabi_dmul                             0x08000447   Thumb Code   228  dmul.o(.text)
    __aeabi_ddiv                             0x0800052b   Thumb Code   222  ddiv.o(.text)
    __aeabi_i2f                              0x08000609   Thumb Code    18  fflti.o(.text)
    __aeabi_i2d                              0x0800061b   Thumb Code    34  dflti.o(.text)
    __aeabi_f2iz                             0x0800063d   Thumb Code    50  ffixi.o(.text)
    __aeabi_d2iz                             0x0800066f   Thumb Code    62  dfixi.o(.text)
    __aeabi_f2d                              0x080006ad   Thumb Code    38  f2d.o(.text)
    __aeabi_cdcmpeq                          0x080006d5   Thumb Code     0  cdcmple.o(.text)
    __aeabi_cdcmple                          0x080006d5   Thumb Code    48  cdcmple.o(.text)
    __aeabi_cdrcmple                         0x08000705   Thumb Code    48  cdrcmple.o(.text)
    __aeabi_d2f                              0x08000735   Thumb Code    56  d2f.o(.text)
    __aeabi_cfcmpeq                          0x0800076d   Thumb Code     0  cfcmple.o(.text)
    __aeabi_cfcmple                          0x0800076d   Thumb Code    20  cfcmple.o(.text)
    __aeabi_cfrcmple                         0x08000781   Thumb Code    20  cfrcmple.o(.text)
    __aeabi_llsl                             0x08000795   Thumb Code    30  llshl.o(.text)
    _ll_shift_l                              0x08000795   Thumb Code     0  llshl.o(.text)
    __aeabi_llsr                             0x080007b3   Thumb Code    32  llushr.o(.text)
    _ll_ushift_r                             0x080007b3   Thumb Code     0  llushr.o(.text)
    __aeabi_lasr                             0x080007d3   Thumb Code    36  llsshr.o(.text)
    _ll_sshift_r                             0x080007d3   Thumb Code     0  llsshr.o(.text)
    __I$use$fp                               0x080007f7   Thumb Code     0  iusefp.o(.text)
    _float_round                             0x080007f7   Thumb Code    18  fepilogue.o(.text)
    _float_epilogue                          0x08000809   Thumb Code    92  fepilogue.o(.text)
    _double_round                            0x08000865   Thumb Code    30  depilogue.o(.text)
    _double_epilogue                         0x08000883   Thumb Code   156  depilogue.o(.text)
    _dsqrt                                   0x0800091f   Thumb Code   162  dsqrt.o(.text)
    __scatterload                            0x080009c1   Thumb Code    28  init.o(.text)
    __scatterload_rt2                        0x080009c1   Thumb Code     0  init.o(.text)
    __ARM_scalbn                             0x080009e5   Thumb Code    46  dscalb.o(.text)
    scalbn                                   0x080009e5   Thumb Code     0  dscalb.o(.text)
    __aeabi_ui2d                             0x08000a13   Thumb Code    26  dfltui.o(.text)
    BusFault_Handler                         0x08000a2d   Thumb Code     4  stm32f10x_it.o(i.BusFault_Handler)
    DebugMon_Handler                         0x08000a31   Thumb Code     2  stm32f10x_it.o(i.DebugMon_Handler)
    DecideMove                               0x08000a35   Thumb Code   354  control.o(i.DecideMove)
    Delay_10us                               0x08000bcd   Thumb Code    32  systick.o(i.Delay_10us)
    Encoder_Init                             0x08000bf1   Thumb Code   230  control.o(i.Encoder_Init)
    Encoder_Reset                            0x08000ce9   Thumb Code    18  control.o(i.Encoder_Reset)
    GPIO_Init                                0x08000d05   Thumb Code   278  stm32f10x_gpio.o(i.GPIO_Init)
    GPIO_ResetBits                           0x08000e1b   Thumb Code     4  stm32f10x_gpio.o(i.GPIO_ResetBits)
    GPIO_SetBits                             0x08000e1f   Thumb Code     4  stm32f10x_gpio.o(i.GPIO_SetBits)
    HardFault_Handler                        0x08000e23   Thumb Code     4  stm32f10x_it.o(i.HardFault_Handler)
    M_Init                                   0x08000e29   Thumb Code    46  motor.o(i.M_Init)
    MemManage_Handler                        0x08000e61   Thumb Code     4  stm32f10x_it.o(i.MemManage_Handler)
    MotorControl                             0x08000e65   Thumb Code    32  control.o(i.MotorControl)
    Motor_Speed_Control                      0x08000e85   Thumb Code   424  motor.o(i.Motor_Speed_Control)
    Move                                     0x08001045   Thumb Code    58  control.o(i.Move)
    NMI_Handler                              0x0800108d   Thumb Code     2  stm32f10x_it.o(i.NMI_Handler)
    NVIC_Config                              0x0800108f   Thumb Code   126  nvic.o(i.NVIC_Config)
    NVIC_Init                                0x0800110d   Thumb Code   100  misc.o(i.NVIC_Init)
    NVIC_PriorityGroupConfig                 0x0800117d   Thumb Code    10  misc.o(i.NVIC_PriorityGroupConfig)
    PIDcontrol                               0x08001191   Thumb Code   800  control.o(i.PIDcontrol)
    PendSV_Handler                           0x080014dd   Thumb Code     2  stm32f10x_it.o(i.PendSV_Handler)
    ProcessData                              0x080014e1   Thumb Code   220  jy61.o(i.ProcessData)
    RCC_APB1PeriphClockCmd                   0x080015e9   Thumb Code    26  stm32f10x_rcc.o(i.RCC_APB1PeriphClockCmd)
    RCC_APB2PeriphClockCmd                   0x08001609   Thumb Code    26  stm32f10x_rcc.o(i.RCC_APB2PeriphClockCmd)
    RCC_GetClocksFreq                        0x08001629   Thumb Code   192  stm32f10x_rcc.o(i.RCC_GetClocksFreq)
    SVC_Handler                              0x080016fd   Thumb Code     2  stm32f10x_it.o(i.SVC_Handler)
    SysTick_Handler                          0x080017e9   Thumb Code     8  stm32f10x_it.o(i.SysTick_Handler)
    SysTick_Init                             0x080017f1   Thumb Code   104  systick.o(i.SysTick_Init)
    SystemInit                               0x08001869   Thumb Code    78  system_stm32f10x.o(i.SystemInit)
    TIM6_IRQHandler                          0x08001b09   Thumb Code    62  stm32f10x_it.o(i.TIM6_IRQHandler)
    TIM6_Init                                0x08001b59   Thumb Code    56  control.o(i.TIM6_Init)
    TIM8_PWM_Init                            0x08001b95   Thumb Code   164  motor.o(i.TIM8_PWM_Init)
    TIM_ClearITPendingBit                    0x08001c41   Thumb Code     6  stm32f10x_tim.o(i.TIM_ClearITPendingBit)
    TIM_Cmd                                  0x08001c47   Thumb Code    24  stm32f10x_tim.o(i.TIM_Cmd)
    TIM_CtrlPWMOutputs                       0x08001c5f   Thumb Code    30  stm32f10x_tim.o(i.TIM_CtrlPWMOutputs)
    TIM_EncoderInterfaceConfig               0x08001c7d   Thumb Code    66  stm32f10x_tim.o(i.TIM_EncoderInterfaceConfig)
    TIM_GetITStatus                          0x08001cbf   Thumb Code    34  stm32f10x_tim.o(i.TIM_GetITStatus)
    TIM_ICInit                               0x08001ce1   Thumb Code   150  stm32f10x_tim.o(i.TIM_ICInit)
    TIM_ICStructInit                         0x08001d8d   Thumb Code    18  stm32f10x_tim.o(i.TIM_ICStructInit)
    TIM_ITConfig                             0x08001d9f   Thumb Code    18  stm32f10x_tim.o(i.TIM_ITConfig)
    TIM_OC1Init                              0x08001db1   Thumb Code   132  stm32f10x_tim.o(i.TIM_OC1Init)
    TIM_OC1PreloadConfig                     0x08001e49   Thumb Code    18  stm32f10x_tim.o(i.TIM_OC1PreloadConfig)
    TIM_OC2Init                              0x08001e5d   Thumb Code   154  stm32f10x_tim.o(i.TIM_OC2Init)
    TIM_OC2PreloadConfig                     0x08001f01   Thumb Code    26  stm32f10x_tim.o(i.TIM_OC2PreloadConfig)
    TIM_OC3Init                              0x08001f1d   Thumb Code   150  stm32f10x_tim.o(i.TIM_OC3Init)
    TIM_OC3PreloadConfig                     0x08001fbd   Thumb Code    18  stm32f10x_tim.o(i.TIM_OC3PreloadConfig)
    TIM_OC4Init                              0x08001fd1   Thumb Code   114  stm32f10x_tim.o(i.TIM_OC4Init)
    TIM_OC4PreloadConfig                     0x0800204d   Thumb Code    26  stm32f10x_tim.o(i.TIM_OC4PreloadConfig)
    TIM_SetIC1Prescaler                      0x08002067   Thumb Code    18  stm32f10x_tim.o(i.TIM_SetIC1Prescaler)
    TIM_SetIC2Prescaler                      0x08002079   Thumb Code    26  stm32f10x_tim.o(i.TIM_SetIC2Prescaler)
    TIM_SetIC3Prescaler                      0x08002093   Thumb Code    18  stm32f10x_tim.o(i.TIM_SetIC3Prescaler)
    TIM_SetIC4Prescaler                      0x080020a5   Thumb Code    26  stm32f10x_tim.o(i.TIM_SetIC4Prescaler)
    TIM_TimeBaseInit                         0x080020c1   Thumb Code   122  stm32f10x_tim.o(i.TIM_TimeBaseInit)
    TimingCnt_Decrement                      0x08002165   Thumb Code    18  systick.o(i.TimingCnt_Decrement)
    UART4_Config                             0x0800217d   Thumb Code   114  usart.o(i.UART4_Config)
    UART4_IRQHandler                         0x080021f9   Thumb Code   344  stm32f10x_it.o(i.UART4_IRQHandler)
    USART1_Config                            0x08002361   Thumb Code   114  usart.o(i.USART1_Config)
    USART1_IRQHandler                        0x080023dd   Thumb Code    60  stm32f10x_it.o(i.USART1_IRQHandler)
    USART3_Config                            0x08002425   Thumb Code   114  usart.o(i.USART3_Config)
    USART3_IRQHandler                        0x080024a1   Thumb Code    42  stm32f10x_it.o(i.USART3_IRQHandler)
    USART_ClearITPendingBit                  0x080024d1   Thumb Code    30  stm32f10x_usart.o(i.USART_ClearITPendingBit)
    USART_Cmd                                0x080024ef   Thumb Code    24  stm32f10x_usart.o(i.USART_Cmd)
    USART_GetFlagStatus                      0x08002507   Thumb Code    26  stm32f10x_usart.o(i.USART_GetFlagStatus)
    USART_GetITStatus                        0x08002521   Thumb Code    84  stm32f10x_usart.o(i.USART_GetITStatus)
    USART_ITConfig                           0x08002575   Thumb Code    74  stm32f10x_usart.o(i.USART_ITConfig)
    USART_Init                               0x080025c1   Thumb Code   210  stm32f10x_usart.o(i.USART_Init)
    USART_ReceiveData                        0x08002699   Thumb Code    10  stm32f10x_usart.o(i.USART_ReceiveData)
    USART_SendData                           0x080026a3   Thumb Code     8  stm32f10x_usart.o(i.USART_SendData)
    UsageFault_Handler                       0x080026ab   Thumb Code     4  stm32f10x_it.o(i.UsageFault_Handler)
    __ARM_fpclassify                         0x080026af   Thumb Code    40  fpclassify.o(i.__ARM_fpclassify)
    __ieee754_rem_pio2                       0x080026d9   Thumb Code   828  rred.o(i.__ieee754_rem_pio2)
    __kernel_cos                             0x08002a61   Thumb Code   230  cos_i.o(i.__kernel_cos)
    __kernel_poly                            0x08002b5d   Thumb Code   170  poly.o(i.__kernel_poly)
    __kernel_sin                             0x08002c09   Thumb Code   224  sin_i.o(i.__kernel_sin)
    __mathlib_dbl_infnan                     0x08002cf5   Thumb Code     6  dunder.o(i.__mathlib_dbl_infnan)
    __mathlib_dbl_infnan2                    0x08002cfb   Thumb Code     4  dunder.o(i.__mathlib_dbl_infnan2)
    __mathlib_dbl_invalid                    0x08002cff   Thumb Code    12  dunder.o(i.__mathlib_dbl_invalid)
    __mathlib_dbl_underflow                  0x08002d0d   Thumb Code    10  dunder.o(i.__mathlib_dbl_underflow)
    __scatterload_copy                       0x08002d1d   Thumb Code    14  handlers.o(i.__scatterload_copy)
    __scatterload_null                       0x08002d2b   Thumb Code     2  handlers.o(i.__scatterload_null)
    __scatterload_zeroinit                   0x08002d2d   Thumb Code    14  handlers.o(i.__scatterload_zeroinit)
    __set_errno                              0x08002d3d   Thumb Code     6  errno.o(i.__set_errno)
    addNewPoint                              0x08002d49   Thumb Code    76  control.o(i.addNewPoint)
    atan                                     0x08002da1   Thumb Code   474  atan.o(i.atan)
    atan2                                    0x08002fc1   Thumb Code   346  atan2.o(i.atan2)
    correctAngle                             0x08003141   Thumb Code    52  control.o(i.correctAngle)
    cos                                      0x08003181   Thumb Code   148  cos.o(i.cos)
    fputc                                    0x0800321d   Thumb Code    32  usart.o(i.fputc)
    getDistance                              0x08003241   Thumb Code    66  control.o(i.getDistance)
    main                                     0x08003285   Thumb Code   126  main.o(i.main)
    motorspeedread                           0x08003329   Thumb Code   106  control.o(i.motorspeedread)
    putc                                     0x080033ad   Thumb Code     4  putc.o(i.putc)
    puts                                     0x080033b1   Thumb Code    30  puts.o(i.puts)
    relaAngle                                0x080033d5   Thumb Code    86  control.o(i.relaAngle)
    setStrategy                              0x0800342d   Thumb Code   848  control.o(i.setStrategy)
    sin                                      0x080037ad   Thumb Code   150  sin.o(i.sin)
    sqrt                                     0x0800384d   Thumb Code    76  sqrt.o(i.sqrt)
    velocityConvert                          0x08003899   Thumb Code   552  control.o(i.velocityConvert)
    __mathlib_zero                           0x08003bb0   Data           8  qnan.o(.constdata)
    Region$$Table$$Base                      0x08003ca8   Number         0  anon$$obj.o(Region$$Table)
    Region$$Table$$Limit                     0x08003cc8   Number         0  anon$$obj.o(Region$$Table)
    TimingCnt                                0x20000000   Data           4  systick.o(.data)
    Rx1Counter                               0x20000004   Data           4  usart.o(.data)
    Rx2Counter                               0x20000008   Data           4  usart.o(.data)
    RxACounter                               0x2000000c   Data           4  usart.o(.data)
    GatePoint                                0x20000010   Data           4  control.o(.data)
    courseAngle                              0x20000014   Data           4  control.o(.data)
    currentIndex                             0x20000018   Data           2  control.o(.data)
    TargetPoint                              0x2000001a   Data           4  control.o(.data)
    TargetAngle                              0x20000020   Data           4  control.o(.data)
    VxbyDecision                             0x20000024   Data           4  control.o(.data)
    VybyDecision                             0x20000028   Data           4  control.o(.data)
    OmegabyDecision                          0x2000002c   Data           4  control.o(.data)
    Kp                                       0x20000030   Data           4  control.o(.data)
    Ki                                       0x20000034   Data           4  control.o(.data)
    Kd                                       0x20000038   Data           4  control.o(.data)
    Umax                                     0x2000003c   Data           4  control.o(.data)
    Umin                                     0x20000040   Data           4  control.o(.data)
    Error_Max                                0x20000044   Data           4  control.o(.data)
    moveState                                0x20000048   Data           1  control.o(.data)
    rotateStartIndex                         0x20000049   Data           1  control.o(.data)
    countNewPoint                            0x2000004a   Data           1  control.o(.data)
    stcTime                                  0x2000004c   Data           8  jy61.o(.data)
    stcAcc                                   0x20000054   Data           8  jy61.o(.data)
    stcGyro                                  0x2000005c   Data           8  jy61.o(.data)
    stcAngle                                 0x20000064   Data           8  jy61.o(.data)
    stcMag                                   0x2000006c   Data           8  jy61.o(.data)
    stcDStatus                               0x20000074   Data           8  jy61.o(.data)
    stcPress                                 0x2000007c   Data           8  jy61.o(.data)
    stcLonLat                                0x20000084   Data           8  jy61.o(.data)
    stcGPSV                                  0x2000008c   Data           8  jy61.o(.data)
    SystemCoreClock                          0x200000ac   Data           4  system_stm32f10x.o(.data)
    AHBPrescTable                            0x200000b0   Data          16  system_stm32f10x.o(.data)
    __stdout                                 0x200000c0   Data           4  stdout.o(.data)
    Rx1Buffer                                0x200000c8   Data         255  usart.o(.bss)
    Rx2Buffer                                0x200001c7   Data         255  usart.o(.bss)
    RxABuffer                                0x200002c6   Data         255  usart.o(.bss)
    ActualSpeed                              0x200003c8   Data          12  control.o(.bss)
    ExpectSpeed                              0x200003d4   Data          12  control.o(.bss)
    SelfPointArr                             0x200003e0   Data         400  control.o(.bss)
    BallPointArr                             0x20000570   Data         400  control.o(.bss)
    RivalPointArr                            0x20000700   Data         400  control.o(.bss)
    V0pid                                    0x20000890   Data          24  control.o(.bss)
    V1pid                                    0x200008a8   Data          24  control.o(.bss)
    V2pid                                    0x200008c0   Data          24  control.o(.bss)
    info                                     0x200008d8   Data          26  control.o(.bss)
    __initial_sp                             0x20000df0   Data           0  startup_stm32f10x_hd.o(STACK)



==============================================================================

Memory Map of the image

  Image Entry point : 0x08000131

  Load Region LR_IROM1 (Base: 0x08000000, Size: 0x00003d90, Max: 0x00040000, ABSOLUTE)

    Execution Region ER_IROM1 (Base: 0x08000000, Size: 0x00003cc8, Max: 0x00040000, ABSOLUTE)

    Base Addr    Size         Type   Attr      Idx    E Section Name        Object

    0x08000000   0x00000130   Data   RO         1879    RESET               startup_stm32f10x_hd.o
    0x08000130   0x00000000   Code   RO         1962  * .ARM.Collect$$$$00000000  mc_w.l(entry.o)
    0x08000130   0x00000004   Code   RO         2043    .ARM.Collect$$$$00000001  mc_w.l(entry2.o)
    0x08000134   0x00000004   Code   RO         2046    .ARM.Collect$$$$00000004  mc_w.l(entry5.o)
    0x08000138   0x00000000   Code   RO         2048    .ARM.Collect$$$$00000008  mc_w.l(entry7b.o)
    0x08000138   0x00000000   Code   RO         2050    .ARM.Collect$$$$0000000A  mc_w.l(entry8b.o)
    0x08000138   0x00000008   Code   RO         2051    .ARM.Collect$$$$0000000B  mc_w.l(entry9a.o)
    0x08000140   0x00000000   Code   RO         2053    .ARM.Collect$$$$0000000D  mc_w.l(entry10a.o)
    0x08000140   0x00000000   Code   RO         2055    .ARM.Collect$$$$0000000F  mc_w.l(entry11a.o)
    0x08000140   0x00000004   Code   RO         2044    .ARM.Collect$$$$00002712  mc_w.l(entry2.o)
    0x08000144   0x00000024   Code   RO         1880    .text               startup_stm32f10x_hd.o
    0x08000168   0x000000b0   Code   RO         1972    .text               mf_w.l(fadd.o)
    0x08000218   0x00000064   Code   RO         1974    .text               mf_w.l(fmul.o)
    0x0800027c   0x0000007c   Code   RO         1976    .text               mf_w.l(fdiv.o)
    0x080002f8   0x0000014e   Code   RO         1978    .text               mf_w.l(dadd.o)
    0x08000446   0x000000e4   Code   RO         1980    .text               mf_w.l(dmul.o)
    0x0800052a   0x000000de   Code   RO         1982    .text               mf_w.l(ddiv.o)
    0x08000608   0x00000012   Code   RO         1984    .text               mf_w.l(fflti.o)
    0x0800061a   0x00000022   Code   RO         1986    .text               mf_w.l(dflti.o)
    0x0800063c   0x00000032   Code   RO         1988    .text               mf_w.l(ffixi.o)
    0x0800066e   0x0000003e   Code   RO         1990    .text               mf_w.l(dfixi.o)
    0x080006ac   0x00000026   Code   RO         1992    .text               mf_w.l(f2d.o)
    0x080006d2   0x00000002   PAD
    0x080006d4   0x00000030   Code   RO         1994    .text               mf_w.l(cdcmple.o)
    0x08000704   0x00000030   Code   RO         1996    .text               mf_w.l(cdrcmple.o)
    0x08000734   0x00000038   Code   RO         1998    .text               mf_w.l(d2f.o)
    0x0800076c   0x00000014   Code   RO         2000    .text               mf_w.l(cfcmple.o)
    0x08000780   0x00000014   Code   RO         2002    .text               mf_w.l(cfrcmple.o)
    0x08000794   0x0000001e   Code   RO         2057    .text               mc_w.l(llshl.o)
    0x080007b2   0x00000020   Code   RO         2059    .text               mc_w.l(llushr.o)
    0x080007d2   0x00000024   Code   RO         2061    .text               mc_w.l(llsshr.o)
    0x080007f6   0x00000000   Code   RO         2070    .text               mc_w.l(iusefp.o)
    0x080007f6   0x0000006e   Code   RO         2071    .text               mf_w.l(fepilogue.o)
    0x08000864   0x000000ba   Code   RO         2073    .text               mf_w.l(depilogue.o)
    0x0800091e   0x000000a2   Code   RO         2075    .text               mf_w.l(dsqrt.o)
    0x080009c0   0x00000024   Code   RO         2081    .text               mc_w.l(init.o)
    0x080009e4   0x0000002e   Code   RO         2083    .text               mf_w.l(dscalb.o)
    0x08000a12   0x0000001a   Code   RO         2085    .text               mf_w.l(dfltui.o)
    0x08000a2c   0x00000004   Code   RO          119    i.BusFault_Handler  stm32f10x_it.o
    0x08000a30   0x00000002   Code   RO          120    i.DebugMon_Handler  stm32f10x_it.o
    0x08000a32   0x00000002   PAD
    0x08000a34   0x00000198   Code   RO          310    i.DecideMove        control.o
    0x08000bcc   0x00000024   Code   RO          218    i.Delay_10us        systick.o
    0x08000bf0   0x000000f8   Code   RO          311    i.Encoder_Init      control.o
    0x08000ce8   0x0000001c   Code   RO          313    i.Encoder_Reset     control.o
    0x08000d04   0x00000116   Code   RO          580    i.GPIO_Init         stm32f10x_gpio.o
    0x08000e1a   0x00000004   Code   RO          587    i.GPIO_ResetBits    stm32f10x_gpio.o
    0x08000e1e   0x00000004   Code   RO          588    i.GPIO_SetBits      stm32f10x_gpio.o
    0x08000e22   0x00000004   Code   RO          121    i.HardFault_Handler  stm32f10x_it.o
    0x08000e26   0x00000002   PAD
    0x08000e28   0x00000038   Code   RO          432    i.M_Init            motor.o
    0x08000e60   0x00000004   Code   RO          122    i.MemManage_Handler  stm32f10x_it.o
    0x08000e64   0x00000020   Code   RO          314    i.MotorControl      control.o
    0x08000e84   0x000001c0   Code   RO          433    i.Motor_Speed_Control  motor.o
    0x08001044   0x00000048   Code   RO          315    i.Move              control.o
    0x0800108c   0x00000002   Code   RO          123    i.NMI_Handler       stm32f10x_it.o
    0x0800108e   0x0000007e   Code   RO          468    i.NVIC_Config       nvic.o
    0x0800110c   0x00000070   Code   RO          526    i.NVIC_Init         misc.o
    0x0800117c   0x00000014   Code   RO          527    i.NVIC_PriorityGroupConfig  misc.o
    0x08001190   0x0000034c   Code   RO          316    i.PIDcontrol        control.o
    0x080014dc   0x00000002   Code   RO          124    i.PendSV_Handler    stm32f10x_it.o
    0x080014de   0x00000002   PAD
    0x080014e0   0x00000108   Code   RO          495    i.ProcessData       jy61.o
    0x080015e8   0x00000020   Code   RO          918    i.RCC_APB1PeriphClockCmd  stm32f10x_rcc.o
    0x08001608   0x00000020   Code   RO          920    i.RCC_APB2PeriphClockCmd  stm32f10x_rcc.o
    0x08001628   0x000000d4   Code   RO          928    i.RCC_GetClocksFreq  stm32f10x_rcc.o
    0x080016fc   0x00000002   Code   RO          125    i.SVC_Handler       stm32f10x_it.o
    0x080016fe   0x00000008   Code   RO         1887    i.SetSysClock       system_stm32f10x.o
    0x08001706   0x00000002   PAD
    0x08001708   0x000000e0   Code   RO         1888    i.SetSysClockTo72   system_stm32f10x.o
    0x080017e8   0x00000008   Code   RO          126    i.SysTick_Handler   stm32f10x_it.o
    0x080017f0   0x00000078   Code   RO          219    i.SysTick_Init      systick.o
    0x08001868   0x00000060   Code   RO         1890    i.SystemInit        system_stm32f10x.o
    0x080018c8   0x00000080   Code   RO         1128    i.TI1_Config        stm32f10x_tim.o
    0x08001948   0x00000098   Code   RO         1129    i.TI2_Config        stm32f10x_tim.o
    0x080019e0   0x00000090   Code   RO         1130    i.TI3_Config        stm32f10x_tim.o
    0x08001a70   0x00000098   Code   RO         1131    i.TI4_Config        stm32f10x_tim.o
    0x08001b08   0x00000050   Code   RO          127    i.TIM6_IRQHandler   stm32f10x_it.o
    0x08001b58   0x0000003c   Code   RO          318    i.TIM6_Init         control.o
    0x08001b94   0x000000ac   Code   RO          434    i.TIM8_PWM_Init     motor.o
    0x08001c40   0x00000006   Code   RO         1139    i.TIM_ClearITPendingBit  stm32f10x_tim.o
    0x08001c46   0x00000018   Code   RO         1144    i.TIM_Cmd           stm32f10x_tim.o
    0x08001c5e   0x0000001e   Code   RO         1146    i.TIM_CtrlPWMOutputs  stm32f10x_tim.o
    0x08001c7c   0x00000042   Code   RO         1153    i.TIM_EncoderInterfaceConfig  stm32f10x_tim.o
    0x08001cbe   0x00000022   Code   RO         1165    i.TIM_GetITStatus   stm32f10x_tim.o
    0x08001ce0   0x000000ac   Code   RO         1167    i.TIM_ICInit        stm32f10x_tim.o
    0x08001d8c   0x00000012   Code   RO         1168    i.TIM_ICStructInit  stm32f10x_tim.o
    0x08001d9e   0x00000012   Code   RO         1169    i.TIM_ITConfig      stm32f10x_tim.o
    0x08001db0   0x00000098   Code   RO         1173    i.TIM_OC1Init       stm32f10x_tim.o
    0x08001e48   0x00000012   Code   RO         1176    i.TIM_OC1PreloadConfig  stm32f10x_tim.o
    0x08001e5a   0x00000002   PAD
    0x08001e5c   0x000000a4   Code   RO         1178    i.TIM_OC2Init       stm32f10x_tim.o
    0x08001f00   0x0000001a   Code   RO         1181    i.TIM_OC2PreloadConfig  stm32f10x_tim.o
    0x08001f1a   0x00000002   PAD
    0x08001f1c   0x000000a0   Code   RO         1183    i.TIM_OC3Init       stm32f10x_tim.o
    0x08001fbc   0x00000012   Code   RO         1186    i.TIM_OC3PreloadConfig  stm32f10x_tim.o
    0x08001fce   0x00000002   PAD
    0x08001fd0   0x0000007c   Code   RO         1188    i.TIM_OC4Init       stm32f10x_tim.o
    0x0800204c   0x0000001a   Code   RO         1190    i.TIM_OC4PreloadConfig  stm32f10x_tim.o
    0x08002066   0x00000012   Code   RO         1210    i.TIM_SetIC1Prescaler  stm32f10x_tim.o
    0x08002078   0x0000001a   Code   RO         1211    i.TIM_SetIC2Prescaler  stm32f10x_tim.o
    0x08002092   0x00000012   Code   RO         1212    i.TIM_SetIC3Prescaler  stm32f10x_tim.o
    0x080020a4   0x0000001a   Code   RO         1213    i.TIM_SetIC4Prescaler  stm32f10x_tim.o
    0x080020be   0x00000002   PAD
    0x080020c0   0x000000a4   Code   RO         1215    i.TIM_TimeBaseInit  stm32f10x_tim.o
    0x08002164   0x00000018   Code   RO          220    i.TimingCnt_Decrement  systick.o
    0x0800217c   0x0000007c   Code   RO          261    i.UART4_Config      usart.o
    0x080021f8   0x00000168   Code   RO          128    i.UART4_IRQHandler  stm32f10x_it.o
    0x08002360   0x0000007c   Code   RO          262    i.USART1_Config     usart.o
    0x080023dc   0x00000048   Code   RO          129    i.USART1_IRQHandler  stm32f10x_it.o
    0x08002424   0x0000007c   Code   RO          263    i.USART3_Config     usart.o
    0x080024a0   0x00000030   Code   RO          130    i.USART3_IRQHandler  stm32f10x_it.o
    0x080024d0   0x0000001e   Code   RO         1689    i.USART_ClearITPendingBit  stm32f10x_usart.o
    0x080024ee   0x00000018   Code   RO         1692    i.USART_Cmd         stm32f10x_usart.o
    0x08002506   0x0000001a   Code   RO         1695    i.USART_GetFlagStatus  stm32f10x_usart.o
    0x08002520   0x00000054   Code   RO         1696    i.USART_GetITStatus  stm32f10x_usart.o
    0x08002574   0x0000004a   Code   RO         1698    i.USART_ITConfig    stm32f10x_usart.o
    0x080025be   0x00000002   PAD
    0x080025c0   0x000000d8   Code   RO         1699    i.USART_Init        stm32f10x_usart.o
    0x08002698   0x0000000a   Code   RO         1706    i.USART_ReceiveData  stm32f10x_usart.o
    0x080026a2   0x00000008   Code   RO         1709    i.USART_SendData    stm32f10x_usart.o
    0x080026aa   0x00000004   Code   RO          131    i.UsageFault_Handler  stm32f10x_it.o
    0x080026ae   0x00000028   Code   RO         2077    i.__ARM_fpclassify  m_ws.l(fpclassify.o)
    0x080026d6   0x00000002   PAD
    0x080026d8   0x00000388   Code   RO         2032    i.__ieee754_rem_pio2  m_ws.l(rred.o)
    0x08002a60   0x000000fc   Code   RO         2014    i.__kernel_cos      m_ws.l(cos_i.o)
    0x08002b5c   0x000000aa   Code   RO         2079    i.__kernel_poly     m_ws.l(poly.o)
    0x08002c06   0x00000002   PAD
    0x08002c08   0x000000ec   Code   RO         2037    i.__kernel_sin      m_ws.l(sin_i.o)
    0x08002cf4   0x00000006   Code   RO         2018    i.__mathlib_dbl_infnan  m_ws.l(dunder.o)
    0x08002cfa   0x00000004   Code   RO         2019    i.__mathlib_dbl_infnan2  m_ws.l(dunder.o)
    0x08002cfe   0x0000000c   Code   RO         2020    i.__mathlib_dbl_invalid  m_ws.l(dunder.o)
    0x08002d0a   0x00000002   PAD
    0x08002d0c   0x00000010   Code   RO         2023    i.__mathlib_dbl_underflow  m_ws.l(dunder.o)
    0x08002d1c   0x0000000e   Code   RO         2089    i.__scatterload_copy  mc_w.l(handlers.o)
    0x08002d2a   0x00000002   Code   RO         2090    i.__scatterload_null  mc_w.l(handlers.o)
    0x08002d2c   0x0000000e   Code   RO         2091    i.__scatterload_zeroinit  mc_w.l(handlers.o)
    0x08002d3a   0x00000002   PAD
    0x08002d3c   0x0000000c   Code   RO         2065    i.__set_errno       mc_w.l(errno.o)
    0x08002d48   0x00000058   Code   RO          319    i.addNewPoint       control.o
    0x08002da0   0x00000220   Code   RO         2005    i.atan              m_ws.l(atan.o)
    0x08002fc0   0x00000180   Code   RO         1931    i.atan2             m_ws.l(atan2.o)
    0x08003140   0x00000040   Code   RO          320    i.correctAngle      control.o
    0x08003180   0x0000009c   Code   RO         1939    i.cos               m_ws.l(cos.o)
    0x0800321c   0x00000024   Code   RO          264    i.fputc             usart.o
    0x08003240   0x00000042   Code   RO          321    i.getDistance       control.o
    0x08003282   0x00000002   PAD
    0x08003284   0x000000a4   Code   RO            4    i.main              main.o
    0x08003328   0x00000084   Code   RO          322    i.motorspeedread    control.o
    0x080033ac   0x00000004   Code   RO         1967    i.putc              mc_w.l(putc.o)
    0x080033b0   0x00000024   Code   RO         1965    i.puts              mc_w.l(puts.o)
    0x080033d4   0x00000056   Code   RO          323    i.relaAngle         control.o
    0x0800342a   0x00000002   PAD
    0x0800342c   0x00000380   Code   RO          324    i.setStrategy       control.o
    0x080037ac   0x000000a0   Code   RO         1947    i.sin               m_ws.l(sin.o)
    0x0800384c   0x0000004c   Code   RO         1955    i.sqrt              m_ws.l(sqrt.o)
    0x08003898   0x0000024c   Code   RO          325    i.velocityConvert   control.o
    0x08003ae4   0x00000004   PAD
    0x08003ae8   0x00000098   Data   RO         2006    .constdata          m_ws.l(atan.o)
    0x08003b80   0x00000030   Data   RO         2015    .constdata          m_ws.l(cos_i.o)
    0x08003bb0   0x00000008   Data   RO         2031    .constdata          m_ws.l(qnan.o)
    0x08003bb8   0x000000c8   Data   RO         2034    .constdata          m_ws.l(rred.o)
    0x08003c80   0x00000028   Data   RO         2038    .constdata          m_ws.l(sin_i.o)
    0x08003ca8   0x00000020   Data   RO         2087    Region$$Table       anon$$obj.o


    Execution Region RW_IRAM1 (Base: 0x20000000, Size: 0x00000df0, Max: 0x0000c000, ABSOLUTE)

    Base Addr    Size         Type   Attr      Idx    E Section Name        Object

    0x20000000   0x00000004   Data   RW          221    .data               systick.o
    0x20000004   0x0000000c   Data   RW          266    .data               usart.o
    0x20000010   0x0000003b   Data   RW          327    .data               control.o
    0x2000004b   0x00000001   PAD
    0x2000004c   0x00000049   Data   RW          497    .data               jy61.o
    0x20000095   0x00000014   Data   RW          948    .data               stm32f10x_rcc.o
    0x200000a9   0x00000003   PAD
    0x200000ac   0x00000014   Data   RW         1891    .data               system_stm32f10x.o
    0x200000c0   0x00000004   Data   RW         1971    .data               mc_w.l(stdout.o)
    0x200000c4   0x00000004   Data   RW         2066    .data               mc_w.l(errno.o)
    0x200000c8   0x000002fd   Zero   RW          265    .bss                usart.o
    0x200003c5   0x00000003   PAD
    0x200003c8   0x0000052a   Zero   RW          326    .bss                control.o
    0x200008f2   0x000000fa   Zero   RW          496    .bss                jy61.o
    0x200009ec   0x00000004   PAD
    0x200009f0   0x00000400   Zero   RW         1877    STACK               startup_stm32f10x_hd.o


==============================================================================

Image component sizes


      Code (inc. data)   RO Data    RW Data    ZI Data      Debug   Object Name

      3612        278          0         59       1322      10021   control.o
       264         54          0         73        250       2677   jy61.o
       164         38          0          0          0     255079   main.o
       132         22          0          0          0       1667   misc.o
       676         42          0          0          0       1731   motor.o
       126          0          0          0          0        482   nvic.o
        36          8        304          0       1024        780   startup_stm32f10x_hd.o
       286          0          0          0          0       3192   stm32f10x_gpio.o
       592         52          0          0          0       5335   stm32f10x_it.o
       276         32          0         20          0       4582   stm32f10x_rcc.o
      1884        200          0          0          0      17408   stm32f10x_tim.o
       472          6          0          0          0       7103   stm32f10x_usart.o
       328         28          0         20          0       2101   system_stm32f10x.o
       180         26          0          4          0      23745   systick.o
       408         34          0         12        765       2692   usart.o

    ----------------------------------------------------------------------
      9462        824        336        192       3368     338595   Object Totals
         0          0         32          0          0          0   (incl. Generated)
        26          4          0          4          7          0   (incl. Padding)

    ----------------------------------------------------------------------

      Code (inc. data)   RO Data    RW Data    ZI Data      Debug   Library Member Name

       544         70        152          0          0        124   atan.o
       384         38          0          0          0        144   atan2.o
       156          8          0          0          0        104   cos.o
       252         22         48          0          0        124   cos_i.o
        38          6          0          0          0        272   dunder.o
        40          0          0          0          0         68   fpclassify.o
       170          0          0          0          0         96   poly.o
         0          0          8          0          0          0   qnan.o
       904         76        200          0          0        140   rred.o
       160         10          0          0          0        108   sin.o
       236         12         40          0          0        128   sin_i.o
        76          0          0          0          0         84   sqrt.o
         0          0          0          0          0          0   entry.o
         0          0          0          0          0          0   entry10a.o
         0          0          0          0          0          0   entry11a.o
         8          4          0          0          0          0   entry2.o
         4          0          0          0          0          0   entry5.o
         0          0          0          0          0          0   entry7b.o
         0          0          0          0          0          0   entry8b.o
         8          4          0          0          0          0   entry9a.o
        12          6          0          4          0         68   errno.o
        30          0          0          0          0          0   handlers.o
        36          8          0          0          0         68   init.o
         0          0          0          0          0          0   iusefp.o
        30          0          0          0          0         68   llshl.o
        36          0          0          0          0         68   llsshr.o
        32          0          0          0          0         68   llushr.o
         4          0          0          0          0         68   putc.o
        36          6          0          0          0         80   puts.o
         0          0          0          4          0          0   stdout.o
        48          0          0          0          0         68   cdcmple.o
        48          0          0          0          0         68   cdrcmple.o
        20          0          0          0          0         68   cfcmple.o
        20          0          0          0          0         68   cfrcmple.o
        56          0          0          0          0         88   d2f.o
       334          0          0          0          0        148   dadd.o
       222          0          0          0          0        100   ddiv.o
       186          0          0          0          0        176   depilogue.o
        62          0          0          0          0         80   dfixi.o
        34          0          0          0          0         76   dflti.o
        26          0          0          0          0         76   dfltui.o
       228          0          0          0          0         96   dmul.o
        46          0          0          0          0         80   dscalb.o
       162          0          0          0          0        100   dsqrt.o
        38          0          0          0          0         68   f2d.o
       176          0          0          0          0        140   fadd.o
       124          0          0          0          0         88   fdiv.o
       110          0          0          0          0        168   fepilogue.o
        50          0          0          0          0         68   ffixi.o
        18          0          0          0          0         68   fflti.o
       100          0          0          0          0         76   fmul.o

    ----------------------------------------------------------------------
      5314        270        448          8          0       3848   Library Totals
        10          0          0          0          0          0   (incl. Padding)

    ----------------------------------------------------------------------

      Code (inc. data)   RO Data    RW Data    ZI Data      Debug   Library Name

      2960        242        448          0          0       1392   m_ws.l
       236         28          0          8          0        488   mc_w.l
      2108          0          0          0          0       1968   mf_w.l

    ----------------------------------------------------------------------
      5314        270        448          8          0       3848   Library Totals

    ----------------------------------------------------------------------

==============================================================================


      Code (inc. data)   RO Data    RW Data    ZI Data      Debug   

     14776       1094        784        200       3368     336355   Grand Totals
     14776       1094        784        200       3368     336355   ELF Image Totals
     14776       1094        784        200          0          0   ROM Totals

==============================================================================

    Total RO  Size (Code + RO Data)                15560 (  15.20kB)
    Total RW  Size (RW Data + ZI Data)              3568 (   3.48kB)
    Total ROM Size (Code + RO Data + RW Data)      15760 (  15.39kB)

==============================================================================

